******************************************************************************
             TMS320C2000 Linker PC v18.1.2                     
******************************************************************************
>> Linked Tue Feb 28 22:18:19 2023

OUTPUT FILE NAME:   <Clock2019.out>
ENTRY POINT SYMBOL: "_c_int00"  address: 003f63fd


MEMORY CONFIGURATION

         name            origin    length      used     unused   attr    fill
----------------------  --------  ---------  --------  --------  ----  --------
PAGE 0:
  PRAML0                00008000   00000800  00000004  000007fc  RWIX
  OTP                   003d7800   00000400  00000000  00000400  RWIX
  FLASHD                003f0000   00002000  00000000  00002000  RWIX
  FLASHC                003f2000   00002000  00000000  00002000  RWIX
  FLASHA                003f6000   00001f80  0000068f  000018f1  RWIX
  CSM_RSVD              003f7f80   00000076  00000000  00000076  RWIX
  BEGIN                 003f7ff6   00000002  00000002  00000000  RWIX
  CSM_PWL_P0            003f7ff8   00000008  00000000  00000008  RWIX
  IQTABLES              003fe000   00000b50  00000000  00000b50  RWIX
  IQTABLES2             003feb50   0000008c  00000000  0000008c  RWIX
  IQTABLES3             003febdc   000000aa  00000000  000000aa  RWIX
  ROM                   003ff27c   00000d44  00000000  00000d44  RWIX
  RESET                 003fffc0   00000002  00000000  00000002  RWIX
  VECTORS               003fffc2   0000003e  00000000  0000003e  RWIX

PAGE 1:
  BOOT_RSVD             00000000   00000050  00000000  00000050  RWIX
  RAMM0                 00000050   000003b0  00000300  000000b0  RWIX
  RAMM1                 00000400   00000400  00000000  00000400  RWIX
  DEV_EMU               00000880   00000105  00000004  00000101  RWIX
  SYS_PWR_CTL           00000985   00000003  00000003  00000000  RWIX
  FLASH_REGS            00000a80   00000060  00000008  00000058  RWIX
  CSM                   00000ae0   00000010  00000010  00000000  RWIX
  ADC_RESULT            00000b00   00000020  00000020  00000000  RWIX
  CPU_TIMER0            00000c00   00000008  00000008  00000000  RWIX
  CPU_TIMER1            00000c08   00000008  00000008  00000000  RWIX
  CPU_TIMER2            00000c10   00000008  00000008  00000000  RWIX
  PIE_CTRL              00000ce0   00000020  0000001a  00000006  RWIX
  PIE_VECT              00000d00   00000100  00000100  00000000  RWIX
  COMP1                 00006400   00000020  00000011  0000000f  RWIX
  COMP2                 00006420   00000020  00000011  0000000f  RWIX
  EPWM1                 00006800   00000040  0000003a  00000006  RWIX
  EPWM2                 00006840   00000040  0000003a  00000006  RWIX
  EPWM3                 00006880   00000040  0000003a  00000006  RWIX
  EPWM4                 000068c0   00000040  0000003a  00000006  RWIX
  ECAP1                 00006a00   00000020  00000020  00000000  RWIX
  GPIOCTRL              00006f80   00000040  00000040  00000000  RWIX
  GPIODAT               00006fc0   00000020  00000020  00000000  RWIX
  GPIOINT               00006fe0   00000020  0000000a  00000016  RWIX
  SYSTEM                00007010   00000020  0000001f  00000001  RWIX
  SPIA                  00007040   00000010  00000010  00000000  RWIX
  SCIA                  00007050   00000010  00000010  00000000  RWIX
  NMIINTRUPT            00007060   00000010  00000010  00000000  RWIX
  XINTRUPT              00007070   00000010  00000010  00000000  RWIX
  ADC                   00007100   00000080  00000050  00000030  RWIX
  I2CA                  00007900   00000040  00000022  0000001e  RWIX
  DRAML0                00008800   00000800  00000022  000007de  RWIX
  PARTID                003d7fff   00000001  00000001  00000000  RWIX
  FLASHB                003f4000   00002000  00000000  00002000  RWIX
  CSM_PWL               003f7ff8   00000008  00000008  00000000  RWIX


SECTION ALLOCATION MAP

 output                                  attributes/
section   page    origin      length       input sections
--------  ----  ----------  ----------   ----------------
.cinit     0    003f6675    0000001a     
                  003f6675    0000000e     rts2800_ml.lib : exit.c.obj (.cinit)
                  003f6683    00000005                    : _lock.c.obj (.cinit:__lock)
                  003f6688    00000005                    : _lock.c.obj (.cinit:__unlock)
                  003f668d    00000002     --HOLE-- [fill = 0]

.pinit     0    003f6000    00000000     UNINITIALIZED

.text      0    003f6000    00000566     
                  003f6000    0000014c     DSP2802x_SysCtrl.obj (.text)
                  003f614c    000000ff     DSP2802x_DefaultIsr.obj (.text:retain)
                  003f624b    00000087     LED_TM1638.obj (.text)
                  003f62d2    0000006e     main.obj (.text)
                  003f6340    00000063     DSP2802x_CpuTimers.obj (.text)
                  003f63a3    0000005a     rts2800_ml.lib : fs_mpy28.asm.obj (.text)
                  003f63fd    00000054                    : boot28.asm.obj (.text)
                  003f6451    00000029                    : exit.c.obj (.text)
                  003f647a    00000029                    : fs_tol28.asm.obj (.text)
                  003f64a3    00000028     DSP2802x_PieCtrl.obj (.text)
                  003f64cb    00000024     rts2800_ml.lib : cpy_tbl.c.obj (.text)
                  003f64ef    0000001d                    : memcpy.c.obj (.text)
                  003f650c    00000019                    : args_main.c.obj (.text)
                  003f6525    00000012     main.obj (.text:retain)
                  003f6537    00000011     DSP2802x_PieVect.obj (.text)
                  003f6548    00000009     rts2800_ml.lib : _lock.c.obj (.text)
                  003f6551    00000008     DSP2802x_CodeStartBranch.obj (.text)
                  003f6559    00000007     DSP2802x_DisInt.obj (.text)
                  003f6560    00000003     DSP2802x_DBGIER.obj (.text)
                  003f6563    00000002     rts2800_ml.lib : pre_init.c.obj (.text)
                  003f6565    00000001                    : startup.c.obj (.text)

ramfuncs   0    003f6566    00000004     RUN ADDR = 00008000
                  003f6566    00000004     DSP2802x_usDelay.obj (ramfuncs)

codestart 
*          0    003f7ff6    00000002     
                  003f7ff6    00000002     DSP2802x_CodeStartBranch.obj (codestart)

.stack     1    00000050    00000300     UNINITIALIZED
                  00000050    00000300     --HOLE--

.ebss      1    00008800    00000022     UNINITIALIZED
                  00008800    00000018     DSP2802x_CpuTimers.obj (.ebss)
                  00008818    00000006     rts2800_ml.lib : exit.c.obj (.ebss)
                  0000881e    00000002                    : _lock.c.obj (.ebss:__lock)
                  00008820    00000002                    : _lock.c.obj (.ebss:__unlock)

.econst    0    003f656a    0000010b     
                  003f656a    00000100     DSP2802x_PieVect.obj (.econst:_PieVectTableInit)
                  003f666a    0000000b     LED_TM1638.obj (.econst:.string:_codetable)

.reset     0    003fffc0    00000002     DSECT
                  003fffc0    00000002     rts2800_ml.lib : boot28.asm.obj (.reset)

vectors    0    003fffc2    00000000     DSECT

DevEmuRegsFile 
*          1    00000880    00000004     UNINITIALIZED
                  00000880    00000004     DSP2802x_GlobalVariableDefs.obj (DevEmuRegsFile)

SysPwrCtrlRegsFile 
*          1    00000985    00000003     UNINITIALIZED
                  00000985    00000003     DSP2802x_GlobalVariableDefs.obj (SysPwrCtrlRegsFile)

FlashRegsFile 
*          1    00000a80    00000008     UNINITIALIZED
                  00000a80    00000008     DSP2802x_GlobalVariableDefs.obj (FlashRegsFile)

CsmRegsFile 
*          1    00000ae0    00000010     UNINITIALIZED
                  00000ae0    00000010     DSP2802x_GlobalVariableDefs.obj (CsmRegsFile)

AdcResultFile 
*          1    00000b00    00000020     UNINITIALIZED
                  00000b00    00000020     DSP2802x_GlobalVariableDefs.obj (AdcResultFile)

CpuTimer0RegsFile 
*          1    00000c00    00000008     UNINITIALIZED
                  00000c00    00000008     DSP2802x_GlobalVariableDefs.obj (CpuTimer0RegsFile)

CpuTimer1RegsFile 
*          1    00000c08    00000008     UNINITIALIZED
                  00000c08    00000008     DSP2802x_GlobalVariableDefs.obj (CpuTimer1RegsFile)

CpuTimer2RegsFile 
*          1    00000c10    00000008     UNINITIALIZED
                  00000c10    00000008     DSP2802x_GlobalVariableDefs.obj (CpuTimer2RegsFile)

PieCtrlRegsFile 
*          1    00000ce0    0000001a     UNINITIALIZED
                  00000ce0    0000001a     DSP2802x_GlobalVariableDefs.obj (PieCtrlRegsFile)

PieVectTableFile 
*          1    00000d00    00000100     UNINITIALIZED
                  00000d00    00000100     DSP2802x_GlobalVariableDefs.obj (PieVectTableFile)

EmuKeyVar 
*          1    00000d00    00000001     UNINITIALIZED
                  00000d00    00000001     DSP2802x_GlobalVariableDefs.obj (EmuKeyVar)

EmuBModeVar 
*          1    00000d01    00000001     UNINITIALIZED
                  00000d01    00000001     DSP2802x_GlobalVariableDefs.obj (EmuBModeVar)

FlashCallbackVar 
*          1    00000d02    00000002     UNINITIALIZED
                  00000d02    00000002     DSP2802x_GlobalVariableDefs.obj (FlashCallbackVar)

FlashScalingVar 
*          1    00000d04    00000002     UNINITIALIZED
                  00000d04    00000002     DSP2802x_GlobalVariableDefs.obj (FlashScalingVar)

Comp1RegsFile 
*          1    00006400    00000011     UNINITIALIZED
                  00006400    00000011     DSP2802x_GlobalVariableDefs.obj (Comp1RegsFile)

Comp2RegsFile 
*          1    00006420    00000011     UNINITIALIZED
                  00006420    00000011     DSP2802x_GlobalVariableDefs.obj (Comp2RegsFile)

EPwm1RegsFile 
*          1    00006800    0000003a     UNINITIALIZED
                  00006800    0000003a     DSP2802x_GlobalVariableDefs.obj (EPwm1RegsFile)

EPwm2RegsFile 
*          1    00006840    0000003a     UNINITIALIZED
                  00006840    0000003a     DSP2802x_GlobalVariableDefs.obj (EPwm2RegsFile)

EPwm3RegsFile 
*          1    00006880    0000003a     UNINITIALIZED
                  00006880    0000003a     DSP2802x_GlobalVariableDefs.obj (EPwm3RegsFile)

EPwm4RegsFile 
*          1    000068c0    0000003a     UNINITIALIZED
                  000068c0    0000003a     DSP2802x_GlobalVariableDefs.obj (EPwm4RegsFile)

ECap1RegsFile 
*          1    00006a00    00000020     UNINITIALIZED
                  00006a00    00000020     DSP2802x_GlobalVariableDefs.obj (ECap1RegsFile)

GpioCtrlRegsFile 
*          1    00006f80    00000040     UNINITIALIZED
                  00006f80    00000040     DSP2802x_GlobalVariableDefs.obj (GpioCtrlRegsFile)

GpioDataRegsFile 
*          1    00006fc0    00000020     UNINITIALIZED
                  00006fc0    00000020     DSP2802x_GlobalVariableDefs.obj (GpioDataRegsFile)

GpioIntRegsFile 
*          1    00006fe0    0000000a     UNINITIALIZED
                  00006fe0    0000000a     DSP2802x_GlobalVariableDefs.obj (GpioIntRegsFile)

SysCtrlRegsFile 
*          1    00007010    0000001f     UNINITIALIZED
                  00007010    0000001f     DSP2802x_GlobalVariableDefs.obj (SysCtrlRegsFile)

SpiaRegsFile 
*          1    00007040    00000010     UNINITIALIZED
                  00007040    00000010     DSP2802x_GlobalVariableDefs.obj (SpiaRegsFile)

SciaRegsFile 
*          1    00007050    00000010     UNINITIALIZED
                  00007050    00000010     DSP2802x_GlobalVariableDefs.obj (SciaRegsFile)

NmiIntruptRegsFile 
*          1    00007060    00000010     UNINITIALIZED
                  00007060    00000010     DSP2802x_GlobalVariableDefs.obj (NmiIntruptRegsFile)

XIntruptRegsFile 
*          1    00007070    00000010     UNINITIALIZED
                  00007070    00000010     DSP2802x_GlobalVariableDefs.obj (XIntruptRegsFile)

AdcRegsFile 
*          1    00007100    00000050     UNINITIALIZED
                  00007100    00000050     DSP2802x_GlobalVariableDefs.obj (AdcRegsFile)

I2caRegsFile 
*          1    00007900    00000022     UNINITIALIZED
                  00007900    00000022     DSP2802x_GlobalVariableDefs.obj (I2caRegsFile)

PartIdRegsFile 
*          1    003d7fff    00000001     UNINITIALIZED
                  003d7fff    00000001     DSP2802x_GlobalVariableDefs.obj (PartIdRegsFile)

CsmPwlFile 
*          1    003f7ff8    00000008     UNINITIALIZED
                  003f7ff8    00000008     DSP2802x_GlobalVariableDefs.obj (CsmPwlFile)

MODULE SUMMARY

       Module                            code   initialized data   uninitialized data
       ------                            ----   ----------------   ------------------
    .\
       DSP2802x_GlobalVariableDefs.obj   0      0                  997               
       LED_TM1638.obj                    135    11                 0                 
       main.obj                          128    0                  0                 
    +--+---------------------------------+------+------------------+--------------------+
       Total:                            263    11                 997               
                                                                                     
    .\source\
       DSP2802x_SysCtrl.obj              332    0                  0                 
       DSP2802x_PieVect.obj              17     256                0                 
       DSP2802x_DefaultIsr.obj           255    0                  0                 
       DSP2802x_CpuTimers.obj            99     0                  24                
       DSP2802x_PieCtrl.obj              40     0                  0                 
       DSP2802x_CodeStartBranch.obj      10     0                  0                 
       DSP2802x_usDelay.obj              8      0                  0                 
       DSP2802x_DisInt.obj               7      0                  0                 
       DSP2802x_DBGIER.obj               3      0                  0                 
    +--+---------------------------------+------+------------------+--------------------+
       Total:                            771    256                24                
                                                                                     
    C:\ti\ccs810\ccsv8\tools\compiler\ti-cgt-c2000_18.1.2.LTS\lib\rts2800_ml.lib
       fs_mpy28.asm.obj                  90     0                  0                 
       boot28.asm.obj                    84     0                  0                 
       exit.c.obj                        41     14                 6                 
       fs_tol28.asm.obj                  41     0                  0                 
       cpy_tbl.c.obj                     36     0                  0                 
       memcpy.c.obj                      29     0                  0                 
       args_main.c.obj                   25     0                  0                 
       _lock.c.obj                       9      10                 4                 
       pre_init.c.obj                    2      0                  0                 
       startup.c.obj                     1      0                  0                 
    +--+---------------------------------+------+------------------+--------------------+
       Total:                            358    24                 10                
                                                                                     
       Stack:                            0      0                  768               
    +--+---------------------------------+------+------------------+--------------------+
       Grand Total:                      1392   291                1799              


GLOBAL DATA SYMBOLS: SORTED BY DATA PAGE

address     data page           name
--------    ----------------    ----
00000050       1 (00000040)     __stack

00000880      22 (00000880)     _DevEmuRegs

00000985      26 (00000980)     _SysPwrCtrlRegs

00000a80      2a (00000a80)     _FlashRegs

00000ae0      2b (00000ac0)     _CsmRegs

00000b00      2c (00000b00)     _AdcResult

00000c00      30 (00000c00)     _CpuTimer0Regs
00000c08      30 (00000c00)     _CpuTimer1Regs
00000c10      30 (00000c00)     _CpuTimer2Regs

00000ce0      33 (00000cc0)     _PieCtrlRegs

00000d00      34 (00000d00)     _EmuKey
00000d00      34 (00000d00)     _PieVectTable
00000d01      34 (00000d00)     _EmuBMode
00000d02      34 (00000d00)     _Flash_CallbackPtr
00000d04      34 (00000d00)     _Flash_CPUScaleFactor

00006400     190 (00006400)     _Comp1Regs
00006420     190 (00006400)     _Comp2Regs

00006800     1a0 (00006800)     _EPwm1Regs

00006840     1a1 (00006840)     _EPwm2Regs

00006880     1a2 (00006880)     _EPwm3Regs

000068c0     1a3 (000068c0)     _EPwm4Regs

00006a00     1a8 (00006a00)     _ECap1Regs

00006f80     1be (00006f80)     _GpioCtrlRegs

00006fc0     1bf (00006fc0)     _GpioDataRegs
00006fe0     1bf (00006fc0)     _GpioIntRegs

00007010     1c0 (00007000)     _SysCtrlRegs

00007040     1c1 (00007040)     _SpiaRegs
00007050     1c1 (00007040)     _SciaRegs
00007060     1c1 (00007040)     _NmiIntruptRegs
00007070     1c1 (00007040)     _XIntruptRegs

00007100     1c4 (00007100)     _AdcRegs

00007900     1e4 (00007900)     _I2caRegs

00008800     220 (00008800)     _CpuTimer1
00008808     220 (00008800)     _CpuTimer2
00008810     220 (00008800)     _CpuTimer0
00008818     220 (00008800)     ___TI_enable_exit_profile_output
0000881a     220 (00008800)     ___TI_cleanup_ptr
0000881c     220 (00008800)     ___TI_dtors_ptr
0000881e     220 (00008800)     __lock
00008820     220 (00008800)     __unlock

003d7fff    f5ff (003d7fc0)     _PartIdRegs

003f656a    fd95 (003f6540)     _PieVectTableInit

003f666a    fd99 (003f6640)     _codetable

003f7ff8    fdff (003f7fc0)     _CsmPwl


GLOBAL SYMBOLS: SORTED ALPHABETICALLY BY Name 

page  address   name                            
----  -------   ----                            
0     003f6000  .text                           
0     003f6451  C$$EXIT                         
0     003f63a3  FS$$MPY                         
0     003f647a  FS$$TOL                         
0     003f6246  _ADCINT1_ISR                    
0     003f6241  _ADCINT2_ISR                    
0     003f623c  _ADCINT3_ISR                    
0     003f6237  _ADCINT4_ISR                    
0     003f6232  _ADCINT5_ISR                    
0     003f622d  _ADCINT6_ISR                    
0     003f6228  _ADCINT7_ISR                    
0     003f6223  _ADCINT8_ISR                    
0     003f621e  _ADCINT9_ISR                    
1     00007100  _AdcRegs                        
1     00000b00  _AdcResult                      
1     00006400  _Comp1Regs                      
1     00006420  _Comp2Regs                      
0     003f637d  _ConfigCpuTimer                 
1     00008810  _CpuTimer0                      
1     00000c00  _CpuTimer0Regs                  
1     00008800  _CpuTimer1                      
1     00000c08  _CpuTimer1Regs                  
1     00008808  _CpuTimer2                      
1     00000c10  _CpuTimer2Regs                  
1     003f7ff8  _CsmPwl                         
1     00000ae0  _CsmRegs                        
0     003f611e  _CsmUnlock                      
0     003f6219  _DATALOG_ISR                    
0     003f6559  _DSP28x_DisableInt              
0     003f655d  _DSP28x_RestoreInt              
0     00008000  _DSP28x_usDelay                 
0     003f633f  _DelaymS                        
1     00000880  _DevEmuRegs                     
0     003f6040  _DisableDog                     
0     003f6214  _ECAP1_INT_ISR                  
1     00006a00  _ECap1Regs                      
0     003f620f  _EMPTY_ISR                      
0     003f620a  _EMUINT_ISR                     
0     003f6205  _EPWM1_INT_ISR                  
0     003f6200  _EPWM1_TZINT_ISR                
0     003f61fb  _EPWM2_INT_ISR                  
0     003f61f6  _EPWM2_TZINT_ISR                
0     003f61f1  _EPWM3_INT_ISR                  
0     003f61ec  _EPWM3_TZINT_ISR                
0     003f61e7  _EPWM4_INT_ISR                  
0     003f61e2  _EPWM4_TZINT_ISR                
1     00006800  _EPwm1Regs                      
1     00006840  _EPwm2Regs                      
1     00006880  _EPwm3Regs                      
1     000068c0  _EPwm4Regs                      
1     00000d01  _EmuBMode                       
1     00000d00  _EmuKey                         
0     003f64c2  _EnableInterrupts               
0     003f6106  _ExtOscSel                      
1     00000a80  _FlashRegs                      
1     00000d04  _Flash_CPUScaleFactor           
1     00000d02  _Flash_CallbackPtr              
1     00006f80  _GpioCtrlRegs                   
1     00006fc0  _GpioDataRegs                   
1     00006fe0  _GpioIntRegs                    
0     003f62d2  _HorseIO_Init                   
0     003f62fb  _HorseRunning                   
0     003f61dd  _I2CINT1A_ISR                   
0     003f61d8  _I2CINT2A_ISR                   
1     00007900  _I2caRegs                       
0     003f61d3  _ILLEGAL_ISR                    
0     003f61ce  _INT13_ISR                      
0     003f61c9  _INT14_ISR                      
0     003f6340  _InitCpuTimers                  
0     003f60e9  _InitFlash                      
0     003f6281  _InitLEDGpio                    
0     003f609a  _InitPeripheralClocks           
0     003f64a3  _InitPieCtrl                    
0     003f6537  _InitPieVectTable               
0     003f6048  _InitPll                        
0     003f60d1  _InitSysCtrl                    
0     003f6030  _IntOsc1Sel                     
0     003f601e  _IntOsc2Sel                     
0     003f62b8  _LED_Show                       
0     003f61c4  _NMI_ISR                        
1     00007060  _NmiIntruptRegs                 
0     003f61bf  _PIE_RESERVED                   
1     003d7fff  _PartIdRegs                     
1     00000ce0  _PieCtrlRegs                    
1     00000d00  _PieVectTable                   
0     003f656a  _PieVectTableInit               
0     003f61ba  _RTOSINT_ISR                    
0     003f656a  _RamfuncsLoadEnd                
0     003f6566  _RamfuncsLoadStart              
0     00008000  _RamfuncsRunStart               
0     003f61b5  _SCIRXINTA_ISR                  
0     003f61b0  _SCITXINTA_ISR                  
0     003f61ab  _SPIRXINTA_ISR                  
0     003f61a6  _SPITXINTA_ISR                  
1     00007050  _SciaRegs                       
0     003f6014  _ServiceDog                     
0     003f6560  _SetDBGIER                      
1     00007040  _SpiaRegs                       
1     00007010  _SysCtrlRegs                    
1     00000985  _SysPwrCtrlRegs                 
0     003f61a1  _TINT0_ISR                      
0     003f6298  _TM1638_Init                    
0     003f6269  _TM1638_WriteLED                
0     003f624b  _TM1638_Write_Byte              
0     003f625d  _TM1638_Write_Command           
0     003f619c  _USER10_ISR                     
0     003f6197  _USER11_ISR                     
0     003f6192  _USER12_ISR                     
0     003f618d  _USER1_ISR                      
0     003f6188  _USER2_ISR                      
0     003f6183  _USER3_ISR                      
0     003f617e  _USER4_ISR                      
0     003f6179  _USER5_ISR                      
0     003f6174  _USER6_ISR                      
0     003f616f  _USER7_ISR                      
0     003f616a  _USER8_ISR                      
0     003f6165  _USER9_ISR                      
0     003f6160  _WAKEINT_ISR                    
0     003f615b  _XINT1_ISR                      
0     003f6156  _XINT2_ISR                      
0     003f6151  _XINT3_ISR                      
1     00007070  _XIntruptRegs                   
0     003f62f7  _Xint1_Init                     
0     003f6000  _XtalOscSel                     
1     00000350  __STACK_END                     
abs   00000300  __STACK_SIZE                    
1     0000881a  ___TI_cleanup_ptr               
1     0000881c  ___TI_dtors_ptr                 
1     00008818  ___TI_enable_exit_profile_output
abs   ffffffff  ___TI_pprof_out_hndl            
abs   ffffffff  ___TI_prof_data_size            
abs   ffffffff  ___TI_prof_data_start           
abs   ffffffff  ___binit__                      
abs   ffffffff  ___c_args__                     
0     003f6675  ___cinit__                      
0     003f6566  ___etext__                      
abs   ffffffff  ___pinit__                      
0     003f6000  ___text__                       
0     003f650c  __args_main                     
1     0000881e  __lock                          
0     003f6550  __nop                           
0     003f654c  __register_lock                 
0     003f6548  __register_unlock               
1     00000050  __stack                         
0     003f6565  __system_post_cinit             
0     003f6563  __system_pre_init               
1     00008820  __unlock                        
0     003f6451  _abort                          
0     003f63fd  _c_int00                        
0     003f666a  _codetable                      
0     003f64cb  _copy_in                        
0     003f652e  _cpu_timer0_isr                 
0     003f6453  _exit                           
0     003f631c  _main                           
0     003f64ef  _memcpy                         
0     003f6525  _myXint1_isr                    
0     003f614c  _rsvd_ISR                       
abs   ffffffff  binit                           
0     003f6675  cinit                           
0     003f7ff6  code_start                      
0     003f6566  etext                           
abs   ffffffff  pinit                           


GLOBAL SYMBOLS: SORTED BY Symbol Address 

page  address   name                            
----  -------   ----                            
0     00008000  _DSP28x_usDelay                 
0     00008000  _RamfuncsRunStart               
0     003f6000  .text                           
0     003f6000  _XtalOscSel                     
0     003f6000  ___text__                       
0     003f6014  _ServiceDog                     
0     003f601e  _IntOsc2Sel                     
0     003f6030  _IntOsc1Sel                     
0     003f6040  _DisableDog                     
0     003f6048  _InitPll                        
0     003f609a  _InitPeripheralClocks           
0     003f60d1  _InitSysCtrl                    
0     003f60e9  _InitFlash                      
0     003f6106  _ExtOscSel                      
0     003f611e  _CsmUnlock                      
0     003f614c  _rsvd_ISR                       
0     003f6151  _XINT3_ISR                      
0     003f6156  _XINT2_ISR                      
0     003f615b  _XINT1_ISR                      
0     003f6160  _WAKEINT_ISR                    
0     003f6165  _USER9_ISR                      
0     003f616a  _USER8_ISR                      
0     003f616f  _USER7_ISR                      
0     003f6174  _USER6_ISR                      
0     003f6179  _USER5_ISR                      
0     003f617e  _USER4_ISR                      
0     003f6183  _USER3_ISR                      
0     003f6188  _USER2_ISR                      
0     003f618d  _USER1_ISR                      
0     003f6192  _USER12_ISR                     
0     003f6197  _USER11_ISR                     
0     003f619c  _USER10_ISR                     
0     003f61a1  _TINT0_ISR                      
0     003f61a6  _SPITXINTA_ISR                  
0     003f61ab  _SPIRXINTA_ISR                  
0     003f61b0  _SCITXINTA_ISR                  
0     003f61b5  _SCIRXINTA_ISR                  
0     003f61ba  _RTOSINT_ISR                    
0     003f61bf  _PIE_RESERVED                   
0     003f61c4  _NMI_ISR                        
0     003f61c9  _INT14_ISR                      
0     003f61ce  _INT13_ISR                      
0     003f61d3  _ILLEGAL_ISR                    
0     003f61d8  _I2CINT2A_ISR                   
0     003f61dd  _I2CINT1A_ISR                   
0     003f61e2  _EPWM4_TZINT_ISR                
0     003f61e7  _EPWM4_INT_ISR                  
0     003f61ec  _EPWM3_TZINT_ISR                
0     003f61f1  _EPWM3_INT_ISR                  
0     003f61f6  _EPWM2_TZINT_ISR                
0     003f61fb  _EPWM2_INT_ISR                  
0     003f6200  _EPWM1_TZINT_ISR                
0     003f6205  _EPWM1_INT_ISR                  
0     003f620a  _EMUINT_ISR                     
0     003f620f  _EMPTY_ISR                      
0     003f6214  _ECAP1_INT_ISR                  
0     003f6219  _DATALOG_ISR                    
0     003f621e  _ADCINT9_ISR                    
0     003f6223  _ADCINT8_ISR                    
0     003f6228  _ADCINT7_ISR                    
0     003f622d  _ADCINT6_ISR                    
0     003f6232  _ADCINT5_ISR                    
0     003f6237  _ADCINT4_ISR                    
0     003f623c  _ADCINT3_ISR                    
0     003f6241  _ADCINT2_ISR                    
0     003f6246  _ADCINT1_ISR                    
0     003f624b  _TM1638_Write_Byte              
0     003f625d  _TM1638_Write_Command           
0     003f6269  _TM1638_WriteLED                
0     003f6281  _InitLEDGpio                    
0     003f6298  _TM1638_Init                    
0     003f62b8  _LED_Show                       
0     003f62d2  _HorseIO_Init                   
0     003f62f7  _Xint1_Init                     
0     003f62fb  _HorseRunning                   
0     003f631c  _main                           
0     003f633f  _DelaymS                        
0     003f6340  _InitCpuTimers                  
0     003f637d  _ConfigCpuTimer                 
0     003f63a3  FS$$MPY                         
0     003f63fd  _c_int00                        
0     003f6451  C$$EXIT                         
0     003f6451  _abort                          
0     003f6453  _exit                           
0     003f647a  FS$$TOL                         
0     003f64a3  _InitPieCtrl                    
0     003f64c2  _EnableInterrupts               
0     003f64cb  _copy_in                        
0     003f64ef  _memcpy                         
0     003f650c  __args_main                     
0     003f6525  _myXint1_isr                    
0     003f652e  _cpu_timer0_isr                 
0     003f6537  _InitPieVectTable               
0     003f6548  __register_unlock               
0     003f654c  __register_lock                 
0     003f6550  __nop                           
0     003f6559  _DSP28x_DisableInt              
0     003f655d  _DSP28x_RestoreInt              
0     003f6560  _SetDBGIER                      
0     003f6563  __system_pre_init               
0     003f6565  __system_post_cinit             
0     003f6566  _RamfuncsLoadStart              
0     003f6566  ___etext__                      
0     003f6566  etext                           
0     003f656a  _PieVectTableInit               
0     003f656a  _RamfuncsLoadEnd                
0     003f666a  _codetable                      
0     003f6675  ___cinit__                      
0     003f6675  cinit                           
0     003f7ff6  code_start                      
1     00000050  __stack                         
1     00000350  __STACK_END                     
1     00000880  _DevEmuRegs                     
1     00000985  _SysPwrCtrlRegs                 
1     00000a80  _FlashRegs                      
1     00000ae0  _CsmRegs                        
1     00000b00  _AdcResult                      
1     00000c00  _CpuTimer0Regs                  
1     00000c08  _CpuTimer1Regs                  
1     00000c10  _CpuTimer2Regs                  
1     00000ce0  _PieCtrlRegs                    
1     00000d00  _EmuKey                         
1     00000d00  _PieVectTable                   
1     00000d01  _EmuBMode                       
1     00000d02  _Flash_CallbackPtr              
1     00000d04  _Flash_CPUScaleFactor           
1     00006400  _Comp1Regs                      
1     00006420  _Comp2Regs                      
1     00006800  _EPwm1Regs                      
1     00006840  _EPwm2Regs                      
1     00006880  _EPwm3Regs                      
1     000068c0  _EPwm4Regs                      
1     00006a00  _ECap1Regs                      
1     00006f80  _GpioCtrlRegs                   
1     00006fc0  _GpioDataRegs                   
1     00006fe0  _GpioIntRegs                    
1     00007010  _SysCtrlRegs                    
1     00007040  _SpiaRegs                       
1     00007050  _SciaRegs                       
1     00007060  _NmiIntruptRegs                 
1     00007070  _XIntruptRegs                   
1     00007100  _AdcRegs                        
1     00007900  _I2caRegs                       
1     00008800  _CpuTimer1                      
1     00008808  _CpuTimer2                      
1     00008810  _CpuTimer0                      
1     00008818  ___TI_enable_exit_profile_output
1     0000881a  ___TI_cleanup_ptr               
1     0000881c  ___TI_dtors_ptr                 
1     0000881e  __lock                          
1     00008820  __unlock                        
1     003d7fff  _PartIdRegs                     
1     003f7ff8  _CsmPwl                         
abs   00000300  __STACK_SIZE                    
abs   ffffffff  ___TI_pprof_out_hndl            
abs   ffffffff  ___TI_prof_data_size            
abs   ffffffff  ___TI_prof_data_start           
abs   ffffffff  ___binit__                      
abs   ffffffff  ___c_args__                     
abs   ffffffff  ___pinit__                      
abs   ffffffff  binit                           
abs   ffffffff  pinit                           

[162 symbols]
