******************************************************************************
             TMS320C2000 Linker PC v18.1.2                     
******************************************************************************
>> Linked Sun Apr 14 17:38:13 2024

OUTPUT FILE NAME:   <GPIO_test.out>
ENTRY POINT SYMBOL: "_c_int00"  address: 003f651e


MEMORY CONFIGURATION

         name            origin    length      used     unused   attr    fill
----------------------  --------  ---------  --------  --------  ----  --------
PAGE 0:
  PRAML0                00008000   00000800  00000004  000007fc  RWIX
  OTP                   003d7800   00000400  00000000  00000400  RWIX
  FLASHD                003f0000   00002000  00000000  00002000  RWIX
  FLASHC                003f2000   00002000  00000000  00002000  RWIX
  FLASHA                003f6000   00001f80  00000819  00001767  RWIX
  CSM_RSVD              003f7f80   00000076  00000000  00000076  RWIX
  BEGIN                 003f7ff6   00000002  00000002  00000000  RWIX
  CSM_PWL_P0            003f7ff8   00000008  00000000  00000008  RWIX
  IQTABLES              003fe000   00000b50  00000000  00000b50  RWIX
  IQTABLES2             003feb50   0000008c  00000000  0000008c  RWIX
  IQTABLES3             003febdc   000000aa  00000000  000000aa  RWIX
  ROM                   003ff27c   00000d44  00000000  00000d44  RWIX
  RESET                 003fffc0   00000002  00000000  00000002  RWIX
  VECTORS               003fffc2   0000003e  00000000  0000003e  RWIX

PAGE 1:
  BOOT_RSVD             00000000   00000050  00000000  00000050  RWIX
  RAMM0                 00000050   000003b0  00000300  000000b0  RWIX
  RAMM1                 00000400   00000400  00000000  00000400  RWIX
  DEV_EMU               00000880   00000105  00000004  00000101  RWIX
  SYS_PWR_CTL           00000985   00000003  00000003  00000000  RWIX
  FLASH_REGS            00000a80   00000060  00000008  00000058  RWIX
  CSM                   00000ae0   00000010  00000010  00000000  RWIX
  ADC_RESULT            00000b00   00000020  00000020  00000000  RWIX
  CPU_TIMER0            00000c00   00000008  00000008  00000000  RWIX
  CPU_TIMER1            00000c08   00000008  00000008  00000000  RWIX
  CPU_TIMER2            00000c10   00000008  00000008  00000000  RWIX
  PIE_CTRL              00000ce0   00000020  0000001a  00000006  RWIX
  PIE_VECT              00000d00   00000100  00000100  00000000  RWIX
  COMP1                 00006400   00000020  00000011  0000000f  RWIX
  COMP2                 00006420   00000020  00000011  0000000f  RWIX
  EPWM1                 00006800   00000040  0000003a  00000006  RWIX
  EPWM2                 00006840   00000040  0000003a  00000006  RWIX
  EPWM3                 00006880   00000040  0000003a  00000006  RWIX
  EPWM4                 000068c0   00000040  0000003a  00000006  RWIX
  ECAP1                 00006a00   00000020  00000020  00000000  RWIX
  GPIOCTRL              00006f80   00000040  00000040  00000000  RWIX
  GPIODAT               00006fc0   00000020  00000020  00000000  RWIX
  GPIOINT               00006fe0   00000020  0000000a  00000016  RWIX
  SYSTEM                00007010   00000020  0000001f  00000001  RWIX
  SPIA                  00007040   00000010  00000010  00000000  RWIX
  SCIA                  00007050   00000010  00000010  00000000  RWIX
  NMIINTRUPT            00007060   00000010  00000010  00000000  RWIX
  XINTRUPT              00007070   00000010  00000010  00000000  RWIX
  ADC                   00007100   00000080  00000050  00000030  RWIX
  I2CA                  00007900   00000040  00000022  0000001e  RWIX
  DRAML0                00008800   00000800  00000026  000007da  RWIX
  PARTID                003d7fff   00000001  00000001  00000000  RWIX
  FLASHB                003f4000   00002000  00000000  00002000  RWIX
  CSM_PWL               003f7ff8   00000008  00000008  00000000  RWIX


SECTION ALLOCATION MAP

 output                                  attributes/
section   page    origin      length       input sections
--------  ----  ----------  ----------   ----------------
.cinit     0    003f67f3    00000026     
                  003f67f3    0000000e     rts2800_ml.lib : exit.c.obj (.cinit)
                  003f6801    0000000c     main.obj (.cinit)
                  003f680d    00000005     rts2800_ml.lib : _lock.c.obj (.cinit:__lock)
                  003f6812    00000005                    : _lock.c.obj (.cinit:__unlock)
                  003f6817    00000002     --HOLE-- [fill = 0]

.pinit     0    003f6000    00000000     UNINITIALIZED

.text      0    003f6000    000006e4     
                  003f6000    00000170     main.obj (.text)
                  003f6170    00000149     DSP2802x_SysCtrl.obj (.text)
                  003f62b9    000000ff     DSP2802x_DefaultIsr.obj (.text:retain)
                  003f63b8    00000099     LED_TM1638.obj (.text)
                  003f6451    00000073     DSP2802x_CpuTimers.obj (.text)
                  003f64c4    0000005a     rts2800_ml.lib : fs_mpy28.asm.obj (.text)
                  003f651e    00000054                    : boot28.asm.obj (.text)
                  003f6572    00000038     main.obj (.text:retain)
                  003f65aa    00000029     rts2800_ml.lib : exit.c.obj (.text)
                  003f65d3    00000029                    : fs_tol28.asm.obj (.text)
                  003f65fc    00000028     DSP2802x_PieCtrl.obj (.text)
                  003f6624    00000026     DSP2802x_PieVect.obj (.text)
                  003f664a    00000024     rts2800_ml.lib : cpy_tbl.c.obj (.text)
                  003f666e    00000022                    : i_div28.asm.obj (.text)
                  003f6690    0000001d                    : memcpy.c.obj (.text)
                  003f66ad    00000019                    : args_main.c.obj (.text)
                  003f66c6    00000009                    : _lock.c.obj (.text)
                  003f66cf    00000008     DSP2802x_CodeStartBranch.obj (.text)
                  003f66d7    00000007     DSP2802x_DisInt.obj (.text)
                  003f66de    00000003     DSP2802x_DBGIER.obj (.text)
                  003f66e1    00000002     rts2800_ml.lib : pre_init.c.obj (.text)
                  003f66e3    00000001                    : startup.c.obj (.text)

ramfuncs   0    003f66e4    00000004     RUN ADDR = 00008000
                  003f66e4    00000004     DSP2802x_usDelay.obj (ramfuncs)

codestart 
*          0    003f7ff6    00000002     
                  003f7ff6    00000002     DSP2802x_CodeStartBranch.obj (codestart)

.stack     1    00000050    00000300     UNINITIALIZED
                  00000050    00000300     --HOLE--

.ebss      1    00008800    00000026     UNINITIALIZED
                  00008800    00000018     DSP2802x_CpuTimers.obj (.ebss)
                  00008818    00000006     rts2800_ml.lib : exit.c.obj (.ebss)
                  0000881e    00000003     main.obj (.ebss)
                  00008821    00000001     --HOLE--
                  00008822    00000002     rts2800_ml.lib : _lock.c.obj (.ebss:__lock)
                  00008824    00000002                    : _lock.c.obj (.ebss:__unlock)

.econst    0    003f66e8    0000010b     
                  003f66e8    00000100     DSP2802x_PieVect.obj (.econst:_PieVectTableInit)
                  003f67e8    0000000b     LED_TM1638.obj (.econst:.string:_codetable)

.reset     0    003fffc0    00000002     DSECT
                  003fffc0    00000002     rts2800_ml.lib : boot28.asm.obj (.reset)

vectors    0    003fffc2    00000000     DSECT

DevEmuRegsFile 
*          1    00000880    00000004     UNINITIALIZED
                  00000880    00000004     DSP2802x_GlobalVariableDefs.obj (DevEmuRegsFile)

SysPwrCtrlRegsFile 
*          1    00000985    00000003     UNINITIALIZED
                  00000985    00000003     DSP2802x_GlobalVariableDefs.obj (SysPwrCtrlRegsFile)

FlashRegsFile 
*          1    00000a80    00000008     UNINITIALIZED
                  00000a80    00000008     DSP2802x_GlobalVariableDefs.obj (FlashRegsFile)

CsmRegsFile 
*          1    00000ae0    00000010     UNINITIALIZED
                  00000ae0    00000010     DSP2802x_GlobalVariableDefs.obj (CsmRegsFile)

AdcResultFile 
*          1    00000b00    00000020     UNINITIALIZED
                  00000b00    00000020     DSP2802x_GlobalVariableDefs.obj (AdcResultFile)

CpuTimer0RegsFile 
*          1    00000c00    00000008     UNINITIALIZED
                  00000c00    00000008     DSP2802x_GlobalVariableDefs.obj (CpuTimer0RegsFile)

CpuTimer1RegsFile 
*          1    00000c08    00000008     UNINITIALIZED
                  00000c08    00000008     DSP2802x_GlobalVariableDefs.obj (CpuTimer1RegsFile)

CpuTimer2RegsFile 
*          1    00000c10    00000008     UNINITIALIZED
                  00000c10    00000008     DSP2802x_GlobalVariableDefs.obj (CpuTimer2RegsFile)

PieCtrlRegsFile 
*          1    00000ce0    0000001a     UNINITIALIZED
                  00000ce0    0000001a     DSP2802x_GlobalVariableDefs.obj (PieCtrlRegsFile)

PieVectTableFile 
*          1    00000d00    00000100     UNINITIALIZED
                  00000d00    00000100     DSP2802x_GlobalVariableDefs.obj (PieVectTableFile)

EmuKeyVar 
*          1    00000d00    00000001     UNINITIALIZED
                  00000d00    00000001     DSP2802x_GlobalVariableDefs.obj (EmuKeyVar)

EmuBModeVar 
*          1    00000d01    00000001     UNINITIALIZED
                  00000d01    00000001     DSP2802x_GlobalVariableDefs.obj (EmuBModeVar)

FlashCallbackVar 
*          1    00000d02    00000002     UNINITIALIZED
                  00000d02    00000002     DSP2802x_GlobalVariableDefs.obj (FlashCallbackVar)

FlashScalingVar 
*          1    00000d04    00000002     UNINITIALIZED
                  00000d04    00000002     DSP2802x_GlobalVariableDefs.obj (FlashScalingVar)

Comp1RegsFile 
*          1    00006400    00000011     UNINITIALIZED
                  00006400    00000011     DSP2802x_GlobalVariableDefs.obj (Comp1RegsFile)

Comp2RegsFile 
*          1    00006420    00000011     UNINITIALIZED
                  00006420    00000011     DSP2802x_GlobalVariableDefs.obj (Comp2RegsFile)

EPwm1RegsFile 
*          1    00006800    0000003a     UNINITIALIZED
                  00006800    0000003a     DSP2802x_GlobalVariableDefs.obj (EPwm1RegsFile)

EPwm2RegsFile 
*          1    00006840    0000003a     UNINITIALIZED
                  00006840    0000003a     DSP2802x_GlobalVariableDefs.obj (EPwm2RegsFile)

EPwm3RegsFile 
*          1    00006880    0000003a     UNINITIALIZED
                  00006880    0000003a     DSP2802x_GlobalVariableDefs.obj (EPwm3RegsFile)

EPwm4RegsFile 
*          1    000068c0    0000003a     UNINITIALIZED
                  000068c0    0000003a     DSP2802x_GlobalVariableDefs.obj (EPwm4RegsFile)

ECap1RegsFile 
*          1    00006a00    00000020     UNINITIALIZED
                  00006a00    00000020     DSP2802x_GlobalVariableDefs.obj (ECap1RegsFile)

GpioCtrlRegsFile 
*          1    00006f80    00000040     UNINITIALIZED
                  00006f80    00000040     DSP2802x_GlobalVariableDefs.obj (GpioCtrlRegsFile)

GpioDataRegsFile 
*          1    00006fc0    00000020     UNINITIALIZED
                  00006fc0    00000020     DSP2802x_GlobalVariableDefs.obj (GpioDataRegsFile)

GpioIntRegsFile 
*          1    00006fe0    0000000a     UNINITIALIZED
                  00006fe0    0000000a     DSP2802x_GlobalVariableDefs.obj (GpioIntRegsFile)

SysCtrlRegsFile 
*          1    00007010    0000001f     UNINITIALIZED
                  00007010    0000001f     DSP2802x_GlobalVariableDefs.obj (SysCtrlRegsFile)

SpiaRegsFile 
*          1    00007040    00000010     UNINITIALIZED
                  00007040    00000010     DSP2802x_GlobalVariableDefs.obj (SpiaRegsFile)

SciaRegsFile 
*          1    00007050    00000010     UNINITIALIZED
                  00007050    00000010     DSP2802x_GlobalVariableDefs.obj (SciaRegsFile)

NmiIntruptRegsFile 
*          1    00007060    00000010     UNINITIALIZED
                  00007060    00000010     DSP2802x_GlobalVariableDefs.obj (NmiIntruptRegsFile)

XIntruptRegsFile 
*          1    00007070    00000010     UNINITIALIZED
                  00007070    00000010     DSP2802x_GlobalVariableDefs.obj (XIntruptRegsFile)

AdcRegsFile 
*          1    00007100    00000050     UNINITIALIZED
                  00007100    00000050     DSP2802x_GlobalVariableDefs.obj (AdcRegsFile)

I2caRegsFile 
*          1    00007900    00000022     UNINITIALIZED
                  00007900    00000022     DSP2802x_GlobalVariableDefs.obj (I2caRegsFile)

PartIdRegsFile 
*          1    003d7fff    00000001     UNINITIALIZED
                  003d7fff    00000001     DSP2802x_GlobalVariableDefs.obj (PartIdRegsFile)

CsmPwlFile 
*          1    003f7ff8    00000008     UNINITIALIZED
                  003f7ff8    00000008     DSP2802x_GlobalVariableDefs.obj (CsmPwlFile)

MODULE SUMMARY

       Module                            code   initialized data   uninitialized data
       ------                            ----   ----------------   ------------------
    .\
       DSP2802x_GlobalVariableDefs.obj   0      0                  997               
       main.obj                          424    12                 3                 
       LED_TM1638.obj                    153    11                 0                 
    +--+---------------------------------+------+------------------+--------------------+
       Total:                            577    23                 1000              
                                                                                     
    .\source\
       DSP2802x_SysCtrl.obj              329    0                  0                 
       DSP2802x_PieVect.obj              38     256                0                 
       DSP2802x_DefaultIsr.obj           255    0                  0                 
       DSP2802x_CpuTimers.obj            115    0                  24                
       DSP2802x_PieCtrl.obj              40     0                  0                 
       DSP2802x_CodeStartBranch.obj      10     0                  0                 
       DSP2802x_usDelay.obj              8      0                  0                 
       DSP2802x_DisInt.obj               7      0                  0                 
       DSP2802x_DBGIER.obj               3      0                  0                 
    +--+---------------------------------+------+------------------+--------------------+
       Total:                            805    256                24                
                                                                                     
    C:\ti\ccsv8\tools\compiler\ti-cgt-c2000_18.1.2.LTS\lib\rts2800_ml.lib
       fs_mpy28.asm.obj                  90     0                  0                 
       boot28.asm.obj                    84     0                  0                 
       exit.c.obj                        41     14                 6                 
       fs_tol28.asm.obj                  41     0                  0                 
       cpy_tbl.c.obj                     36     0                  0                 
       i_div28.asm.obj                   34     0                  0                 
       memcpy.c.obj                      29     0                  0                 
       args_main.c.obj                   25     0                  0                 
       _lock.c.obj                       9      10                 4                 
       pre_init.c.obj                    2      0                  0                 
       startup.c.obj                     1      0                  0                 
    +--+---------------------------------+------+------------------+--------------------+
       Total:                            392    24                 10                
                                                                                     
       Stack:                            0      0                  768               
    +--+---------------------------------+------+------------------+--------------------+
       Grand Total:                      1774   303                1802              


GLOBAL DATA SYMBOLS: SORTED BY DATA PAGE

address     data page           name
--------    ----------------    ----
00000050       1 (00000040)     __stack

00000880      22 (00000880)     _DevEmuRegs

00000985      26 (00000980)     _SysPwrCtrlRegs

00000a80      2a (00000a80)     _FlashRegs

00000ae0      2b (00000ac0)     _CsmRegs

00000b00      2c (00000b00)     _AdcResult

00000c00      30 (00000c00)     _CpuTimer0Regs
00000c08      30 (00000c00)     _CpuTimer1Regs
00000c10      30 (00000c00)     _CpuTimer2Regs

00000ce0      33 (00000cc0)     _PieCtrlRegs

00000d00      34 (00000d00)     _EmuKey
00000d00      34 (00000d00)     _PieVectTable
00000d01      34 (00000d00)     _EmuBMode
00000d02      34 (00000d00)     _Flash_CallbackPtr
00000d04      34 (00000d00)     _Flash_CPUScaleFactor

00006400     190 (00006400)     _Comp1Regs
00006420     190 (00006400)     _Comp2Regs

00006800     1a0 (00006800)     _EPwm1Regs

00006840     1a1 (00006840)     _EPwm2Regs

00006880     1a2 (00006880)     _EPwm3Regs

000068c0     1a3 (000068c0)     _EPwm4Regs

00006a00     1a8 (00006a00)     _ECap1Regs

00006f80     1be (00006f80)     _GpioCtrlRegs

00006fc0     1bf (00006fc0)     _GpioDataRegs
00006fe0     1bf (00006fc0)     _GpioIntRegs

00007010     1c0 (00007000)     _SysCtrlRegs

00007040     1c1 (00007040)     _SpiaRegs
00007050     1c1 (00007040)     _SciaRegs
00007060     1c1 (00007040)     _NmiIntruptRegs
00007070     1c1 (00007040)     _XIntruptRegs

00007100     1c4 (00007100)     _AdcRegs

00007900     1e4 (00007900)     _I2caRegs

00008800     220 (00008800)     _CpuTimer1
00008808     220 (00008800)     _CpuTimer2
00008810     220 (00008800)     _CpuTimer0
00008818     220 (00008800)     ___TI_enable_exit_profile_output
0000881a     220 (00008800)     ___TI_cleanup_ptr
0000881c     220 (00008800)     ___TI_dtors_ptr
0000881e     220 (00008800)     _is_setting
0000881f     220 (00008800)     _suminput
00008820     220 (00008800)     _keytime
00008822     220 (00008800)     __lock
00008824     220 (00008800)     __unlock

003d7fff    f5ff (003d7fc0)     _PartIdRegs

003f66e8    fd9b (003f66c0)     _PieVectTableInit

003f67e8    fd9f (003f67c0)     _codetable

003f7ff8    fdff (003f7fc0)     _CsmPwl


GLOBAL SYMBOLS: SORTED ALPHABETICALLY BY Name 

page  address   name                            
----  -------   ----                            
0     003f6000  .text                           
0     003f65aa  C$$EXIT                         
0     003f64c4  FS$$MPY                         
0     003f65d3  FS$$TOL                         
0     003f666e  I$$DIV                          
0     003f667f  I$$MOD                          
0     003f6318  _ADCINT1_ISR                    
0     003f631d  _ADCINT2_ISR                    
0     003f6386  _ADCINT3_ISR                    
0     003f638b  _ADCINT4_ISR                    
0     003f6390  _ADCINT5_ISR                    
0     003f6395  _ADCINT6_ISR                    
0     003f639a  _ADCINT7_ISR                    
0     003f639f  _ADCINT8_ISR                    
0     003f632c  _ADCINT9_ISR                    
1     00007100  _AdcRegs                        
1     00000b00  _AdcResult                      
1     00006400  _Comp1Regs                      
1     00006420  _Comp2Regs                      
0     003f6492  _ConfigCpuTimer                 
1     00008810  _CpuTimer0                      
1     00000c00  _CpuTimer0Regs                  
1     00008800  _CpuTimer1                      
1     00000c08  _CpuTimer1Regs                  
1     00008808  _CpuTimer2                      
1     00000c10  _CpuTimer2Regs                  
1     003f7ff8  _CsmPwl                         
1     00000ae0  _CsmRegs                        
0     003f623c  _CsmUnlock                      
0     003f62c3  _DATALOG_ISR                    
0     003f66d7  _DSP28x_DisableInt              
0     003f66db  _DSP28x_RestoreInt              
0     00008000  _DSP28x_usDelay                 
0     003f604a  _DelaymS                        
1     00000880  _DevEmuRegs                     
0     003f61af  _DisableDog                     
0     003f6363  _ECAP1_INT_ISR                  
1     00006a00  _ECap1Regs                      
0     003f63a9  _EMPTY_ISR                      
0     003f62cd  _EMUINT_ISR                     
0     003f634f  _EPWM1_INT_ISR                  
0     003f633b  _EPWM1_TZINT_ISR                
0     003f6354  _EPWM2_INT_ISR                  
0     003f6340  _EPWM2_TZINT_ISR                
0     003f6359  _EPWM3_INT_ISR                  
0     003f6345  _EPWM3_TZINT_ISR                
0     003f635e  _EPWM4_INT_ISR                  
0     003f634a  _EPWM4_TZINT_ISR                
1     00006800  _EPwm1Regs                      
1     00006840  _EPwm2Regs                      
1     00006880  _EPwm3Regs                      
1     000068c0  _EPwm4Regs                      
1     00000d01  _EmuBMode                       
1     00000d00  _EmuKey                         
0     003f661b  _EnableInterrupts               
0     003f62a3  _ExtOscSel                      
1     00000a80  _FlashRegs                      
1     00000d04  _Flash_CPUScaleFactor           
1     00000d02  _Flash_CallbackPtr              
1     00006f80  _GpioCtrlRegs                   
1     00006fc0  _GpioDataRegs                   
1     00006fe0  _GpioIntRegs                    
0     003f6014  _HorseIO_Init                   
0     003f60cb  _HorseRunning                   
0     003f60e6  _HorseRunning_1                 
0     003f610a  _HorseRunning_2                 
0     003f613d  _HorseRunning_3                 
0     003f6372  _I2CINT1A_ISR                   
0     003f6377  _I2CINT2A_ISR                   
1     00007900  _I2caRegs                       
0     003f62d7  _ILLEGAL_ISR                    
0     003f62b9  _INT13_ISR                      
0     003f62be  _INT14_ISR                      
0     003f6034  _IO_12_INIT                     
0     003f6451  _InitCpuTimers                  
0     003f618a  _InitFlash                      
0     003f63b8  _InitLEDGpio                    
0     003f620c  _InitPeripheralClocks           
0     003f65fc  _InitPieCtrl                    
0     003f6624  _InitPieVectTable               
0     003f61b7  _InitPll                        
0     003f6170  _InitSysCtrl                    
0     003f626d  _IntOsc1Sel                     
0     003f627d  _IntOsc2Sel                     
0     003f6432  _LED_Show                       
0     003f62d2  _NMI_ISR                        
1     00007060  _NmiIntruptRegs                 
0     003f63ae  _PIE_RESERVED                   
1     003d7fff  _PartIdRegs                     
1     00000ce0  _PieCtrlRegs                    
1     00000d00  _PieVectTable                   
0     003f66e8  _PieVectTableInit               
0     003f62c8  _RTOSINT_ISR                    
0     003f66e8  _RamfuncsLoadEnd                
0     003f66e4  _RamfuncsLoadStart              
0     00008000  _RamfuncsRunStart               
0     003f637c  _SCIRXINTA_ISR                  
0     003f6381  _SCITXINTA_ISR                  
0     003f6368  _SPIRXINTA_ISR                  
0     003f636d  _SPITXINTA_ISR                  
1     00007050  _SciaRegs                       
0     003f61a5  _ServiceDog                     
0     003f66de  _SetDBGIER                      
1     00007040  _SpiaRegs                       
1     00007010  _SysCtrlRegs                    
1     00000985  _SysPwrCtrlRegs                 
0     003f6331  _TINT0_ISR                      
0     003f63ca  _TM1638_Init                    
0     003f641a  _TM1638_WriteLED                
0     003f63ee  _TM1638_Write_Byte              
0     003f640c  _TM1638_Write_Command           
0     003f6309  _USER10_ISR                     
0     003f630e  _USER11_ISR                     
0     003f6313  _USER12_ISR                     
0     003f62dc  _USER1_ISR                      
0     003f62e1  _USER2_ISR                      
0     003f62e6  _USER3_ISR                      
0     003f62eb  _USER4_ISR                      
0     003f62f0  _USER5_ISR                      
0     003f62f5  _USER6_ISR                      
0     003f62fa  _USER7_ISR                      
0     003f62ff  _USER8_ISR                      
0     003f6304  _USER9_ISR                      
0     003f6336  _WAKEINT_ISR                    
0     003f6322  _XINT1_ISR                      
0     003f6327  _XINT2_ISR                      
0     003f63a4  _XINT3_ISR                      
1     00007070  _XIntruptRegs                   
0     003f6000  _Xint1_Init                     
0     003f600a  _Xint2_Init                     
0     003f628f  _XtalOscSel                     
1     00000350  __STACK_END                     
abs   00000300  __STACK_SIZE                    
1     0000881a  ___TI_cleanup_ptr               
1     0000881c  ___TI_dtors_ptr                 
1     00008818  ___TI_enable_exit_profile_output
abs   ffffffff  ___TI_pprof_out_hndl            
abs   ffffffff  ___TI_prof_data_size            
abs   ffffffff  ___TI_prof_data_start           
abs   ffffffff  ___binit__                      
abs   ffffffff  ___c_args__                     
0     003f67f3  ___cinit__                      
0     003f66e4  ___etext__                      
abs   ffffffff  ___pinit__                      
0     003f6000  ___text__                       
0     003f66ad  __args_main                     
1     00008822  __lock                          
0     003f66ce  __nop                           
0     003f66ca  __register_lock                 
0     003f66c6  __register_unlock               
1     00000050  __stack                         
0     003f66e3  __system_post_cinit             
0     003f66e1  __system_pre_init               
1     00008824  __unlock                        
0     003f65aa  _abort                          
0     003f651e  _c_int00                        
0     003f67e8  _codetable                      
0     003f664a  _copy_in                        
0     003f6598  _cpu_timer0_isr                 
0     003f658f  _cpu_timer1_isr                 
0     003f65ac  _exit                           
1     0000881e  _is_setting                     
1     00008820  _keytime                        
0     003f605c  _main                           
0     003f6690  _memcpy                         
0     003f6572  _myXint1_isr                    
0     003f63b3  _rsvd_ISR                       
1     0000881f  _suminput                       
abs   ffffffff  binit                           
0     003f67f3  cinit                           
0     003f7ff6  code_start                      
0     003f66e4  etext                           
abs   ffffffff  pinit                           


GLOBAL SYMBOLS: SORTED BY Symbol Address 

page  address   name                            
----  -------   ----                            
0     00008000  _DSP28x_usDelay                 
0     00008000  _RamfuncsRunStart               
0     003f6000  .text                           
0     003f6000  _Xint1_Init                     
0     003f6000  ___text__                       
0     003f600a  _Xint2_Init                     
0     003f6014  _HorseIO_Init                   
0     003f6034  _IO_12_INIT                     
0     003f604a  _DelaymS                        
0     003f605c  _main                           
0     003f60cb  _HorseRunning                   
0     003f60e6  _HorseRunning_1                 
0     003f610a  _HorseRunning_2                 
0     003f613d  _HorseRunning_3                 
0     003f6170  _InitSysCtrl                    
0     003f618a  _InitFlash                      
0     003f61a5  _ServiceDog                     
0     003f61af  _DisableDog                     
0     003f61b7  _InitPll                        
0     003f620c  _InitPeripheralClocks           
0     003f623c  _CsmUnlock                      
0     003f626d  _IntOsc1Sel                     
0     003f627d  _IntOsc2Sel                     
0     003f628f  _XtalOscSel                     
0     003f62a3  _ExtOscSel                      
0     003f62b9  _INT13_ISR                      
0     003f62be  _INT14_ISR                      
0     003f62c3  _DATALOG_ISR                    
0     003f62c8  _RTOSINT_ISR                    
0     003f62cd  _EMUINT_ISR                     
0     003f62d2  _NMI_ISR                        
0     003f62d7  _ILLEGAL_ISR                    
0     003f62dc  _USER1_ISR                      
0     003f62e1  _USER2_ISR                      
0     003f62e6  _USER3_ISR                      
0     003f62eb  _USER4_ISR                      
0     003f62f0  _USER5_ISR                      
0     003f62f5  _USER6_ISR                      
0     003f62fa  _USER7_ISR                      
0     003f62ff  _USER8_ISR                      
0     003f6304  _USER9_ISR                      
0     003f6309  _USER10_ISR                     
0     003f630e  _USER11_ISR                     
0     003f6313  _USER12_ISR                     
0     003f6318  _ADCINT1_ISR                    
0     003f631d  _ADCINT2_ISR                    
0     003f6322  _XINT1_ISR                      
0     003f6327  _XINT2_ISR                      
0     003f632c  _ADCINT9_ISR                    
0     003f6331  _TINT0_ISR                      
0     003f6336  _WAKEINT_ISR                    
0     003f633b  _EPWM1_TZINT_ISR                
0     003f6340  _EPWM2_TZINT_ISR                
0     003f6345  _EPWM3_TZINT_ISR                
0     003f634a  _EPWM4_TZINT_ISR                
0     003f634f  _EPWM1_INT_ISR                  
0     003f6354  _EPWM2_INT_ISR                  
0     003f6359  _EPWM3_INT_ISR                  
0     003f635e  _EPWM4_INT_ISR                  
0     003f6363  _ECAP1_INT_ISR                  
0     003f6368  _SPIRXINTA_ISR                  
0     003f636d  _SPITXINTA_ISR                  
0     003f6372  _I2CINT1A_ISR                   
0     003f6377  _I2CINT2A_ISR                   
0     003f637c  _SCIRXINTA_ISR                  
0     003f6381  _SCITXINTA_ISR                  
0     003f6386  _ADCINT3_ISR                    
0     003f638b  _ADCINT4_ISR                    
0     003f6390  _ADCINT5_ISR                    
0     003f6395  _ADCINT6_ISR                    
0     003f639a  _ADCINT7_ISR                    
0     003f639f  _ADCINT8_ISR                    
0     003f63a4  _XINT3_ISR                      
0     003f63a9  _EMPTY_ISR                      
0     003f63ae  _PIE_RESERVED                   
0     003f63b3  _rsvd_ISR                       
0     003f63b8  _InitLEDGpio                    
0     003f63ca  _TM1638_Init                    
0     003f63ee  _TM1638_Write_Byte              
0     003f640c  _TM1638_Write_Command           
0     003f641a  _TM1638_WriteLED                
0     003f6432  _LED_Show                       
0     003f6451  _InitCpuTimers                  
0     003f6492  _ConfigCpuTimer                 
0     003f64c4  FS$$MPY                         
0     003f651e  _c_int00                        
0     003f6572  _myXint1_isr                    
0     003f658f  _cpu_timer1_isr                 
0     003f6598  _cpu_timer0_isr                 
0     003f65aa  C$$EXIT                         
0     003f65aa  _abort                          
0     003f65ac  _exit                           
0     003f65d3  FS$$TOL                         
0     003f65fc  _InitPieCtrl                    
0     003f661b  _EnableInterrupts               
0     003f6624  _InitPieVectTable               
0     003f664a  _copy_in                        
0     003f666e  I$$DIV                          
0     003f667f  I$$MOD                          
0     003f6690  _memcpy                         
0     003f66ad  __args_main                     
0     003f66c6  __register_unlock               
0     003f66ca  __register_lock                 
0     003f66ce  __nop                           
0     003f66d7  _DSP28x_DisableInt              
0     003f66db  _DSP28x_RestoreInt              
0     003f66de  _SetDBGIER                      
0     003f66e1  __system_pre_init               
0     003f66e3  __system_post_cinit             
0     003f66e4  _RamfuncsLoadStart              
0     003f66e4  ___etext__                      
0     003f66e4  etext                           
0     003f66e8  _PieVectTableInit               
0     003f66e8  _RamfuncsLoadEnd                
0     003f67e8  _codetable                      
0     003f67f3  ___cinit__                      
0     003f67f3  cinit                           
0     003f7ff6  code_start                      
1     00000050  __stack                         
1     00000350  __STACK_END                     
1     00000880  _DevEmuRegs                     
1     00000985  _SysPwrCtrlRegs                 
1     00000a80  _FlashRegs                      
1     00000ae0  _CsmRegs                        
1     00000b00  _AdcResult                      
1     00000c00  _CpuTimer0Regs                  
1     00000c08  _CpuTimer1Regs                  
1     00000c10  _CpuTimer2Regs                  
1     00000ce0  _PieCtrlRegs                    
1     00000d00  _EmuKey                         
1     00000d00  _PieVectTable                   
1     00000d01  _EmuBMode                       
1     00000d02  _Flash_CallbackPtr              
1     00000d04  _Flash_CPUScaleFactor           
1     00006400  _Comp1Regs                      
1     00006420  _Comp2Regs                      
1     00006800  _EPwm1Regs                      
1     00006840  _EPwm2Regs                      
1     00006880  _EPwm3Regs                      
1     000068c0  _EPwm4Regs                      
1     00006a00  _ECap1Regs                      
1     00006f80  _GpioCtrlRegs                   
1     00006fc0  _GpioDataRegs                   
1     00006fe0  _GpioIntRegs                    
1     00007010  _SysCtrlRegs                    
1     00007040  _SpiaRegs                       
1     00007050  _SciaRegs                       
1     00007060  _NmiIntruptRegs                 
1     00007070  _XIntruptRegs                   
1     00007100  _AdcRegs                        
1     00007900  _I2caRegs                       
1     00008800  _CpuTimer1                      
1     00008808  _CpuTimer2                      
1     00008810  _CpuTimer0                      
1     00008818  ___TI_enable_exit_profile_output
1     0000881a  ___TI_cleanup_ptr               
1     0000881c  ___TI_dtors_ptr                 
1     0000881e  _is_setting                     
1     0000881f  _suminput                       
1     00008820  _keytime                        
1     00008822  __lock                          
1     00008824  __unlock                        
1     003d7fff  _PartIdRegs                     
1     003f7ff8  _CsmPwl                         
abs   00000300  __STACK_SIZE                    
abs   ffffffff  ___TI_pprof_out_hndl            
abs   ffffffff  ___TI_prof_data_size            
abs   ffffffff  ___TI_prof_data_start           
abs   ffffffff  ___binit__                      
abs   ffffffff  ___c_args__                     
abs   ffffffff  ___pinit__                      
abs   ffffffff  binit                           
abs   ffffffff  pinit                           

[173 symbols]
