******************************************************************************
             TMS320C2000 Linker PC v18.1.2                     
******************************************************************************
>> Linked Sat Mar 23 09:17:16 2019

OUTPUT FILE NAME:   <Clock.out>
ENTRY POINT SYMBOL: "_c_int00"  address: 003f6628


MEMORY CONFIGURATION

         name            origin    length      used     unused   attr    fill
----------------------  --------  ---------  --------  --------  ----  --------
PAGE 0:
  PRAML0                00008000   00000800  00000004  000007fc  RWIX
  OTP                   003d7800   00000400  00000000  00000400  RWIX
  FLASHD                003f0000   00002000  00000000  00002000  RWIX
  FLASHC                003f2000   00002000  00000000  00002000  RWIX
  FLASHA                003f6000   00001f80  000008fe  00001682  RWIX
  CSM_RSVD              003f7f80   00000076  00000000  00000076  RWIX
  BEGIN                 003f7ff6   00000002  00000002  00000000  RWIX
  CSM_PWL_P0            003f7ff8   00000008  00000000  00000008  RWIX
  IQTABLES              003fe000   00000b50  00000000  00000b50  RWIX
  IQTABLES2             003feb50   0000008c  00000000  0000008c  RWIX
  IQTABLES3             003febdc   000000aa  00000000  000000aa  RWIX
  ROM                   003ff27c   00000d44  00000000  00000d44  RWIX
  RESET                 003fffc0   00000002  00000000  00000002  RWIX
  VECTORS               003fffc2   0000003e  00000000  0000003e  RWIX

PAGE 1:
  BOOT_RSVD             00000000   00000050  00000000  00000050  RWIX
  RAMM0                 00000050   000003b0  00000300  000000b0  RWIX
  RAMM1                 00000400   00000400  00000000  00000400  RWIX
  DEV_EMU               00000880   00000105  00000004  00000101  RWIX
  SYS_PWR_CTL           00000985   00000003  00000003  00000000  RWIX
  FLASH_REGS            00000a80   00000060  00000008  00000058  RWIX
  CSM                   00000ae0   00000010  00000010  00000000  RWIX
  ADC_RESULT            00000b00   00000020  00000020  00000000  RWIX
  CPU_TIMER0            00000c00   00000008  00000008  00000000  RWIX
  CPU_TIMER1            00000c08   00000008  00000008  00000000  RWIX
  CPU_TIMER2            00000c10   00000008  00000008  00000000  RWIX
  PIE_CTRL              00000ce0   00000020  0000001a  00000006  RWIX
  PIE_VECT              00000d00   00000100  00000100  00000000  RWIX
  COMP1                 00006400   00000020  00000011  0000000f  RWIX
  COMP2                 00006420   00000020  00000011  0000000f  RWIX
  EPWM1                 00006800   00000040  0000003a  00000006  RWIX
  EPWM2                 00006840   00000040  0000003a  00000006  RWIX
  EPWM3                 00006880   00000040  0000003a  00000006  RWIX
  EPWM4                 000068c0   00000040  0000003a  00000006  RWIX
  ECAP1                 00006a00   00000020  00000020  00000000  RWIX
  GPIOCTRL              00006f80   00000040  00000040  00000000  RWIX
  GPIODAT               00006fc0   00000020  00000020  00000000  RWIX
  GPIOINT               00006fe0   00000020  0000000a  00000016  RWIX
  SYSTEM                00007010   00000020  0000001f  00000001  RWIX
  SPIA                  00007040   00000010  00000010  00000000  RWIX
  SCIA                  00007050   00000010  00000010  00000000  RWIX
  NMIINTRUPT            00007060   00000010  00000010  00000000  RWIX
  XINTRUPT              00007070   00000010  00000010  00000000  RWIX
  ADC                   00007100   00000080  00000050  00000030  RWIX
  I2CA                  00007900   00000040  00000022  0000001e  RWIX
  DRAML0                00008800   00000800  0000003a  000007c6  RWIX
  PARTID                003d7fff   00000001  00000001  00000000  RWIX
  FLASHB                003f4000   00002000  00000000  00002000  RWIX
  CSM_PWL               003f7ff8   00000008  00000008  00000000  RWIX


SECTION ALLOCATION MAP

 output                                  attributes/
section   page    origin      length       input sections
--------  ----  ----------  ----------   ----------------
.cinit     0    003f68bd    00000042     
                  003f68bd    00000028     main.obj (.cinit)
                  003f68e5    0000000e     rts2800_ml.lib : exit.c.obj (.cinit)
                  003f68f3    00000005                    : _lock.c.obj (.cinit:__lock)
                  003f68f8    00000005                    : _lock.c.obj (.cinit:__unlock)
                  003f68fd    00000002     --HOLE-- [fill = 0]

.pinit     0    003f6000    00000000     UNINITIALIZED

.text      0    003f6000    000007b1     
                  003f6000    0000014c     DSP2802x_SysCtrl.obj (.text)
                  003f614c    000000ff     DSP2802x_DefaultIsr.obj (.text:retain)
                  003f624b    000000ee     main.obj (.text)
                  003f6339    000000ad     adc.obj (.text:retain)
                  003f63e6    00000087     LED_TM1638.obj (.text)
                  003f646d    00000087     main.obj (.text:retain)
                  003f64f4    00000078     rts2800_ml.lib : fs_add28.asm.obj (.text)
                  003f656c    00000062     DSP2802x_CpuTimers.obj (.text)
                  003f65ce    0000005a     rts2800_ml.lib : fs_mpy28.asm.obj (.text)
                  003f6628    00000054                    : boot28.asm.obj (.text)
                  003f667c    00000029                    : exit.c.obj (.text)
                  003f66a5    00000029                    : fs_tol28.asm.obj (.text)
                  003f66ce    00000028     DSP2802x_PieCtrl.obj (.text)
                  003f66f6    00000024     rts2800_ml.lib : cpy_tbl.c.obj (.text)
                  003f671a    00000022                    : i_div28.asm.obj (.text)
                  003f673c    0000001d                    : memcpy.c.obj (.text)
                  003f6759    00000019                    : args_main.c.obj (.text)
                  003f6772    00000011     DSP2802x_PieVect.obj (.text)
                  003f6783    00000010     rts2800_ml.lib : u_tofs28.asm.obj (.text)
                  003f6793    00000009                    : _lock.c.obj (.text)
                  003f679c    00000008     DSP2802x_CodeStartBranch.obj (.text)
                  003f67a4    00000007     DSP2802x_DisInt.obj (.text)
                  003f67ab    00000003     DSP2802x_DBGIER.obj (.text)
                  003f67ae    00000002     rts2800_ml.lib : pre_init.c.obj (.text)
                  003f67b0    00000001                    : startup.c.obj (.text)

codestart 
*          0    003f7ff6    00000002     
                  003f7ff6    00000002     DSP2802x_CodeStartBranch.obj (codestart)

.stack     1    00000050    00000300     UNINITIALIZED
                  00000050    00000300     --HOLE--

DevEmuRegsFile 
*          1    00000880    00000004     UNINITIALIZED
                  00000880    00000004     DSP2802x_GlobalVariableDefs.obj (DevEmuRegsFile)

SysPwrCtrlRegsFile 
*          1    00000985    00000003     UNINITIALIZED
                  00000985    00000003     DSP2802x_GlobalVariableDefs.obj (SysPwrCtrlRegsFile)

FlashRegsFile 
*          1    00000a80    00000008     UNINITIALIZED
                  00000a80    00000008     DSP2802x_GlobalVariableDefs.obj (FlashRegsFile)

CsmRegsFile 
*          1    00000ae0    00000010     UNINITIALIZED
                  00000ae0    00000010     DSP2802x_GlobalVariableDefs.obj (CsmRegsFile)

AdcResultFile 
*          1    00000b00    00000020     UNINITIALIZED
                  00000b00    00000020     DSP2802x_GlobalVariableDefs.obj (AdcResultFile)

CpuTimer0RegsFile 
*          1    00000c00    00000008     UNINITIALIZED
                  00000c00    00000008     DSP2802x_GlobalVariableDefs.obj (CpuTimer0RegsFile)

CpuTimer1RegsFile 
*          1    00000c08    00000008     UNINITIALIZED
                  00000c08    00000008     DSP2802x_GlobalVariableDefs.obj (CpuTimer1RegsFile)

CpuTimer2RegsFile 
*          1    00000c10    00000008     UNINITIALIZED
                  00000c10    00000008     DSP2802x_GlobalVariableDefs.obj (CpuTimer2RegsFile)

PieCtrlRegsFile 
*          1    00000ce0    0000001a     UNINITIALIZED
                  00000ce0    0000001a     DSP2802x_GlobalVariableDefs.obj (PieCtrlRegsFile)

Comp1RegsFile 
*          1    00006400    00000011     UNINITIALIZED
                  00006400    00000011     DSP2802x_GlobalVariableDefs.obj (Comp1RegsFile)

Comp2RegsFile 
*          1    00006420    00000011     UNINITIALIZED
                  00006420    00000011     DSP2802x_GlobalVariableDefs.obj (Comp2RegsFile)

EPwm1RegsFile 
*          1    00006800    0000003a     UNINITIALIZED
                  00006800    0000003a     DSP2802x_GlobalVariableDefs.obj (EPwm1RegsFile)

EPwm2RegsFile 
*          1    00006840    0000003a     UNINITIALIZED
                  00006840    0000003a     DSP2802x_GlobalVariableDefs.obj (EPwm2RegsFile)

EPwm3RegsFile 
*          1    00006880    0000003a     UNINITIALIZED
                  00006880    0000003a     DSP2802x_GlobalVariableDefs.obj (EPwm3RegsFile)

EPwm4RegsFile 
*          1    000068c0    0000003a     UNINITIALIZED
                  000068c0    0000003a     DSP2802x_GlobalVariableDefs.obj (EPwm4RegsFile)

.ebss      1    00008800    0000003a     UNINITIALIZED
                  00008800    00000018     DSP2802x_CpuTimers.obj (.ebss)
                  00008818    00000016     main.obj (.ebss)
                  0000882e    00000006     rts2800_ml.lib : exit.c.obj (.ebss)
                  00008834    00000002     LCD.obj (.ebss)
                  00008836    00000002     rts2800_ml.lib : _lock.c.obj (.ebss:__lock)
                  00008838    00000002                    : _lock.c.obj (.ebss:__unlock)

.econst    0    003f67b2    0000010b     
                  003f67b2    00000100     DSP2802x_PieVect.obj (.econst:_PieVectTableInit)
                  003f68b2    0000000b     LED_TM1638.obj (.econst:.string:_codetable)

.reset     0    003fffc0    00000002     DSECT
                  003fffc0    00000002     rts2800_ml.lib : boot28.asm.obj (.reset)

vectors    0    003fffc2    00000000     DSECT

PieVectTableFile 
*          1    00000d00    00000100     UNINITIALIZED
                  00000d00    00000100     DSP2802x_GlobalVariableDefs.obj (PieVectTableFile)

EmuKeyVar 
*          1    00000d00    00000001     UNINITIALIZED
                  00000d00    00000001     DSP2802x_GlobalVariableDefs.obj (EmuKeyVar)

EmuBModeVar 
*          1    00000d01    00000001     UNINITIALIZED
                  00000d01    00000001     DSP2802x_GlobalVariableDefs.obj (EmuBModeVar)

FlashCallbackVar 
*          1    00000d02    00000002     UNINITIALIZED
                  00000d02    00000002     DSP2802x_GlobalVariableDefs.obj (FlashCallbackVar)

FlashScalingVar 
*          1    00000d04    00000002     UNINITIALIZED
                  00000d04    00000002     DSP2802x_GlobalVariableDefs.obj (FlashScalingVar)

ECap1RegsFile 
*          1    00006a00    00000020     UNINITIALIZED
                  00006a00    00000020     DSP2802x_GlobalVariableDefs.obj (ECap1RegsFile)

GpioCtrlRegsFile 
*          1    00006f80    00000040     UNINITIALIZED
                  00006f80    00000040     DSP2802x_GlobalVariableDefs.obj (GpioCtrlRegsFile)

GpioDataRegsFile 
*          1    00006fc0    00000020     UNINITIALIZED
                  00006fc0    00000020     DSP2802x_GlobalVariableDefs.obj (GpioDataRegsFile)

GpioIntRegsFile 
*          1    00006fe0    0000000a     UNINITIALIZED
                  00006fe0    0000000a     DSP2802x_GlobalVariableDefs.obj (GpioIntRegsFile)

SysCtrlRegsFile 
*          1    00007010    0000001f     UNINITIALIZED
                  00007010    0000001f     DSP2802x_GlobalVariableDefs.obj (SysCtrlRegsFile)

SpiaRegsFile 
*          1    00007040    00000010     UNINITIALIZED
                  00007040    00000010     DSP2802x_GlobalVariableDefs.obj (SpiaRegsFile)

SciaRegsFile 
*          1    00007050    00000010     UNINITIALIZED
                  00007050    00000010     DSP2802x_GlobalVariableDefs.obj (SciaRegsFile)

NmiIntruptRegsFile 
*          1    00007060    00000010     UNINITIALIZED
                  00007060    00000010     DSP2802x_GlobalVariableDefs.obj (NmiIntruptRegsFile)

XIntruptRegsFile 
*          1    00007070    00000010     UNINITIALIZED
                  00007070    00000010     DSP2802x_GlobalVariableDefs.obj (XIntruptRegsFile)

AdcRegsFile 
*          1    00007100    00000050     UNINITIALIZED
                  00007100    00000050     DSP2802x_GlobalVariableDefs.obj (AdcRegsFile)

I2caRegsFile 
*          1    00007900    00000022     UNINITIALIZED
                  00007900    00000022     DSP2802x_GlobalVariableDefs.obj (I2caRegsFile)

PartIdRegsFile 
*          1    003d7fff    00000001     UNINITIALIZED
                  003d7fff    00000001     DSP2802x_GlobalVariableDefs.obj (PartIdRegsFile)

CsmPwlFile 
*          1    003f7ff8    00000008     UNINITIALIZED
                  003f7ff8    00000008     DSP2802x_GlobalVariableDefs.obj (CsmPwlFile)

ramfuncs   0    00008000    00000004     
                  00008000    00000004     DSP2802x_usDelay.obj (ramfuncs)

MODULE SUMMARY

       Module                            code   initialized data   uninitialized data
       ------                            ----   ----------------   ------------------
    .\
       DSP2802x_GlobalVariableDefs.obj   0      0                  997               
       main.obj                          373    40                 22                
       adc.obj                           173    0                  0                 
       LED_TM1638.obj                    135    11                 0                 
       LCD.obj                           0      0                  2                 
    +--+---------------------------------+------+------------------+--------------------+
       Total:                            681    51                 1021              
                                                                                     
    .\source\
       DSP2802x_SysCtrl.obj              332    0                  0                 
       DSP2802x_PieVect.obj              17     256                0                 
       DSP2802x_DefaultIsr.obj           255    0                  0                 
       DSP2802x_CpuTimers.obj            98     0                  24                
       DSP2802x_PieCtrl.obj              40     0                  0                 
       DSP2802x_CodeStartBranch.obj      10     0                  0                 
       DSP2802x_DisInt.obj               7      0                  0                 
       DSP2802x_usDelay.obj              4      0                  0                 
       DSP2802x_DBGIER.obj               3      0                  0                 
    +--+---------------------------------+------+------------------+--------------------+
       Total:                            766    256                24                
                                                                                     
    C:\ti\ccs810\ccsv8\tools\compiler\ti-cgt-c2000_18.1.2.LTS\lib\rts2800_ml.lib
       fs_add28.asm.obj                  120    0                  0                 
       fs_mpy28.asm.obj                  90     0                  0                 
       boot28.asm.obj                    84     0                  0                 
       exit.c.obj                        41     14                 6                 
       fs_tol28.asm.obj                  41     0                  0                 
       cpy_tbl.c.obj                     36     0                  0                 
       i_div28.asm.obj                   34     0                  0                 
       memcpy.c.obj                      29     0                  0                 
       args_main.c.obj                   25     0                  0                 
       _lock.c.obj                       9      10                 4                 
       u_tofs28.asm.obj                  16     0                  0                 
       pre_init.c.obj                    2      0                  0                 
       startup.c.obj                     1      0                  0                 
    +--+---------------------------------+------+------------------+--------------------+
       Total:                            528    24                 10                
                                                                                     
       Stack:                            0      0                  768               
    +--+---------------------------------+------+------------------+--------------------+
       Grand Total:                      1975   331                1823              


GLOBAL DATA SYMBOLS: SORTED BY DATA PAGE

address     data page           name
--------    ----------------    ----
00000050       1 (00000040)     __stack

00000880      22 (00000880)     _DevEmuRegs

00000985      26 (00000980)     _SysPwrCtrlRegs

00000a80      2a (00000a80)     _FlashRegs

00000ae0      2b (00000ac0)     _CsmRegs

00000b00      2c (00000b00)     _AdcResult

00000c00      30 (00000c00)     _CpuTimer0Regs
00000c08      30 (00000c00)     _CpuTimer1Regs
00000c10      30 (00000c00)     _CpuTimer2Regs

00000ce0      33 (00000cc0)     _PieCtrlRegs

00000d00      34 (00000d00)     _EmuKey
00000d00      34 (00000d00)     _PieVectTable
00000d01      34 (00000d00)     _EmuBMode
00000d02      34 (00000d00)     _Flash_CallbackPtr
00000d04      34 (00000d00)     _Flash_CPUScaleFactor

00006400     190 (00006400)     _Comp1Regs
00006420     190 (00006400)     _Comp2Regs

00006800     1a0 (00006800)     _EPwm1Regs

00006840     1a1 (00006840)     _EPwm2Regs

00006880     1a2 (00006880)     _EPwm3Regs

000068c0     1a3 (000068c0)     _EPwm4Regs

00006a00     1a8 (00006a00)     _ECap1Regs

00006f80     1be (00006f80)     _GpioCtrlRegs

00006fc0     1bf (00006fc0)     _GpioDataRegs
00006fe0     1bf (00006fc0)     _GpioIntRegs

00007010     1c0 (00007000)     _SysCtrlRegs

00007040     1c1 (00007040)     _SpiaRegs
00007050     1c1 (00007040)     _SciaRegs
00007060     1c1 (00007040)     _NmiIntruptRegs
00007070     1c1 (00007040)     _XIntruptRegs

00007100     1c4 (00007100)     _AdcRegs

00007900     1e4 (00007900)     _I2caRegs

00008800     220 (00008800)     _CpuTimer1
00008808     220 (00008800)     _CpuTimer2
00008810     220 (00008800)     _CpuTimer0
00008818     220 (00008800)     _period
00008819     220 (00008800)     _hightime
0000881a     220 (00008800)     _KeyDLTime
0000881b     220 (00008800)     _LedFlashCtr
0000881c     220 (00008800)     _NewLedEn
0000881d     220 (00008800)     _ADC_GD
0000881e     220 (00008800)     _ADC_FK
0000881f     220 (00008800)     _ledtmp
00008820     220 (00008800)     _adcptr
00008821     220 (00008800)     _PWM1Prd
00008822     220 (00008800)     _hourL
00008823     220 (00008800)     _minH
00008824     220 (00008800)     _hourH
00008825     220 (00008800)     _TenmS
00008826     220 (00008800)     _Running
00008827     220 (00008800)     _secH
00008828     220 (00008800)     _secL
00008829     220 (00008800)     _minL
0000882a     220 (00008800)     _ADC_FKF
0000882c     220 (00008800)     _ADC_GDF
0000882e     220 (00008800)     ___TI_enable_exit_profile_output
00008830     220 (00008800)     ___TI_cleanup_ptr
00008832     220 (00008800)     ___TI_dtors_ptr
00008834     220 (00008800)     _BACK_COLOR
00008835     220 (00008800)     _POINT_COLOR
00008836     220 (00008800)     __lock
00008838     220 (00008800)     __unlock

003d7fff    f5ff (003d7fc0)     _PartIdRegs

003f67b2    fd9e (003f6780)     _PieVectTableInit

003f68b2    fda2 (003f6880)     _codetable

003f7ff8    fdff (003f7fc0)     _CsmPwl


GLOBAL SYMBOLS: SORTED ALPHABETICALLY BY Name 

page  address   name                            
----  -------   ----                            
0     003f6000  .text                           
0     003f667c  C$$EXIT                         
0     003f64f9  FS$$ADD                         
0     003f65ce  FS$$MPY                         
0     003f64f4  FS$$SUB                         
0     003f66a5  FS$$TOL                         
0     003f671a  I$$DIV                          
0     003f672b  I$$MOD                          
0     003f6783  U$$TOFS                         
0     003f6246  _ADCINT1_ISR                    
0     003f6241  _ADCINT2_ISR                    
0     003f623c  _ADCINT3_ISR                    
0     003f6237  _ADCINT4_ISR                    
0     003f6232  _ADCINT5_ISR                    
0     003f622d  _ADCINT6_ISR                    
0     003f6228  _ADCINT7_ISR                    
0     003f6223  _ADCINT8_ISR                    
0     003f621e  _ADCINT9_ISR                    
1     0000881e  _ADC_FK                         
1     0000882a  _ADC_FKF                        
1     0000881d  _ADC_GD                         
1     0000882c  _ADC_GDF                        
1     00007100  _AdcRegs                        
1     00000b00  _AdcResult                      
1     00008834  _BACK_COLOR                     
1     00006400  _Comp1Regs                      
1     00006420  _Comp2Regs                      
0     003f65a9  _ConfigCpuTimer                 
1     00008810  _CpuTimer0                      
1     00000c00  _CpuTimer0Regs                  
1     00008800  _CpuTimer1                      
1     00000c08  _CpuTimer1Regs                  
1     00008808  _CpuTimer2                      
1     00000c10  _CpuTimer2Regs                  
1     003f7ff8  _CsmPwl                         
1     00000ae0  _CsmRegs                        
0     003f611e  _CsmUnlock                      
0     003f6219  _DATALOG_ISR                    
0     003f67a4  _DSP28x_DisableInt              
0     003f67a8  _DSP28x_RestoreInt              
0     00008000  _DSP28x_usDelay                 
1     00000880  _DevEmuRegs                     
0     003f6040  _DisableDog                     
0     003f6214  _ECAP1_INT_ISR                  
1     00006a00  _ECap1Regs                      
0     003f620f  _EMPTY_ISR                      
0     003f620a  _EMUINT_ISR                     
0     003f6205  _EPWM1_INT_ISR                  
0     003f6200  _EPWM1_TZINT_ISR                
0     003f61fb  _EPWM2_INT_ISR                  
0     003f61f6  _EPWM2_TZINT_ISR                
0     003f61f1  _EPWM3_INT_ISR                  
0     003f61ec  _EPWM3_TZINT_ISR                
0     003f61e7  _EPWM4_INT_ISR                  
0     003f61e2  _EPWM4_TZINT_ISR                
1     00006800  _EPwm1Regs                      
1     00006840  _EPwm2Regs                      
1     00006880  _EPwm3Regs                      
1     000068c0  _EPwm4Regs                      
1     00000d01  _EmuBMode                       
1     00000d00  _EmuKey                         
0     003f66ed  _EnableInterrupts               
0     003f6106  _ExtOscSel                      
1     00000a80  _FlashRegs                      
1     00000d04  _Flash_CPUScaleFactor           
1     00000d02  _Flash_CallbackPtr              
1     00006f80  _GpioCtrlRegs                   
1     00006fc0  _GpioDataRegs                   
1     00006fe0  _GpioIntRegs                    
0     003f6318  _HorseRunning                   
0     003f61dd  _I2CINT1A_ISR                   
0     003f61d8  _I2CINT2A_ISR                   
1     00007900  _I2caRegs                       
0     003f61d3  _ILLEGAL_ISR                    
0     003f61ce  _INT13_ISR                      
0     003f61c9  _INT14_ISR                      
0     003f656c  _InitCpuTimers                  
0     003f60e9  _InitFlash                      
0     003f641c  _InitLEDGpio                    
0     003f609a  _InitPeripheralClocks           
0     003f66ce  _InitPieCtrl                    
0     003f6772  _InitPieVectTable               
0     003f6048  _InitPll                        
0     003f60d1  _InitSysCtrl                    
0     003f6030  _IntOsc1Sel                     
0     003f601e  _IntOsc2Sel                     
1     0000881a  _KeyDLTime                      
0     003f6453  _LED_Show                       
1     0000881b  _LedFlashCtr                    
0     003f6339  _MyAdcInt1_isr                  
0     003f61c4  _NMI_ISR                        
1     0000881c  _NewLedEn                       
1     00007060  _NmiIntruptRegs                 
0     003f61bf  _PIE_RESERVED                   
1     00008835  _POINT_COLOR                    
1     00008821  _PWM1Prd                        
1     003d7fff  _PartIdRegs                     
1     00000ce0  _PieCtrlRegs                    
1     00000d00  _PieVectTable                   
0     003f67b2  _PieVectTableInit               
0     003f61ba  _RTOSINT_ISR                    
1     00008826  _Running                        
0     003f61b5  _SCIRXINTA_ISR                  
0     003f61b0  _SCITXINTA_ISR                  
0     003f61ab  _SPIRXINTA_ISR                  
0     003f61a6  _SPITXINTA_ISR                  
1     00007050  _SciaRegs                       
0     003f6014  _ServiceDog                     
0     003f67ab  _SetDBGIER                      
1     00007040  _SpiaRegs                       
1     00007010  _SysCtrlRegs                    
1     00000985  _SysPwrCtrlRegs                 
0     003f61a1  _TINT0_ISR                      
0     003f6433  _TM1638_Init                    
0     003f6404  _TM1638_WriteLED                
0     003f63e6  _TM1638_Write_Byte              
0     003f63f8  _TM1638_Write_Command           
1     00008825  _TenmS                          
0     003f619c  _USER10_ISR                     
0     003f6197  _USER11_ISR                     
0     003f6192  _USER12_ISR                     
0     003f618d  _USER1_ISR                      
0     003f6188  _USER2_ISR                      
0     003f6183  _USER3_ISR                      
0     003f617e  _USER4_ISR                      
0     003f6179  _USER5_ISR                      
0     003f6174  _USER6_ISR                      
0     003f616f  _USER7_ISR                      
0     003f616a  _USER8_ISR                      
0     003f6165  _USER9_ISR                      
0     003f6160  _WAKEINT_ISR                    
0     003f615b  _XINT1_ISR                      
0     003f6156  _XINT2_ISR                      
0     003f6151  _XINT3_ISR                      
1     00007070  _XIntruptRegs                   
0     003f624b  _Xint1_Init                     
0     003f6000  _XtalOscSel                     
1     00000350  __STACK_END                     
abs   00000300  __STACK_SIZE                    
1     00008830  ___TI_cleanup_ptr               
1     00008832  ___TI_dtors_ptr                 
1     0000882e  ___TI_enable_exit_profile_output
abs   ffffffff  ___TI_pprof_out_hndl            
abs   ffffffff  ___TI_prof_data_size            
abs   ffffffff  ___TI_prof_data_start           
abs   ffffffff  ___binit__                      
abs   ffffffff  ___c_args__                     
0     003f68bd  ___cinit__                      
0     003f67b1  ___etext__                      
abs   ffffffff  ___pinit__                      
0     003f6000  ___text__                       
0     003f6759  __args_main                     
1     00008836  __lock                          
0     003f679b  __nop                           
0     003f6797  __register_lock                 
0     003f6793  __register_unlock               
1     00000050  __stack                         
0     003f67b0  __system_post_cinit             
0     003f67ae  __system_pre_init               
1     00008838  __unlock                        
0     003f667c  _abort                          
1     00008820  _adcptr                         
0     003f6628  _c_int00                        
0     003f68b2  _codetable                      
0     003f66f6  _copy_in                        
0     003f64a7  _cpu_timer0_isr                 
0     003f667e  _exit                           
1     00008819  _hightime                       
1     00008824  _hourH                          
1     00008822  _hourL                          
1     0000881f  _ledtmp                         
0     003f6268  _main                           
0     003f673c  _memcpy                         
1     00008823  _minH                           
1     00008829  _minL                           
0     003f646d  _myXint1_isr                    
1     00008818  _period                         
0     003f614c  _rsvd_ISR                       
1     00008827  _secH                           
1     00008828  _secL                           
abs   ffffffff  binit                           
0     003f68bd  cinit                           
0     003f7ff6  code_start                      
0     003f67b1  etext                           
abs   ffffffff  pinit                           


GLOBAL SYMBOLS: SORTED BY Symbol Address 

page  address   name                            
----  -------   ----                            
0     00008000  _DSP28x_usDelay                 
0     003f6000  .text                           
0     003f6000  _XtalOscSel                     
0     003f6000  ___text__                       
0     003f6014  _ServiceDog                     
0     003f601e  _IntOsc2Sel                     
0     003f6030  _IntOsc1Sel                     
0     003f6040  _DisableDog                     
0     003f6048  _InitPll                        
0     003f609a  _InitPeripheralClocks           
0     003f60d1  _InitSysCtrl                    
0     003f60e9  _InitFlash                      
0     003f6106  _ExtOscSel                      
0     003f611e  _CsmUnlock                      
0     003f614c  _rsvd_ISR                       
0     003f6151  _XINT3_ISR                      
0     003f6156  _XINT2_ISR                      
0     003f615b  _XINT1_ISR                      
0     003f6160  _WAKEINT_ISR                    
0     003f6165  _USER9_ISR                      
0     003f616a  _USER8_ISR                      
0     003f616f  _USER7_ISR                      
0     003f6174  _USER6_ISR                      
0     003f6179  _USER5_ISR                      
0     003f617e  _USER4_ISR                      
0     003f6183  _USER3_ISR                      
0     003f6188  _USER2_ISR                      
0     003f618d  _USER1_ISR                      
0     003f6192  _USER12_ISR                     
0     003f6197  _USER11_ISR                     
0     003f619c  _USER10_ISR                     
0     003f61a1  _TINT0_ISR                      
0     003f61a6  _SPITXINTA_ISR                  
0     003f61ab  _SPIRXINTA_ISR                  
0     003f61b0  _SCITXINTA_ISR                  
0     003f61b5  _SCIRXINTA_ISR                  
0     003f61ba  _RTOSINT_ISR                    
0     003f61bf  _PIE_RESERVED                   
0     003f61c4  _NMI_ISR                        
0     003f61c9  _INT14_ISR                      
0     003f61ce  _INT13_ISR                      
0     003f61d3  _ILLEGAL_ISR                    
0     003f61d8  _I2CINT2A_ISR                   
0     003f61dd  _I2CINT1A_ISR                   
0     003f61e2  _EPWM4_TZINT_ISR                
0     003f61e7  _EPWM4_INT_ISR                  
0     003f61ec  _EPWM3_TZINT_ISR                
0     003f61f1  _EPWM3_INT_ISR                  
0     003f61f6  _EPWM2_TZINT_ISR                
0     003f61fb  _EPWM2_INT_ISR                  
0     003f6200  _EPWM1_TZINT_ISR                
0     003f6205  _EPWM1_INT_ISR                  
0     003f620a  _EMUINT_ISR                     
0     003f620f  _EMPTY_ISR                      
0     003f6214  _ECAP1_INT_ISR                  
0     003f6219  _DATALOG_ISR                    
0     003f621e  _ADCINT9_ISR                    
0     003f6223  _ADCINT8_ISR                    
0     003f6228  _ADCINT7_ISR                    
0     003f622d  _ADCINT6_ISR                    
0     003f6232  _ADCINT5_ISR                    
0     003f6237  _ADCINT4_ISR                    
0     003f623c  _ADCINT3_ISR                    
0     003f6241  _ADCINT2_ISR                    
0     003f6246  _ADCINT1_ISR                    
0     003f624b  _Xint1_Init                     
0     003f6268  _main                           
0     003f6318  _HorseRunning                   
0     003f6339  _MyAdcInt1_isr                  
0     003f63e6  _TM1638_Write_Byte              
0     003f63f8  _TM1638_Write_Command           
0     003f6404  _TM1638_WriteLED                
0     003f641c  _InitLEDGpio                    
0     003f6433  _TM1638_Init                    
0     003f6453  _LED_Show                       
0     003f646d  _myXint1_isr                    
0     003f64a7  _cpu_timer0_isr                 
0     003f64f4  FS$$SUB                         
0     003f64f9  FS$$ADD                         
0     003f656c  _InitCpuTimers                  
0     003f65a9  _ConfigCpuTimer                 
0     003f65ce  FS$$MPY                         
0     003f6628  _c_int00                        
0     003f667c  C$$EXIT                         
0     003f667c  _abort                          
0     003f667e  _exit                           
0     003f66a5  FS$$TOL                         
0     003f66ce  _InitPieCtrl                    
0     003f66ed  _EnableInterrupts               
0     003f66f6  _copy_in                        
0     003f671a  I$$DIV                          
0     003f672b  I$$MOD                          
0     003f673c  _memcpy                         
0     003f6759  __args_main                     
0     003f6772  _InitPieVectTable               
0     003f6783  U$$TOFS                         
0     003f6793  __register_unlock               
0     003f6797  __register_lock                 
0     003f679b  __nop                           
0     003f67a4  _DSP28x_DisableInt              
0     003f67a8  _DSP28x_RestoreInt              
0     003f67ab  _SetDBGIER                      
0     003f67ae  __system_pre_init               
0     003f67b0  __system_post_cinit             
0     003f67b1  ___etext__                      
0     003f67b1  etext                           
0     003f67b2  _PieVectTableInit               
0     003f68b2  _codetable                      
0     003f68bd  ___cinit__                      
0     003f68bd  cinit                           
0     003f7ff6  code_start                      
1     00000050  __stack                         
1     00000350  __STACK_END                     
1     00000880  _DevEmuRegs                     
1     00000985  _SysPwrCtrlRegs                 
1     00000a80  _FlashRegs                      
1     00000ae0  _CsmRegs                        
1     00000b00  _AdcResult                      
1     00000c00  _CpuTimer0Regs                  
1     00000c08  _CpuTimer1Regs                  
1     00000c10  _CpuTimer2Regs                  
1     00000ce0  _PieCtrlRegs                    
1     00000d00  _EmuKey                         
1     00000d00  _PieVectTable                   
1     00000d01  _EmuBMode                       
1     00000d02  _Flash_CallbackPtr              
1     00000d04  _Flash_CPUScaleFactor           
1     00006400  _Comp1Regs                      
1     00006420  _Comp2Regs                      
1     00006800  _EPwm1Regs                      
1     00006840  _EPwm2Regs                      
1     00006880  _EPwm3Regs                      
1     000068c0  _EPwm4Regs                      
1     00006a00  _ECap1Regs                      
1     00006f80  _GpioCtrlRegs                   
1     00006fc0  _GpioDataRegs                   
1     00006fe0  _GpioIntRegs                    
1     00007010  _SysCtrlRegs                    
1     00007040  _SpiaRegs                       
1     00007050  _SciaRegs                       
1     00007060  _NmiIntruptRegs                 
1     00007070  _XIntruptRegs                   
1     00007100  _AdcRegs                        
1     00007900  _I2caRegs                       
1     00008800  _CpuTimer1                      
1     00008808  _CpuTimer2                      
1     00008810  _CpuTimer0                      
1     00008818  _period                         
1     00008819  _hightime                       
1     0000881a  _KeyDLTime                      
1     0000881b  _LedFlashCtr                    
1     0000881c  _NewLedEn                       
1     0000881d  _ADC_GD                         
1     0000881e  _ADC_FK                         
1     0000881f  _ledtmp                         
1     00008820  _adcptr                         
1     00008821  _PWM1Prd                        
1     00008822  _hourL                          
1     00008823  _minH                           
1     00008824  _hourH                          
1     00008825  _TenmS                          
1     00008826  _Running                        
1     00008827  _secH                           
1     00008828  _secL                           
1     00008829  _minL                           
1     0000882a  _ADC_FKF                        
1     0000882c  _ADC_GDF                        
1     0000882e  ___TI_enable_exit_profile_output
1     00008830  ___TI_cleanup_ptr               
1     00008832  ___TI_dtors_ptr                 
1     00008834  _BACK_COLOR                     
1     00008835  _POINT_COLOR                    
1     00008836  __lock                          
1     00008838  __unlock                        
1     003d7fff  _PartIdRegs                     
1     003f7ff8  _CsmPwl                         
abs   00000300  __STACK_SIZE                    
abs   ffffffff  ___TI_pprof_out_hndl            
abs   ffffffff  ___TI_prof_data_size            
abs   ffffffff  ___TI_prof_data_start           
abs   ffffffff  ___binit__                      
abs   ffffffff  ___c_args__                     
abs   ffffffff  ___pinit__                      
abs   ffffffff  binit                           
abs   ffffffff  pinit                           

[185 symbols]
