<?xml version="1.0" encoding="ISO-8859-1" ?>
<link_info>
   <banner>TMS320C2000 Linker PC v18.1.2.LTS</banner>
   <copyright>Copyright (c) 1996-2017 Texas Instruments Incorporated</copyright>
   <link_time>0x6623c1cf</link_time>
   <link_errors>0x0</link_errors>
   <output_file>EXP4.out</output_file>
   <entry_point>
      <name>_c_int00</name>
      <address>0x3f66f6</address>
   </entry_point>
   <input_file_list>
      <input_file id="fl-2">
         <path>.\</path>
         <kind>object</kind>
         <file>DSP2802x_GlobalVariableDefs.obj</file>
         <name>DSP2802x_GlobalVariableDefs.obj</name>
      </input_file>
      <input_file id="fl-3">
         <path>.\</path>
         <kind>object</kind>
         <file>LED_TM1638.obj</file>
         <name>LED_TM1638.obj</name>
      </input_file>
      <input_file id="fl-4">
         <path>.\</path>
         <kind>object</kind>
         <file>main.obj</file>
         <name>main.obj</name>
      </input_file>
      <input_file id="fl-5">
         <path>.\source\</path>
         <kind>object</kind>
         <file>DSP2802x_Adc.obj</file>
         <name>DSP2802x_Adc.obj</name>
      </input_file>
      <input_file id="fl-6">
         <path>.\source\</path>
         <kind>object</kind>
         <file>DSP2802x_CodeStartBranch.obj</file>
         <name>DSP2802x_CodeStartBranch.obj</name>
      </input_file>
      <input_file id="fl-7">
         <path>.\source\</path>
         <kind>object</kind>
         <file>DSP2802x_Comp.obj</file>
         <name>DSP2802x_Comp.obj</name>
      </input_file>
      <input_file id="fl-8">
         <path>.\source\</path>
         <kind>object</kind>
         <file>DSP2802x_CpuTimers.obj</file>
         <name>DSP2802x_CpuTimers.obj</name>
      </input_file>
      <input_file id="fl-9">
         <path>.\source\</path>
         <kind>object</kind>
         <file>DSP2802x_DBGIER.obj</file>
         <name>DSP2802x_DBGIER.obj</name>
      </input_file>
      <input_file id="fl-a">
         <path>.\source\</path>
         <kind>object</kind>
         <file>DSP2802x_DefaultIsr.obj</file>
         <name>DSP2802x_DefaultIsr.obj</name>
      </input_file>
      <input_file id="fl-b">
         <path>.\source\</path>
         <kind>object</kind>
         <file>DSP2802x_DisInt.obj</file>
         <name>DSP2802x_DisInt.obj</name>
      </input_file>
      <input_file id="fl-c">
         <path>.\source\</path>
         <kind>object</kind>
         <file>DSP2802x_ECap.obj</file>
         <name>DSP2802x_ECap.obj</name>
      </input_file>
      <input_file id="fl-d">
         <path>.\source\</path>
         <kind>object</kind>
         <file>DSP2802x_EPwm.obj</file>
         <name>DSP2802x_EPwm.obj</name>
      </input_file>
      <input_file id="fl-e">
         <path>.\source\</path>
         <kind>object</kind>
         <file>DSP2802x_Gpio.obj</file>
         <name>DSP2802x_Gpio.obj</name>
      </input_file>
      <input_file id="fl-f">
         <path>.\source\</path>
         <kind>object</kind>
         <file>DSP2802x_I2C.obj</file>
         <name>DSP2802x_I2C.obj</name>
      </input_file>
      <input_file id="fl-10">
         <path>.\source\</path>
         <kind>object</kind>
         <file>DSP2802x_MemCopy.obj</file>
         <name>DSP2802x_MemCopy.obj</name>
      </input_file>
      <input_file id="fl-11">
         <path>.\source\</path>
         <kind>object</kind>
         <file>DSP2802x_OscComp.obj</file>
         <name>DSP2802x_OscComp.obj</name>
      </input_file>
      <input_file id="fl-12">
         <path>.\source\</path>
         <kind>object</kind>
         <file>DSP2802x_PieCtrl.obj</file>
         <name>DSP2802x_PieCtrl.obj</name>
      </input_file>
      <input_file id="fl-13">
         <path>.\source\</path>
         <kind>object</kind>
         <file>DSP2802x_PieVect.obj</file>
         <name>DSP2802x_PieVect.obj</name>
      </input_file>
      <input_file id="fl-14">
         <path>.\source\</path>
         <kind>object</kind>
         <file>DSP2802x_Sci.obj</file>
         <name>DSP2802x_Sci.obj</name>
      </input_file>
      <input_file id="fl-15">
         <path>.\source\</path>
         <kind>object</kind>
         <file>DSP2802x_Spi.obj</file>
         <name>DSP2802x_Spi.obj</name>
      </input_file>
      <input_file id="fl-16">
         <path>.\source\</path>
         <kind>object</kind>
         <file>DSP2802x_SysCtrl.obj</file>
         <name>DSP2802x_SysCtrl.obj</name>
      </input_file>
      <input_file id="fl-17">
         <path>.\source\</path>
         <kind>object</kind>
         <file>DSP2802x_TempSensorConv.obj</file>
         <name>DSP2802x_TempSensorConv.obj</name>
      </input_file>
      <input_file id="fl-18">
         <path>.\source\</path>
         <kind>object</kind>
         <file>DSP2802x_usDelay.obj</file>
         <name>DSP2802x_usDelay.obj</name>
      </input_file>
      <input_file id="fl-1d">
         <kind>object</kind>
         <file>&lt;internal&gt;</file>
         <name>&lt;internal&gt;</name>
      </input_file>
      <input_file id="fl-29">
         <path>C:\ti\ccsv8\tools\compiler\ti-cgt-c2000_18.1.2.LTS\lib\</path>
         <kind>archive</kind>
         <file>rts2800_ml.lib</file>
         <name>boot28.asm.obj</name>
      </input_file>
      <input_file id="fl-2a">
         <path>C:\ti\ccsv8\tools\compiler\ti-cgt-c2000_18.1.2.LTS\lib\</path>
         <kind>archive</kind>
         <file>rts2800_ml.lib</file>
         <name>fs_div28.asm.obj</name>
      </input_file>
      <input_file id="fl-2b">
         <path>C:\ti\ccsv8\tools\compiler\ti-cgt-c2000_18.1.2.LTS\lib\</path>
         <kind>archive</kind>
         <file>rts2800_ml.lib</file>
         <name>fs_mpy28.asm.obj</name>
      </input_file>
      <input_file id="fl-2c">
         <path>C:\ti\ccsv8\tools\compiler\ti-cgt-c2000_18.1.2.LTS\lib\</path>
         <kind>archive</kind>
         <file>rts2800_ml.lib</file>
         <name>fs_toi28.asm.obj</name>
      </input_file>
      <input_file id="fl-2d">
         <path>C:\ti\ccsv8\tools\compiler\ti-cgt-c2000_18.1.2.LTS\lib\</path>
         <kind>archive</kind>
         <file>rts2800_ml.lib</file>
         <name>fs_tol28.asm.obj</name>
      </input_file>
      <input_file id="fl-2e">
         <path>C:\ti\ccsv8\tools\compiler\ti-cgt-c2000_18.1.2.LTS\lib\</path>
         <kind>archive</kind>
         <file>rts2800_ml.lib</file>
         <name>i_div28.asm.obj</name>
      </input_file>
      <input_file id="fl-2f">
         <path>C:\ti\ccsv8\tools\compiler\ti-cgt-c2000_18.1.2.LTS\lib\</path>
         <kind>archive</kind>
         <file>rts2800_ml.lib</file>
         <name>u_tofs28.asm.obj</name>
      </input_file>
      <input_file id="fl-30">
         <path>C:\ti\ccsv8\tools\compiler\ti-cgt-c2000_18.1.2.LTS\lib\</path>
         <kind>archive</kind>
         <file>rts2800_ml.lib</file>
         <name>l_tofs28.asm.obj</name>
      </input_file>
      <input_file id="fl-31">
         <path>C:\ti\ccsv8\tools\compiler\ti-cgt-c2000_18.1.2.LTS\lib\</path>
         <kind>archive</kind>
         <file>rts2800_ml.lib</file>
         <name>l_div28.asm.obj</name>
      </input_file>
      <input_file id="fl-32">
         <path>C:\ti\ccsv8\tools\compiler\ti-cgt-c2000_18.1.2.LTS\lib\</path>
         <kind>archive</kind>
         <file>rts2800_ml.lib</file>
         <name>cpy_tbl.c.obj</name>
      </input_file>
      <input_file id="fl-33">
         <path>C:\ti\ccsv8\tools\compiler\ti-cgt-c2000_18.1.2.LTS\lib\</path>
         <kind>archive</kind>
         <file>rts2800_ml.lib</file>
         <name>memcpy.c.obj</name>
      </input_file>
      <input_file id="fl-34">
         <path>C:\ti\ccsv8\tools\compiler\ti-cgt-c2000_18.1.2.LTS\lib\</path>
         <kind>archive</kind>
         <file>rts2800_ml.lib</file>
         <name>pre_init.c.obj</name>
      </input_file>
      <input_file id="fl-35">
         <path>C:\ti\ccsv8\tools\compiler\ti-cgt-c2000_18.1.2.LTS\lib\</path>
         <kind>archive</kind>
         <file>rts2800_ml.lib</file>
         <name>startup.c.obj</name>
      </input_file>
      <input_file id="fl-36">
         <path>C:\ti\ccsv8\tools\compiler\ti-cgt-c2000_18.1.2.LTS\lib\</path>
         <kind>archive</kind>
         <file>rts2800_ml.lib</file>
         <name>exit.c.obj</name>
      </input_file>
      <input_file id="fl-37">
         <path>C:\ti\ccsv8\tools\compiler\ti-cgt-c2000_18.1.2.LTS\lib\</path>
         <kind>archive</kind>
         <file>rts2800_ml.lib</file>
         <name>_lock.c.obj</name>
      </input_file>
      <input_file id="fl-38">
         <path>C:\ti\ccsv8\tools\compiler\ti-cgt-c2000_18.1.2.LTS\lib\</path>
         <kind>archive</kind>
         <file>rts2800_ml.lib</file>
         <name>args_main.c.obj</name>
      </input_file>
   </input_file_list>
   <object_component_list>
      <object_component id="oc-60">
         <name>.cinit</name>
         <load_address>0x3f6a0d</load_address>
         <run_address>0x3f6a0d</run_address>
         <size>0x26</size>
         <input_file_ref idref="fl-4"/>
      </object_component>
      <object_component id="oc-111">
         <name>.cinit</name>
         <load_address>0x3f6a33</load_address>
         <run_address>0x3f6a33</run_address>
         <size>0xe</size>
         <input_file_ref idref="fl-36"/>
      </object_component>
      <object_component id="oc-129">
         <name>.cinit:__lock</name>
         <load_address>0x3f6a41</load_address>
         <run_address>0x3f6a41</run_address>
         <size>0x5</size>
         <input_file_ref idref="fl-37"/>
      </object_component>
      <object_component id="oc-130">
         <name>.cinit:__unlock</name>
         <load_address>0x3f6a46</load_address>
         <run_address>0x3f6a46</run_address>
         <size>0x5</size>
         <input_file_ref idref="fl-37"/>
      </object_component>
      <object_component id="oc-126">
         <name>.text</name>
         <load_address>0x3f6000</load_address>
         <run_address>0x3f6000</run_address>
         <size>0x20d</size>
         <input_file_ref idref="fl-4"/>
      </object_component>
      <object_component id="oc-12a">
         <name>.text</name>
         <load_address>0x3f620d</load_address>
         <run_address>0x3f620d</run_address>
         <size>0x149</size>
         <input_file_ref idref="fl-16"/>
      </object_component>
      <object_component id="oc-83">
         <name>.text:retain</name>
         <load_address>0x3f6356</load_address>
         <run_address>0x3f6356</run_address>
         <size>0xff</size>
         <input_file_ref idref="fl-a"/>
      </object_component>
      <object_component id="oc-62">
         <name>.text:retain</name>
         <load_address>0x3f6455</load_address>
         <run_address>0x3f6455</run_address>
         <size>0xb8</size>
         <input_file_ref idref="fl-4"/>
      </object_component>
      <object_component id="oc-12e">
         <name>.text</name>
         <load_address>0x3f650d</load_address>
         <run_address>0x3f650d</run_address>
         <size>0x99</size>
         <input_file_ref idref="fl-3"/>
      </object_component>
      <object_component id="oc-d4">
         <name>.text</name>
         <load_address>0x3f65a6</load_address>
         <run_address>0x3f65a6</run_address>
         <size>0x83</size>
         <input_file_ref idref="fl-2a"/>
      </object_component>
      <object_component id="oc-12d">
         <name>.text</name>
         <load_address>0x3f6629</load_address>
         <run_address>0x3f6629</run_address>
         <size>0x73</size>
         <input_file_ref idref="fl-8"/>
      </object_component>
      <object_component id="oc-d9">
         <name>.text</name>
         <load_address>0x3f669c</load_address>
         <run_address>0x3f669c</run_address>
         <size>0x5a</size>
         <input_file_ref idref="fl-2b"/>
      </object_component>
      <object_component id="oc-36">
         <name>.text</name>
         <load_address>0x3f66f6</load_address>
         <run_address>0x3f66f6</run_address>
         <size>0x54</size>
         <input_file_ref idref="fl-29"/>
      </object_component>
      <object_component id="oc-f7">
         <name>.text</name>
         <load_address>0x3f674a</load_address>
         <run_address>0x3f674a</run_address>
         <size>0x2a</size>
         <input_file_ref idref="fl-31"/>
      </object_component>
      <object_component id="oc-125">
         <name>.text</name>
         <load_address>0x3f6774</load_address>
         <run_address>0x3f6774</run_address>
         <size>0x29</size>
         <input_file_ref idref="fl-36"/>
      </object_component>
      <object_component id="oc-e3">
         <name>.text</name>
         <load_address>0x3f679d</load_address>
         <run_address>0x3f679d</run_address>
         <size>0x29</size>
         <input_file_ref idref="fl-2d"/>
      </object_component>
      <object_component id="oc-12b">
         <name>.text</name>
         <load_address>0x3f67c6</load_address>
         <run_address>0x3f67c6</run_address>
         <size>0x28</size>
         <input_file_ref idref="fl-12"/>
      </object_component>
      <object_component id="oc-12c">
         <name>.text</name>
         <load_address>0x3f67ee</load_address>
         <run_address>0x3f67ee</run_address>
         <size>0x26</size>
         <input_file_ref idref="fl-13"/>
      </object_component>
      <object_component id="oc-de">
         <name>.text</name>
         <load_address>0x3f6814</load_address>
         <run_address>0x3f6814</run_address>
         <size>0x25</size>
         <input_file_ref idref="fl-2c"/>
      </object_component>
      <object_component id="oc-122">
         <name>.text</name>
         <load_address>0x3f6839</load_address>
         <run_address>0x3f6839</run_address>
         <size>0x24</size>
         <input_file_ref idref="fl-32"/>
      </object_component>
      <object_component id="oc-e8">
         <name>.text</name>
         <load_address>0x3f685d</load_address>
         <run_address>0x3f685d</run_address>
         <size>0x22</size>
         <input_file_ref idref="fl-2e"/>
      </object_component>
      <object_component id="oc-127">
         <name>.text</name>
         <load_address>0x3f687f</load_address>
         <run_address>0x3f687f</run_address>
         <size>0x1d</size>
         <input_file_ref idref="fl-33"/>
      </object_component>
      <object_component id="oc-f2">
         <name>.text</name>
         <load_address>0x3f689c</load_address>
         <run_address>0x3f689c</run_address>
         <size>0x1a</size>
         <input_file_ref idref="fl-30"/>
      </object_component>
      <object_component id="oc-124">
         <name>.text</name>
         <load_address>0x3f68b6</load_address>
         <run_address>0x3f68b6</run_address>
         <size>0x19</size>
         <input_file_ref idref="fl-38"/>
      </object_component>
      <object_component id="oc-ed">
         <name>.text</name>
         <load_address>0x3f68cf</load_address>
         <run_address>0x3f68cf</run_address>
         <size>0x10</size>
         <input_file_ref idref="fl-2f"/>
      </object_component>
      <object_component id="oc-12f">
         <name>.text</name>
         <load_address>0x3f68df</load_address>
         <run_address>0x3f68df</run_address>
         <size>0x9</size>
         <input_file_ref idref="fl-37"/>
      </object_component>
      <object_component id="oc-6c">
         <name>.text</name>
         <load_address>0x3f68e8</load_address>
         <run_address>0x3f68e8</run_address>
         <size>0x8</size>
         <input_file_ref idref="fl-6"/>
      </object_component>
      <object_component id="oc-88">
         <name>.text</name>
         <load_address>0x3f68f0</load_address>
         <run_address>0x3f68f0</run_address>
         <size>0x7</size>
         <input_file_ref idref="fl-b"/>
      </object_component>
      <object_component id="oc-7d">
         <name>.text</name>
         <load_address>0x3f68f7</load_address>
         <run_address>0x3f68f7</run_address>
         <size>0x3</size>
         <input_file_ref idref="fl-9"/>
      </object_component>
      <object_component id="oc-121">
         <name>.text</name>
         <load_address>0x3f68fa</load_address>
         <run_address>0x3f68fa</run_address>
         <size>0x2</size>
         <input_file_ref idref="fl-34"/>
      </object_component>
      <object_component id="oc-123">
         <name>.text</name>
         <load_address>0x3f68fc</load_address>
         <run_address>0x3f68fc</run_address>
         <size>0x1</size>
         <input_file_ref idref="fl-35"/>
      </object_component>
      <object_component id="oc-6d">
         <name>codestart</name>
         <load_address>0x3f7ff6</load_address>
         <run_address>0x3f7ff6</run_address>
         <size>0x2</size>
         <input_file_ref idref="fl-6"/>
      </object_component>
      <object_component id="oc-c9">
         <name>ramfuncs</name>
         <load_address>0x3f68fd</load_address>
         <run_address>0x8000</run_address>
         <size>0x4</size>
         <input_file_ref idref="fl-18"/>
      </object_component>
      <object_component id="oc-ce">
         <name>.stack</name>
         <uninitialized>true</uninitialized>
         <run_address>0x50</run_address>
         <size>0x0</size>
         <input_file_ref idref="fl-29"/>
      </object_component>
      <object_component id="oc-171">
         <name>.stack</name>
         <uninitialized>true</uninitialized>
         <run_address>0x50</run_address>
         <size>0x0</size>
      </object_component>
      <object_component id="oc-61">
         <name>.ebss</name>
         <uninitialized>true</uninitialized>
         <run_address>0x8818</run_address>
         <size>0xe</size>
         <input_file_ref idref="fl-4"/>
      </object_component>
      <object_component id="oc-78">
         <name>.ebss</name>
         <uninitialized>true</uninitialized>
         <run_address>0x8800</run_address>
         <size>0x18</size>
         <input_file_ref idref="fl-8"/>
      </object_component>
      <object_component id="oc-112">
         <name>.ebss</name>
         <uninitialized>true</uninitialized>
         <run_address>0x8826</run_address>
         <size>0x6</size>
         <input_file_ref idref="fl-36"/>
      </object_component>
      <object_component id="oc-133">
         <name>.ebss:__unlock</name>
         <uninitialized>true</uninitialized>
         <run_address>0x882e</run_address>
         <size>0x2</size>
         <input_file_ref idref="fl-37"/>
      </object_component>
      <object_component id="oc-128">
         <name>.ebss:__lock</name>
         <uninitialized>true</uninitialized>
         <run_address>0x882c</run_address>
         <size>0x2</size>
         <input_file_ref idref="fl-37"/>
      </object_component>
      <object_component id="oc-131">
         <name>.econst:_PieVectTableInit</name>
         <load_address>0x3f6902</load_address>
         <run_address>0x3f6902</run_address>
         <size>0x100</size>
         <input_file_ref idref="fl-13"/>
      </object_component>
      <object_component id="oc-132">
         <name>.econst:.string:_codetable</name>
         <load_address>0x3f6a02</load_address>
         <run_address>0x3f6a02</run_address>
         <size>0xb</size>
         <input_file_ref idref="fl-3"/>
      </object_component>
      <object_component id="oc-cf">
         <name>.reset</name>
         <load_address>0x3fffc0</load_address>
         <run_address>0x3fffc0</run_address>
         <size>0x2</size>
         <input_file_ref idref="fl-29"/>
      </object_component>
      <object_component id="oc-58">
         <name>PieVectTableFile</name>
         <uninitialized>true</uninitialized>
         <run_address>0xd00</run_address>
         <size>0x100</size>
         <input_file_ref idref="fl-2"/>
      </object_component>
      <object_component id="oc-38">
         <name>EmuKeyVar</name>
         <uninitialized>true</uninitialized>
         <run_address>0xd00</run_address>
         <size>0x1</size>
         <input_file_ref idref="fl-2"/>
      </object_component>
      <object_component id="oc-3a">
         <name>EmuBModeVar</name>
         <uninitialized>true</uninitialized>
         <run_address>0xd01</run_address>
         <size>0x1</size>
         <input_file_ref idref="fl-2"/>
      </object_component>
      <object_component id="oc-3c">
         <name>FlashCallbackVar</name>
         <uninitialized>true</uninitialized>
         <run_address>0xd02</run_address>
         <size>0x2</size>
         <input_file_ref idref="fl-2"/>
      </object_component>
      <object_component id="oc-3b">
         <name>FlashScalingVar</name>
         <uninitialized>true</uninitialized>
         <run_address>0xd04</run_address>
         <size>0x2</size>
         <input_file_ref idref="fl-2"/>
      </object_component>
      <object_component id="oc-3e">
         <name>DevEmuRegsFile</name>
         <uninitialized>true</uninitialized>
         <run_address>0x880</run_address>
         <size>0x4</size>
         <input_file_ref idref="fl-2"/>
      </object_component>
      <object_component id="oc-3d">
         <name>SysPwrCtrlRegsFile</name>
         <uninitialized>true</uninitialized>
         <run_address>0x985</run_address>
         <size>0x3</size>
         <input_file_ref idref="fl-2"/>
      </object_component>
      <object_component id="oc-3f">
         <name>FlashRegsFile</name>
         <uninitialized>true</uninitialized>
         <run_address>0xa80</run_address>
         <size>0x8</size>
         <input_file_ref idref="fl-2"/>
      </object_component>
      <object_component id="oc-48">
         <name>CsmRegsFile</name>
         <uninitialized>true</uninitialized>
         <run_address>0xae0</run_address>
         <size>0x10</size>
         <input_file_ref idref="fl-2"/>
      </object_component>
      <object_component id="oc-50">
         <name>AdcResultFile</name>
         <uninitialized>true</uninitialized>
         <run_address>0xb00</run_address>
         <size>0x20</size>
         <input_file_ref idref="fl-2"/>
      </object_component>
      <object_component id="oc-40">
         <name>CpuTimer0RegsFile</name>
         <uninitialized>true</uninitialized>
         <run_address>0xc00</run_address>
         <size>0x8</size>
         <input_file_ref idref="fl-2"/>
      </object_component>
      <object_component id="oc-41">
         <name>CpuTimer1RegsFile</name>
         <uninitialized>true</uninitialized>
         <run_address>0xc08</run_address>
         <size>0x8</size>
         <input_file_ref idref="fl-2"/>
      </object_component>
      <object_component id="oc-42">
         <name>CpuTimer2RegsFile</name>
         <uninitialized>true</uninitialized>
         <run_address>0xc10</run_address>
         <size>0x8</size>
         <input_file_ref idref="fl-2"/>
      </object_component>
      <object_component id="oc-4c">
         <name>PieCtrlRegsFile</name>
         <uninitialized>true</uninitialized>
         <run_address>0xce0</run_address>
         <size>0x1a</size>
         <input_file_ref idref="fl-2"/>
      </object_component>
      <object_component id="oc-4f">
         <name>ECap1RegsFile</name>
         <uninitialized>true</uninitialized>
         <run_address>0x6a00</run_address>
         <size>0x20</size>
         <input_file_ref idref="fl-2"/>
      </object_component>
      <object_component id="oc-56">
         <name>GpioCtrlRegsFile</name>
         <uninitialized>true</uninitialized>
         <run_address>0x6f80</run_address>
         <size>0x40</size>
         <input_file_ref idref="fl-2"/>
      </object_component>
      <object_component id="oc-4e">
         <name>GpioDataRegsFile</name>
         <uninitialized>true</uninitialized>
         <run_address>0x6fc0</run_address>
         <size>0x20</size>
         <input_file_ref idref="fl-2"/>
      </object_component>
      <object_component id="oc-44">
         <name>GpioIntRegsFile</name>
         <uninitialized>true</uninitialized>
         <run_address>0x6fe0</run_address>
         <size>0xa</size>
         <input_file_ref idref="fl-2"/>
      </object_component>
      <object_component id="oc-4d">
         <name>SysCtrlRegsFile</name>
         <uninitialized>true</uninitialized>
         <run_address>0x7010</run_address>
         <size>0x1f</size>
         <input_file_ref idref="fl-2"/>
      </object_component>
      <object_component id="oc-45">
         <name>SpiaRegsFile</name>
         <uninitialized>true</uninitialized>
         <run_address>0x7040</run_address>
         <size>0x10</size>
         <input_file_ref idref="fl-2"/>
      </object_component>
      <object_component id="oc-46">
         <name>SciaRegsFile</name>
         <uninitialized>true</uninitialized>
         <run_address>0x7050</run_address>
         <size>0x10</size>
         <input_file_ref idref="fl-2"/>
      </object_component>
      <object_component id="oc-47">
         <name>NmiIntruptRegsFile</name>
         <uninitialized>true</uninitialized>
         <run_address>0x7060</run_address>
         <size>0x10</size>
         <input_file_ref idref="fl-2"/>
      </object_component>
      <object_component id="oc-49">
         <name>XIntruptRegsFile</name>
         <uninitialized>true</uninitialized>
         <run_address>0x7070</run_address>
         <size>0x10</size>
         <input_file_ref idref="fl-2"/>
      </object_component>
      <object_component id="oc-57">
         <name>AdcRegsFile</name>
         <uninitialized>true</uninitialized>
         <run_address>0x7100</run_address>
         <size>0x50</size>
         <input_file_ref idref="fl-2"/>
      </object_component>
      <object_component id="oc-51">
         <name>I2caRegsFile</name>
         <uninitialized>true</uninitialized>
         <run_address>0x7900</run_address>
         <size>0x22</size>
         <input_file_ref idref="fl-2"/>
      </object_component>
      <object_component id="oc-4b">
         <name>Comp1RegsFile</name>
         <uninitialized>true</uninitialized>
         <run_address>0x6400</run_address>
         <size>0x11</size>
         <input_file_ref idref="fl-2"/>
      </object_component>
      <object_component id="oc-4a">
         <name>Comp2RegsFile</name>
         <uninitialized>true</uninitialized>
         <run_address>0x6420</run_address>
         <size>0x11</size>
         <input_file_ref idref="fl-2"/>
      </object_component>
      <object_component id="oc-55">
         <name>EPwm1RegsFile</name>
         <uninitialized>true</uninitialized>
         <run_address>0x6800</run_address>
         <size>0x3a</size>
         <input_file_ref idref="fl-2"/>
      </object_component>
      <object_component id="oc-53">
         <name>EPwm2RegsFile</name>
         <uninitialized>true</uninitialized>
         <run_address>0x6840</run_address>
         <size>0x3a</size>
         <input_file_ref idref="fl-2"/>
      </object_component>
      <object_component id="oc-52">
         <name>EPwm3RegsFile</name>
         <uninitialized>true</uninitialized>
         <run_address>0x6880</run_address>
         <size>0x3a</size>
         <input_file_ref idref="fl-2"/>
      </object_component>
      <object_component id="oc-54">
         <name>EPwm4RegsFile</name>
         <uninitialized>true</uninitialized>
         <run_address>0x68c0</run_address>
         <size>0x3a</size>
         <input_file_ref idref="fl-2"/>
      </object_component>
      <object_component id="oc-43">
         <name>CsmPwlFile</name>
         <uninitialized>true</uninitialized>
         <run_address>0x3f7ff8</run_address>
         <size>0x8</size>
         <input_file_ref idref="fl-2"/>
      </object_component>
      <object_component id="oc-39">
         <name>PartIdRegsFile</name>
         <uninitialized>true</uninitialized>
         <run_address>0x3d7fff</run_address>
         <size>0x1</size>
         <input_file_ref idref="fl-2"/>
      </object_component>
      <object_component id="oc-37">
         <name>.debug_info</name>
         <load_address>0x0</load_address>
         <run_address>0x0</run_address>
         <size>0xae38</size>
         <input_file_ref idref="fl-2"/>
      </object_component>
      <object_component id="oc-5a">
         <name>.debug_info</name>
         <load_address>0xae38</load_address>
         <run_address>0xae38</run_address>
         <size>0x1a05</size>
         <input_file_ref idref="fl-3"/>
      </object_component>
      <object_component id="oc-5f">
         <name>.debug_info</name>
         <load_address>0xc83d</load_address>
         <run_address>0xc83d</run_address>
         <size>0x7c38</size>
         <input_file_ref idref="fl-4"/>
      </object_component>
      <object_component id="oc-67">
         <name>.debug_info</name>
         <load_address>0x14475</load_address>
         <run_address>0x14475</run_address>
         <size>0x3b85</size>
         <input_file_ref idref="fl-5"/>
      </object_component>
      <object_component id="oc-6e">
         <name>.debug_info</name>
         <load_address>0x17ffa</load_address>
         <run_address>0x17ffa</run_address>
         <size>0x118</size>
         <input_file_ref idref="fl-6"/>
      </object_component>
      <object_component id="oc-72">
         <name>.debug_info</name>
         <load_address>0x18112</load_address>
         <run_address>0x18112</run_address>
         <size>0x1363</size>
         <input_file_ref idref="fl-7"/>
      </object_component>
      <object_component id="oc-77">
         <name>.debug_info</name>
         <load_address>0x19475</load_address>
         <run_address>0x19475</run_address>
         <size>0x901</size>
         <input_file_ref idref="fl-8"/>
      </object_component>
      <object_component id="oc-7e">
         <name>.debug_info</name>
         <load_address>0x19d76</load_address>
         <run_address>0x19d76</run_address>
         <size>0xd8</size>
         <input_file_ref idref="fl-9"/>
      </object_component>
      <object_component id="oc-82">
         <name>.debug_info</name>
         <load_address>0x19e4e</load_address>
         <run_address>0x19e4e</run_address>
         <size>0x17c7</size>
         <input_file_ref idref="fl-a"/>
      </object_component>
      <object_component id="oc-89">
         <name>.debug_info</name>
         <load_address>0x1b615</load_address>
         <run_address>0x1b615</run_address>
         <size>0xde</size>
         <input_file_ref idref="fl-b"/>
      </object_component>
      <object_component id="oc-8d">
         <name>.debug_info</name>
         <load_address>0x1b6f3</load_address>
         <run_address>0x1b6f3</run_address>
         <size>0x1363</size>
         <input_file_ref idref="fl-c"/>
      </object_component>
      <object_component id="oc-92">
         <name>.debug_info</name>
         <load_address>0x1ca56</load_address>
         <run_address>0x1ca56</run_address>
         <size>0x1363</size>
         <input_file_ref idref="fl-d"/>
      </object_component>
      <object_component id="oc-97">
         <name>.debug_info</name>
         <load_address>0x1ddb9</load_address>
         <run_address>0x1ddb9</run_address>
         <size>0x1363</size>
         <input_file_ref idref="fl-e"/>
      </object_component>
      <object_component id="oc-9c">
         <name>.debug_info</name>
         <load_address>0x1f11c</load_address>
         <run_address>0x1f11c</run_address>
         <size>0x1362</size>
         <input_file_ref idref="fl-f"/>
      </object_component>
      <object_component id="oc-a1">
         <name>.debug_info</name>
         <load_address>0x2047e</load_address>
         <run_address>0x2047e</run_address>
         <size>0x2b0</size>
         <input_file_ref idref="fl-10"/>
      </object_component>
      <object_component id="oc-a6">
         <name>.debug_info</name>
         <load_address>0x2072e</load_address>
         <run_address>0x2072e</run_address>
         <size>0x10cc</size>
         <input_file_ref idref="fl-11"/>
      </object_component>
      <object_component id="oc-ab">
         <name>.debug_info</name>
         <load_address>0x217fa</load_address>
         <run_address>0x217fa</run_address>
         <size>0xaa5</size>
         <input_file_ref idref="fl-12"/>
      </object_component>
      <object_component id="oc-b0">
         <name>.debug_info</name>
         <load_address>0x2229f</load_address>
         <run_address>0x2229f</run_address>
         <size>0x1e85</size>
         <input_file_ref idref="fl-13"/>
      </object_component>
      <object_component id="oc-b5">
         <name>.debug_info</name>
         <load_address>0x24124</load_address>
         <run_address>0x24124</run_address>
         <size>0x1362</size>
         <input_file_ref idref="fl-14"/>
      </object_component>
      <object_component id="oc-ba">
         <name>.debug_info</name>
         <load_address>0x25486</load_address>
         <run_address>0x25486</run_address>
         <size>0x1362</size>
         <input_file_ref idref="fl-15"/>
      </object_component>
      <object_component id="oc-bf">
         <name>.debug_info</name>
         <load_address>0x267e8</load_address>
         <run_address>0x267e8</run_address>
         <size>0x2f52</size>
         <input_file_ref idref="fl-16"/>
      </object_component>
      <object_component id="oc-c4">
         <name>.debug_info</name>
         <load_address>0x2973a</load_address>
         <run_address>0x2973a</run_address>
         <size>0x2bc</size>
         <input_file_ref idref="fl-17"/>
      </object_component>
      <object_component id="oc-ca">
         <name>.debug_info</name>
         <load_address>0x299f6</load_address>
         <run_address>0x299f6</run_address>
         <size>0xda</size>
         <input_file_ref idref="fl-18"/>
      </object_component>
      <object_component id="oc-d0">
         <name>.debug_info</name>
         <load_address>0x29ad0</load_address>
         <run_address>0x29ad0</run_address>
         <size>0x16b</size>
         <input_file_ref idref="fl-29"/>
      </object_component>
      <object_component id="oc-d5">
         <name>.debug_info</name>
         <load_address>0x29c3b</load_address>
         <run_address>0x29c3b</run_address>
         <size>0x10c</size>
         <input_file_ref idref="fl-2a"/>
      </object_component>
      <object_component id="oc-da">
         <name>.debug_info</name>
         <load_address>0x29d47</load_address>
         <run_address>0x29d47</run_address>
         <size>0x10c</size>
         <input_file_ref idref="fl-2b"/>
      </object_component>
      <object_component id="oc-df">
         <name>.debug_info</name>
         <load_address>0x29e53</load_address>
         <run_address>0x29e53</run_address>
         <size>0x118</size>
         <input_file_ref idref="fl-2c"/>
      </object_component>
      <object_component id="oc-e4">
         <name>.debug_info</name>
         <load_address>0x29f6b</load_address>
         <run_address>0x29f6b</run_address>
         <size>0x118</size>
         <input_file_ref idref="fl-2d"/>
      </object_component>
      <object_component id="oc-e9">
         <name>.debug_info</name>
         <load_address>0x2a083</load_address>
         <run_address>0x2a083</run_address>
         <size>0x139</size>
         <input_file_ref idref="fl-2e"/>
      </object_component>
      <object_component id="oc-ee">
         <name>.debug_info</name>
         <load_address>0x2a1bc</load_address>
         <run_address>0x2a1bc</run_address>
         <size>0x110</size>
         <input_file_ref idref="fl-2f"/>
      </object_component>
      <object_component id="oc-f3">
         <name>.debug_info</name>
         <load_address>0x2a2cc</load_address>
         <run_address>0x2a2cc</run_address>
         <size>0x116</size>
         <input_file_ref idref="fl-30"/>
      </object_component>
      <object_component id="oc-f8">
         <name>.debug_info</name>
         <load_address>0x2a3e2</load_address>
         <run_address>0x2a3e2</run_address>
         <size>0x19d</size>
         <input_file_ref idref="fl-31"/>
      </object_component>
      <object_component id="oc-fc">
         <name>.debug_info</name>
         <load_address>0x2a57f</load_address>
         <run_address>0x2a57f</run_address>
         <size>0x4cd</size>
         <input_file_ref idref="fl-32"/>
      </object_component>
      <object_component id="oc-101">
         <name>.debug_info</name>
         <load_address>0x2aa4c</load_address>
         <run_address>0x2aa4c</run_address>
         <size>0x3c8</size>
         <input_file_ref idref="fl-33"/>
      </object_component>
      <object_component id="oc-106">
         <name>.debug_info</name>
         <load_address>0x2ae14</load_address>
         <run_address>0x2ae14</run_address>
         <size>0x33b</size>
         <input_file_ref idref="fl-34"/>
      </object_component>
      <object_component id="oc-10b">
         <name>.debug_info</name>
         <load_address>0x2b14f</load_address>
         <run_address>0x2b14f</run_address>
         <size>0x338</size>
         <input_file_ref idref="fl-35"/>
      </object_component>
      <object_component id="oc-110">
         <name>.debug_info</name>
         <load_address>0x2b487</load_address>
         <run_address>0x2b487</run_address>
         <size>0x4d2</size>
         <input_file_ref idref="fl-36"/>
      </object_component>
      <object_component id="oc-117">
         <name>.debug_info</name>
         <load_address>0x2b959</load_address>
         <run_address>0x2b959</run_address>
         <size>0x45a</size>
         <input_file_ref idref="fl-37"/>
      </object_component>
      <object_component id="oc-11c">
         <name>.debug_info</name>
         <load_address>0x2bdb3</load_address>
         <run_address>0x2bdb3</run_address>
         <size>0x3f5</size>
         <input_file_ref idref="fl-38"/>
      </object_component>
      <object_component id="oc-172">
         <name>.debug_info</name>
         <load_address>0x2c1a8</load_address>
         <run_address>0x2c1a8</run_address>
         <size>0x85</size>
      </object_component>
      <object_component id="oc-59">
         <name>.debug_abbrev</name>
         <load_address>0x0</load_address>
         <run_address>0x0</run_address>
         <size>0xb7</size>
         <input_file_ref idref="fl-2"/>
      </object_component>
      <object_component id="oc-5d">
         <name>.debug_abbrev</name>
         <load_address>0xb7</load_address>
         <run_address>0xb7</run_address>
         <size>0x11d</size>
         <input_file_ref idref="fl-3"/>
      </object_component>
      <object_component id="oc-65">
         <name>.debug_abbrev</name>
         <load_address>0x1d4</load_address>
         <run_address>0x1d4</run_address>
         <size>0x1e0</size>
         <input_file_ref idref="fl-4"/>
      </object_component>
      <object_component id="oc-6a">
         <name>.debug_abbrev</name>
         <load_address>0x3b4</load_address>
         <run_address>0x3b4</run_address>
         <size>0x155</size>
         <input_file_ref idref="fl-5"/>
      </object_component>
      <object_component id="oc-70">
         <name>.debug_abbrev</name>
         <load_address>0x509</load_address>
         <run_address>0x509</run_address>
         <size>0x21</size>
         <input_file_ref idref="fl-6"/>
      </object_component>
      <object_component id="oc-75">
         <name>.debug_abbrev</name>
         <load_address>0x52a</load_address>
         <run_address>0x52a</run_address>
         <size>0xea</size>
         <input_file_ref idref="fl-7"/>
      </object_component>
      <object_component id="oc-7b">
         <name>.debug_abbrev</name>
         <load_address>0x614</load_address>
         <run_address>0x614</run_address>
         <size>0x10b</size>
         <input_file_ref idref="fl-8"/>
      </object_component>
      <object_component id="oc-80">
         <name>.debug_abbrev</name>
         <load_address>0x71f</load_address>
         <run_address>0x71f</run_address>
         <size>0x2f</size>
         <input_file_ref idref="fl-9"/>
      </object_component>
      <object_component id="oc-86">
         <name>.debug_abbrev</name>
         <load_address>0x74e</load_address>
         <run_address>0x74e</run_address>
         <size>0xde</size>
         <input_file_ref idref="fl-a"/>
      </object_component>
      <object_component id="oc-8b">
         <name>.debug_abbrev</name>
         <load_address>0x82c</load_address>
         <run_address>0x82c</run_address>
         <size>0x2f</size>
         <input_file_ref idref="fl-b"/>
      </object_component>
      <object_component id="oc-90">
         <name>.debug_abbrev</name>
         <load_address>0x85b</load_address>
         <run_address>0x85b</run_address>
         <size>0xea</size>
         <input_file_ref idref="fl-c"/>
      </object_component>
      <object_component id="oc-95">
         <name>.debug_abbrev</name>
         <load_address>0x945</load_address>
         <run_address>0x945</run_address>
         <size>0xea</size>
         <input_file_ref idref="fl-d"/>
      </object_component>
      <object_component id="oc-9a">
         <name>.debug_abbrev</name>
         <load_address>0xa2f</load_address>
         <run_address>0xa2f</run_address>
         <size>0xdc</size>
         <input_file_ref idref="fl-e"/>
      </object_component>
      <object_component id="oc-9f">
         <name>.debug_abbrev</name>
         <load_address>0xb0b</load_address>
         <run_address>0xb0b</run_address>
         <size>0xdc</size>
         <input_file_ref idref="fl-f"/>
      </object_component>
      <object_component id="oc-a4">
         <name>.debug_abbrev</name>
         <load_address>0xbe7</load_address>
         <run_address>0xbe7</run_address>
         <size>0x93</size>
         <input_file_ref idref="fl-10"/>
      </object_component>
      <object_component id="oc-a9">
         <name>.debug_abbrev</name>
         <load_address>0xc7a</load_address>
         <run_address>0xc7a</run_address>
         <size>0x13e</size>
         <input_file_ref idref="fl-11"/>
      </object_component>
      <object_component id="oc-ae">
         <name>.debug_abbrev</name>
         <load_address>0xdb8</load_address>
         <run_address>0xdb8</run_address>
         <size>0xc8</size>
         <input_file_ref idref="fl-12"/>
      </object_component>
      <object_component id="oc-b3">
         <name>.debug_abbrev</name>
         <load_address>0xe80</load_address>
         <run_address>0xe80</run_address>
         <size>0x116</size>
         <input_file_ref idref="fl-13"/>
      </object_component>
      <object_component id="oc-b8">
         <name>.debug_abbrev</name>
         <load_address>0xf96</load_address>
         <run_address>0xf96</run_address>
         <size>0xea</size>
         <input_file_ref idref="fl-14"/>
      </object_component>
      <object_component id="oc-bd">
         <name>.debug_abbrev</name>
         <load_address>0x1080</load_address>
         <run_address>0x1080</run_address>
         <size>0xea</size>
         <input_file_ref idref="fl-15"/>
      </object_component>
      <object_component id="oc-c2">
         <name>.debug_abbrev</name>
         <load_address>0x116a</load_address>
         <run_address>0x116a</run_address>
         <size>0x1a3</size>
         <input_file_ref idref="fl-16"/>
      </object_component>
      <object_component id="oc-c7">
         <name>.debug_abbrev</name>
         <load_address>0x130d</load_address>
         <run_address>0x130d</run_address>
         <size>0x9b</size>
         <input_file_ref idref="fl-17"/>
      </object_component>
      <object_component id="oc-cc">
         <name>.debug_abbrev</name>
         <load_address>0x13a8</load_address>
         <run_address>0x13a8</run_address>
         <size>0x2f</size>
         <input_file_ref idref="fl-18"/>
      </object_component>
      <object_component id="oc-d2">
         <name>.debug_abbrev</name>
         <load_address>0x13d7</load_address>
         <run_address>0x13d7</run_address>
         <size>0x46</size>
         <input_file_ref idref="fl-29"/>
      </object_component>
      <object_component id="oc-d7">
         <name>.debug_abbrev</name>
         <load_address>0x141d</load_address>
         <run_address>0x141d</run_address>
         <size>0x38</size>
         <input_file_ref idref="fl-2a"/>
      </object_component>
      <object_component id="oc-dc">
         <name>.debug_abbrev</name>
         <load_address>0x1455</load_address>
         <run_address>0x1455</run_address>
         <size>0x38</size>
         <input_file_ref idref="fl-2b"/>
      </object_component>
      <object_component id="oc-e1">
         <name>.debug_abbrev</name>
         <load_address>0x148d</load_address>
         <run_address>0x148d</run_address>
         <size>0x38</size>
         <input_file_ref idref="fl-2c"/>
      </object_component>
      <object_component id="oc-e6">
         <name>.debug_abbrev</name>
         <load_address>0x14c5</load_address>
         <run_address>0x14c5</run_address>
         <size>0x38</size>
         <input_file_ref idref="fl-2d"/>
      </object_component>
      <object_component id="oc-eb">
         <name>.debug_abbrev</name>
         <load_address>0x14fd</load_address>
         <run_address>0x14fd</run_address>
         <size>0x38</size>
         <input_file_ref idref="fl-2e"/>
      </object_component>
      <object_component id="oc-f0">
         <name>.debug_abbrev</name>
         <load_address>0x1535</load_address>
         <run_address>0x1535</run_address>
         <size>0x38</size>
         <input_file_ref idref="fl-2f"/>
      </object_component>
      <object_component id="oc-f5">
         <name>.debug_abbrev</name>
         <load_address>0x156d</load_address>
         <run_address>0x156d</run_address>
         <size>0x38</size>
         <input_file_ref idref="fl-30"/>
      </object_component>
      <object_component id="oc-fa">
         <name>.debug_abbrev</name>
         <load_address>0x15a5</load_address>
         <run_address>0x15a5</run_address>
         <size>0x38</size>
         <input_file_ref idref="fl-31"/>
      </object_component>
      <object_component id="oc-ff">
         <name>.debug_abbrev</name>
         <load_address>0x15dd</load_address>
         <run_address>0x15dd</run_address>
         <size>0xe3</size>
         <input_file_ref idref="fl-32"/>
      </object_component>
      <object_component id="oc-104">
         <name>.debug_abbrev</name>
         <load_address>0x16c0</load_address>
         <run_address>0x16c0</run_address>
         <size>0xa8</size>
         <input_file_ref idref="fl-33"/>
      </object_component>
      <object_component id="oc-109">
         <name>.debug_abbrev</name>
         <load_address>0x1768</load_address>
         <run_address>0x1768</run_address>
         <size>0x68</size>
         <input_file_ref idref="fl-34"/>
      </object_component>
      <object_component id="oc-10e">
         <name>.debug_abbrev</name>
         <load_address>0x17d0</load_address>
         <run_address>0x17d0</run_address>
         <size>0x66</size>
         <input_file_ref idref="fl-35"/>
      </object_component>
      <object_component id="oc-115">
         <name>.debug_abbrev</name>
         <load_address>0x1836</load_address>
         <run_address>0x1836</run_address>
         <size>0x130</size>
         <input_file_ref idref="fl-36"/>
      </object_component>
      <object_component id="oc-11a">
         <name>.debug_abbrev</name>
         <load_address>0x1966</load_address>
         <run_address>0x1966</run_address>
         <size>0xb2</size>
         <input_file_ref idref="fl-37"/>
      </object_component>
      <object_component id="oc-11f">
         <name>.debug_abbrev</name>
         <load_address>0x1a18</load_address>
         <run_address>0x1a18</run_address>
         <size>0xee</size>
         <input_file_ref idref="fl-38"/>
      </object_component>
      <object_component id="oc-173">
         <name>.debug_abbrev</name>
         <load_address>0x1b06</load_address>
         <run_address>0x1b06</run_address>
         <size>0xf</size>
      </object_component>
      <object_component id="oc-5b">
         <name>.debug_frame</name>
         <load_address>0x0</load_address>
         <run_address>0x0</run_address>
         <size>0xc4</size>
         <input_file_ref idref="fl-3"/>
      </object_component>
      <object_component id="oc-63">
         <name>.debug_frame</name>
         <load_address>0xc4</load_address>
         <run_address>0xc4</run_address>
         <size>0x134</size>
         <input_file_ref idref="fl-4"/>
      </object_component>
      <object_component id="oc-68">
         <name>.debug_frame</name>
         <load_address>0x1f8</load_address>
         <run_address>0x1f8</run_address>
         <size>0x20</size>
         <input_file_ref idref="fl-5"/>
      </object_component>
      <object_component id="oc-73">
         <name>.debug_frame</name>
         <load_address>0x218</load_address>
         <run_address>0x218</run_address>
         <size>0x20</size>
         <input_file_ref idref="fl-7"/>
      </object_component>
      <object_component id="oc-79">
         <name>.debug_frame</name>
         <load_address>0x238</load_address>
         <run_address>0x238</run_address>
         <size>0x54</size>
         <input_file_ref idref="fl-8"/>
      </object_component>
      <object_component id="oc-84">
         <name>.debug_frame</name>
         <load_address>0x28c</load_address>
         <run_address>0x28c</run_address>
         <size>0x4e8</size>
         <input_file_ref idref="fl-a"/>
      </object_component>
      <object_component id="oc-8e">
         <name>.debug_frame</name>
         <load_address>0x774</load_address>
         <run_address>0x774</run_address>
         <size>0x20</size>
         <input_file_ref idref="fl-c"/>
      </object_component>
      <object_component id="oc-93">
         <name>.debug_frame</name>
         <load_address>0x794</load_address>
         <run_address>0x794</run_address>
         <size>0x20</size>
         <input_file_ref idref="fl-d"/>
      </object_component>
      <object_component id="oc-98">
         <name>.debug_frame</name>
         <load_address>0x7b4</load_address>
         <run_address>0x7b4</run_address>
         <size>0x20</size>
         <input_file_ref idref="fl-e"/>
      </object_component>
      <object_component id="oc-9d">
         <name>.debug_frame</name>
         <load_address>0x7d4</load_address>
         <run_address>0x7d4</run_address>
         <size>0x20</size>
         <input_file_ref idref="fl-f"/>
      </object_component>
      <object_component id="oc-a2">
         <name>.debug_frame</name>
         <load_address>0x7f4</load_address>
         <run_address>0x7f4</run_address>
         <size>0x20</size>
         <input_file_ref idref="fl-10"/>
      </object_component>
      <object_component id="oc-a7">
         <name>.debug_frame</name>
         <load_address>0x814</load_address>
         <run_address>0x814</run_address>
         <size>0x20</size>
         <input_file_ref idref="fl-11"/>
      </object_component>
      <object_component id="oc-ac">
         <name>.debug_frame</name>
         <load_address>0x834</load_address>
         <run_address>0x834</run_address>
         <size>0x50</size>
         <input_file_ref idref="fl-12"/>
      </object_component>
      <object_component id="oc-b1">
         <name>.debug_frame</name>
         <load_address>0x884</load_address>
         <run_address>0x884</run_address>
         <size>0x3c</size>
         <input_file_ref idref="fl-13"/>
      </object_component>
      <object_component id="oc-b6">
         <name>.debug_frame</name>
         <load_address>0x8c0</load_address>
         <run_address>0x8c0</run_address>
         <size>0x20</size>
         <input_file_ref idref="fl-14"/>
      </object_component>
      <object_component id="oc-bb">
         <name>.debug_frame</name>
         <load_address>0x8e0</load_address>
         <run_address>0x8e0</run_address>
         <size>0x20</size>
         <input_file_ref idref="fl-15"/>
      </object_component>
      <object_component id="oc-c0">
         <name>.debug_frame</name>
         <load_address>0x900</load_address>
         <run_address>0x900</run_address>
         <size>0x130</size>
         <input_file_ref idref="fl-16"/>
      </object_component>
      <object_component id="oc-c5">
         <name>.debug_frame</name>
         <load_address>0xa30</load_address>
         <run_address>0xa30</run_address>
         <size>0x20</size>
         <input_file_ref idref="fl-17"/>
      </object_component>
      <object_component id="oc-fd">
         <name>.debug_frame</name>
         <load_address>0xa50</load_address>
         <run_address>0xa50</run_address>
         <size>0x58</size>
         <input_file_ref idref="fl-32"/>
      </object_component>
      <object_component id="oc-102">
         <name>.debug_frame</name>
         <load_address>0xaa8</load_address>
         <run_address>0xaa8</run_address>
         <size>0x38</size>
         <input_file_ref idref="fl-33"/>
      </object_component>
      <object_component id="oc-107">
         <name>.debug_frame</name>
         <load_address>0xae0</load_address>
         <run_address>0xae0</run_address>
         <size>0x38</size>
         <input_file_ref idref="fl-34"/>
      </object_component>
      <object_component id="oc-10c">
         <name>.debug_frame</name>
         <load_address>0xb18</load_address>
         <run_address>0xb18</run_address>
         <size>0x38</size>
         <input_file_ref idref="fl-35"/>
      </object_component>
      <object_component id="oc-113">
         <name>.debug_frame</name>
         <load_address>0xb50</load_address>
         <run_address>0xb50</run_address>
         <size>0x58</size>
         <input_file_ref idref="fl-36"/>
      </object_component>
      <object_component id="oc-118">
         <name>.debug_frame</name>
         <load_address>0xba8</load_address>
         <run_address>0xba8</run_address>
         <size>0x68</size>
         <input_file_ref idref="fl-37"/>
      </object_component>
      <object_component id="oc-11d">
         <name>.debug_frame</name>
         <load_address>0xc10</load_address>
         <run_address>0xc10</run_address>
         <size>0x38</size>
         <input_file_ref idref="fl-38"/>
      </object_component>
      <object_component id="oc-5c">
         <name>.debug_line</name>
         <load_address>0x0</load_address>
         <run_address>0x0</run_address>
         <size>0x105</size>
         <input_file_ref idref="fl-3"/>
      </object_component>
      <object_component id="oc-64">
         <name>.debug_line</name>
         <load_address>0x105</load_address>
         <run_address>0x105</run_address>
         <size>0x1d2</size>
         <input_file_ref idref="fl-4"/>
      </object_component>
      <object_component id="oc-69">
         <name>.debug_line</name>
         <load_address>0x2d7</load_address>
         <run_address>0x2d7</run_address>
         <size>0x39</size>
         <input_file_ref idref="fl-5"/>
      </object_component>
      <object_component id="oc-6f">
         <name>.debug_line</name>
         <load_address>0x310</load_address>
         <run_address>0x310</run_address>
         <size>0x68</size>
         <input_file_ref idref="fl-6"/>
      </object_component>
      <object_component id="oc-74">
         <name>.debug_line</name>
         <load_address>0x378</load_address>
         <run_address>0x378</run_address>
         <size>0x3a</size>
         <input_file_ref idref="fl-7"/>
      </object_component>
      <object_component id="oc-7a">
         <name>.debug_line</name>
         <load_address>0x3b2</load_address>
         <run_address>0x3b2</run_address>
         <size>0x8f</size>
         <input_file_ref idref="fl-8"/>
      </object_component>
      <object_component id="oc-7f">
         <name>.debug_line</name>
         <load_address>0x441</load_address>
         <run_address>0x441</run_address>
         <size>0x4e</size>
         <input_file_ref idref="fl-9"/>
      </object_component>
      <object_component id="oc-85">
         <name>.debug_line</name>
         <load_address>0x48f</load_address>
         <run_address>0x48f</run_address>
         <size>0x4c6</size>
         <input_file_ref idref="fl-a"/>
      </object_component>
      <object_component id="oc-8a">
         <name>.debug_line</name>
         <load_address>0x955</load_address>
         <run_address>0x955</run_address>
         <size>0x52</size>
         <input_file_ref idref="fl-b"/>
      </object_component>
      <object_component id="oc-8f">
         <name>.debug_line</name>
         <load_address>0x9a7</load_address>
         <run_address>0x9a7</run_address>
         <size>0x3a</size>
         <input_file_ref idref="fl-c"/>
      </object_component>
      <object_component id="oc-94">
         <name>.debug_line</name>
         <load_address>0x9e1</load_address>
         <run_address>0x9e1</run_address>
         <size>0x3a</size>
         <input_file_ref idref="fl-d"/>
      </object_component>
      <object_component id="oc-99">
         <name>.debug_line</name>
         <load_address>0xa1b</load_address>
         <run_address>0xa1b</run_address>
         <size>0x3a</size>
         <input_file_ref idref="fl-e"/>
      </object_component>
      <object_component id="oc-9e">
         <name>.debug_line</name>
         <load_address>0xa55</load_address>
         <run_address>0xa55</run_address>
         <size>0x39</size>
         <input_file_ref idref="fl-f"/>
      </object_component>
      <object_component id="oc-a3">
         <name>.debug_line</name>
         <load_address>0xa8e</load_address>
         <run_address>0xa8e</run_address>
         <size>0x3d</size>
         <input_file_ref idref="fl-10"/>
      </object_component>
      <object_component id="oc-a8">
         <name>.debug_line</name>
         <load_address>0xacb</load_address>
         <run_address>0xacb</run_address>
         <size>0x3d</size>
         <input_file_ref idref="fl-11"/>
      </object_component>
      <object_component id="oc-ad">
         <name>.debug_line</name>
         <load_address>0xb08</load_address>
         <run_address>0xb08</run_address>
         <size>0x8d</size>
         <input_file_ref idref="fl-12"/>
      </object_component>
      <object_component id="oc-b2">
         <name>.debug_line</name>
         <load_address>0xb95</load_address>
         <run_address>0xb95</run_address>
         <size>0x71</size>
         <input_file_ref idref="fl-13"/>
      </object_component>
      <object_component id="oc-b7">
         <name>.debug_line</name>
         <load_address>0xc06</load_address>
         <run_address>0xc06</run_address>
         <size>0x39</size>
         <input_file_ref idref="fl-14"/>
      </object_component>
      <object_component id="oc-bc">
         <name>.debug_line</name>
         <load_address>0xc3f</load_address>
         <run_address>0xc3f</run_address>
         <size>0x39</size>
         <input_file_ref idref="fl-15"/>
      </object_component>
      <object_component id="oc-c1">
         <name>.debug_line</name>
         <load_address>0xc78</load_address>
         <run_address>0xc78</run_address>
         <size>0x1e5</size>
         <input_file_ref idref="fl-16"/>
      </object_component>
      <object_component id="oc-c6">
         <name>.debug_line</name>
         <load_address>0xe5d</load_address>
         <run_address>0xe5d</run_address>
         <size>0x44</size>
         <input_file_ref idref="fl-17"/>
      </object_component>
      <object_component id="oc-cb">
         <name>.debug_line</name>
         <load_address>0xea1</load_address>
         <run_address>0xea1</run_address>
         <size>0x4f</size>
         <input_file_ref idref="fl-18"/>
      </object_component>
      <object_component id="oc-d1">
         <name>.debug_line</name>
         <load_address>0xef0</load_address>
         <run_address>0xef0</run_address>
         <size>0x7d</size>
         <input_file_ref idref="fl-29"/>
      </object_component>
      <object_component id="oc-d6">
         <name>.debug_line</name>
         <load_address>0xf6d</load_address>
         <run_address>0xf6d</run_address>
         <size>0xab</size>
         <input_file_ref idref="fl-2a"/>
      </object_component>
      <object_component id="oc-db">
         <name>.debug_line</name>
         <load_address>0x1018</load_address>
         <run_address>0x1018</run_address>
         <size>0x8d</size>
         <input_file_ref idref="fl-2b"/>
      </object_component>
      <object_component id="oc-e0">
         <name>.debug_line</name>
         <load_address>0x10a5</load_address>
         <run_address>0x10a5</run_address>
         <size>0x5e</size>
         <input_file_ref idref="fl-2c"/>
      </object_component>
      <object_component id="oc-e5">
         <name>.debug_line</name>
         <load_address>0x1103</load_address>
         <run_address>0x1103</run_address>
         <size>0x60</size>
         <input_file_ref idref="fl-2d"/>
      </object_component>
      <object_component id="oc-ea">
         <name>.debug_line</name>
         <load_address>0x1163</load_address>
         <run_address>0x1163</run_address>
         <size>0x69</size>
         <input_file_ref idref="fl-2e"/>
      </object_component>
      <object_component id="oc-ef">
         <name>.debug_line</name>
         <load_address>0x11cc</load_address>
         <run_address>0x11cc</run_address>
         <size>0x49</size>
         <input_file_ref idref="fl-2f"/>
      </object_component>
      <object_component id="oc-f4">
         <name>.debug_line</name>
         <load_address>0x1215</load_address>
         <run_address>0x1215</run_address>
         <size>0x53</size>
         <input_file_ref idref="fl-30"/>
      </object_component>
      <object_component id="oc-f9">
         <name>.debug_line</name>
         <load_address>0x1268</load_address>
         <run_address>0x1268</run_address>
         <size>0x8e</size>
         <input_file_ref idref="fl-31"/>
      </object_component>
      <object_component id="oc-fe">
         <name>.debug_line</name>
         <load_address>0x12f6</load_address>
         <run_address>0x12f6</run_address>
         <size>0x50</size>
         <input_file_ref idref="fl-32"/>
      </object_component>
      <object_component id="oc-103">
         <name>.debug_line</name>
         <load_address>0x1346</load_address>
         <run_address>0x1346</run_address>
         <size>0x62</size>
         <input_file_ref idref="fl-33"/>
      </object_component>
      <object_component id="oc-108">
         <name>.debug_line</name>
         <load_address>0x13a8</load_address>
         <run_address>0x13a8</run_address>
         <size>0x3e</size>
         <input_file_ref idref="fl-34"/>
      </object_component>
      <object_component id="oc-10d">
         <name>.debug_line</name>
         <load_address>0x13e6</load_address>
         <run_address>0x13e6</run_address>
         <size>0x3a</size>
         <input_file_ref idref="fl-35"/>
      </object_component>
      <object_component id="oc-114">
         <name>.debug_line</name>
         <load_address>0x1420</load_address>
         <run_address>0x1420</run_address>
         <size>0x65</size>
         <input_file_ref idref="fl-36"/>
      </object_component>
      <object_component id="oc-119">
         <name>.debug_line</name>
         <load_address>0x1485</load_address>
         <run_address>0x1485</run_address>
         <size>0x5e</size>
         <input_file_ref idref="fl-37"/>
      </object_component>
      <object_component id="oc-11e">
         <name>.debug_line</name>
         <load_address>0x14e3</load_address>
         <run_address>0x14e3</run_address>
         <size>0x55</size>
         <input_file_ref idref="fl-38"/>
      </object_component>
      <object_component id="oc-5e">
         <name>.debug_aranges</name>
         <load_address>0x0</load_address>
         <run_address>0x0</run_address>
         <size>0x48</size>
         <input_file_ref idref="fl-3"/>
      </object_component>
      <object_component id="oc-66">
         <name>.debug_aranges</name>
         <load_address>0x48</load_address>
         <run_address>0x48</run_address>
         <size>0x58</size>
         <input_file_ref idref="fl-4"/>
      </object_component>
      <object_component id="oc-6b">
         <name>.debug_aranges</name>
         <load_address>0xa0</load_address>
         <run_address>0xa0</run_address>
         <size>0x18</size>
         <input_file_ref idref="fl-5"/>
      </object_component>
      <object_component id="oc-71">
         <name>.debug_aranges</name>
         <load_address>0xb8</load_address>
         <run_address>0xb8</run_address>
         <size>0x28</size>
         <input_file_ref idref="fl-6"/>
      </object_component>
      <object_component id="oc-76">
         <name>.debug_aranges</name>
         <load_address>0xe0</load_address>
         <run_address>0xe0</run_address>
         <size>0x18</size>
         <input_file_ref idref="fl-7"/>
      </object_component>
      <object_component id="oc-7c">
         <name>.debug_aranges</name>
         <load_address>0xf8</load_address>
         <run_address>0xf8</run_address>
         <size>0x28</size>
         <input_file_ref idref="fl-8"/>
      </object_component>
      <object_component id="oc-81">
         <name>.debug_aranges</name>
         <load_address>0x120</load_address>
         <run_address>0x120</run_address>
         <size>0x20</size>
         <input_file_ref idref="fl-9"/>
      </object_component>
      <object_component id="oc-87">
         <name>.debug_aranges</name>
         <load_address>0x140</load_address>
         <run_address>0x140</run_address>
         <size>0x1b0</size>
         <input_file_ref idref="fl-a"/>
      </object_component>
      <object_component id="oc-8c">
         <name>.debug_aranges</name>
         <load_address>0x2f0</load_address>
         <run_address>0x2f0</run_address>
         <size>0x20</size>
         <input_file_ref idref="fl-b"/>
      </object_component>
      <object_component id="oc-91">
         <name>.debug_aranges</name>
         <load_address>0x310</load_address>
         <run_address>0x310</run_address>
         <size>0x18</size>
         <input_file_ref idref="fl-c"/>
      </object_component>
      <object_component id="oc-96">
         <name>.debug_aranges</name>
         <load_address>0x328</load_address>
         <run_address>0x328</run_address>
         <size>0x18</size>
         <input_file_ref idref="fl-d"/>
      </object_component>
      <object_component id="oc-9b">
         <name>.debug_aranges</name>
         <load_address>0x340</load_address>
         <run_address>0x340</run_address>
         <size>0x18</size>
         <input_file_ref idref="fl-e"/>
      </object_component>
      <object_component id="oc-a0">
         <name>.debug_aranges</name>
         <load_address>0x358</load_address>
         <run_address>0x358</run_address>
         <size>0x18</size>
         <input_file_ref idref="fl-f"/>
      </object_component>
      <object_component id="oc-a5">
         <name>.debug_aranges</name>
         <load_address>0x370</load_address>
         <run_address>0x370</run_address>
         <size>0x18</size>
         <input_file_ref idref="fl-10"/>
      </object_component>
      <object_component id="oc-aa">
         <name>.debug_aranges</name>
         <load_address>0x388</load_address>
         <run_address>0x388</run_address>
         <size>0x18</size>
         <input_file_ref idref="fl-11"/>
      </object_component>
      <object_component id="oc-af">
         <name>.debug_aranges</name>
         <load_address>0x3a0</load_address>
         <run_address>0x3a0</run_address>
         <size>0x28</size>
         <input_file_ref idref="fl-12"/>
      </object_component>
      <object_component id="oc-b4">
         <name>.debug_aranges</name>
         <load_address>0x3c8</load_address>
         <run_address>0x3c8</run_address>
         <size>0x20</size>
         <input_file_ref idref="fl-13"/>
      </object_component>
      <object_component id="oc-b9">
         <name>.debug_aranges</name>
         <load_address>0x3e8</load_address>
         <run_address>0x3e8</run_address>
         <size>0x18</size>
         <input_file_ref idref="fl-14"/>
      </object_component>
      <object_component id="oc-be">
         <name>.debug_aranges</name>
         <load_address>0x400</load_address>
         <run_address>0x400</run_address>
         <size>0x18</size>
         <input_file_ref idref="fl-15"/>
      </object_component>
      <object_component id="oc-c3">
         <name>.debug_aranges</name>
         <load_address>0x418</load_address>
         <run_address>0x418</run_address>
         <size>0x70</size>
         <input_file_ref idref="fl-16"/>
      </object_component>
      <object_component id="oc-c8">
         <name>.debug_aranges</name>
         <load_address>0x488</load_address>
         <run_address>0x488</run_address>
         <size>0x18</size>
         <input_file_ref idref="fl-17"/>
      </object_component>
      <object_component id="oc-cd">
         <name>.debug_aranges</name>
         <load_address>0x4a0</load_address>
         <run_address>0x4a0</run_address>
         <size>0x20</size>
         <input_file_ref idref="fl-18"/>
      </object_component>
      <object_component id="oc-d3">
         <name>.debug_aranges</name>
         <load_address>0x4c0</load_address>
         <run_address>0x4c0</run_address>
         <size>0x20</size>
         <input_file_ref idref="fl-29"/>
      </object_component>
      <object_component id="oc-d8">
         <name>.debug_aranges</name>
         <load_address>0x4e0</load_address>
         <run_address>0x4e0</run_address>
         <size>0x20</size>
         <input_file_ref idref="fl-2a"/>
      </object_component>
      <object_component id="oc-dd">
         <name>.debug_aranges</name>
         <load_address>0x500</load_address>
         <run_address>0x500</run_address>
         <size>0x20</size>
         <input_file_ref idref="fl-2b"/>
      </object_component>
      <object_component id="oc-e2">
         <name>.debug_aranges</name>
         <load_address>0x520</load_address>
         <run_address>0x520</run_address>
         <size>0x20</size>
         <input_file_ref idref="fl-2c"/>
      </object_component>
      <object_component id="oc-e7">
         <name>.debug_aranges</name>
         <load_address>0x540</load_address>
         <run_address>0x540</run_address>
         <size>0x20</size>
         <input_file_ref idref="fl-2d"/>
      </object_component>
      <object_component id="oc-ec">
         <name>.debug_aranges</name>
         <load_address>0x560</load_address>
         <run_address>0x560</run_address>
         <size>0x28</size>
         <input_file_ref idref="fl-2e"/>
      </object_component>
      <object_component id="oc-f1">
         <name>.debug_aranges</name>
         <load_address>0x588</load_address>
         <run_address>0x588</run_address>
         <size>0x20</size>
         <input_file_ref idref="fl-2f"/>
      </object_component>
      <object_component id="oc-f6">
         <name>.debug_aranges</name>
         <load_address>0x5a8</load_address>
         <run_address>0x5a8</run_address>
         <size>0x20</size>
         <input_file_ref idref="fl-30"/>
      </object_component>
      <object_component id="oc-fb">
         <name>.debug_aranges</name>
         <load_address>0x5c8</load_address>
         <run_address>0x5c8</run_address>
         <size>0x38</size>
         <input_file_ref idref="fl-31"/>
      </object_component>
      <object_component id="oc-100">
         <name>.debug_aranges</name>
         <load_address>0x600</load_address>
         <run_address>0x600</run_address>
         <size>0x20</size>
         <input_file_ref idref="fl-32"/>
      </object_component>
      <object_component id="oc-105">
         <name>.debug_aranges</name>
         <load_address>0x620</load_address>
         <run_address>0x620</run_address>
         <size>0x20</size>
         <input_file_ref idref="fl-33"/>
      </object_component>
      <object_component id="oc-10a">
         <name>.debug_aranges</name>
         <load_address>0x640</load_address>
         <run_address>0x640</run_address>
         <size>0x20</size>
         <input_file_ref idref="fl-34"/>
      </object_component>
      <object_component id="oc-10f">
         <name>.debug_aranges</name>
         <load_address>0x660</load_address>
         <run_address>0x660</run_address>
         <size>0x20</size>
         <input_file_ref idref="fl-35"/>
      </object_component>
      <object_component id="oc-116">
         <name>.debug_aranges</name>
         <load_address>0x680</load_address>
         <run_address>0x680</run_address>
         <size>0x28</size>
         <input_file_ref idref="fl-36"/>
      </object_component>
      <object_component id="oc-11b">
         <name>.debug_aranges</name>
         <load_address>0x6a8</load_address>
         <run_address>0x6a8</run_address>
         <size>0x30</size>
         <input_file_ref idref="fl-37"/>
      </object_component>
      <object_component id="oc-120">
         <name>.debug_aranges</name>
         <load_address>0x6d8</load_address>
         <run_address>0x6d8</run_address>
         <size>0x20</size>
         <input_file_ref idref="fl-38"/>
      </object_component>
   </object_component_list>
   <logical_group_list>
      <logical_group id="lg-2" display="no" color="cyan">
         <name>.cinit</name>
         <load_address>0x3f6a0d</load_address>
         <run_address>0x3f6a0d</run_address>
         <size>0x40</size>
         <contents>
            <object_component_ref idref="oc-60"/>
            <object_component_ref idref="oc-111"/>
            <object_component_ref idref="oc-129"/>
            <object_component_ref idref="oc-130"/>
         </contents>
      </logical_group>
      <logical_group id="lg-3" display="no" color="cyan">
         <name>.pinit</name>
         <run_address>0x0</run_address>
         <size>0x0</size>
         <contents>
         </contents>
      </logical_group>
      <logical_group id="lg-4" display="no" color="cyan">
         <name>.text</name>
         <load_address>0x3f6000</load_address>
         <run_address>0x3f6000</run_address>
         <size>0x8fd</size>
         <contents>
            <object_component_ref idref="oc-126"/>
            <object_component_ref idref="oc-12a"/>
            <object_component_ref idref="oc-83"/>
            <object_component_ref idref="oc-62"/>
            <object_component_ref idref="oc-12e"/>
            <object_component_ref idref="oc-d4"/>
            <object_component_ref idref="oc-12d"/>
            <object_component_ref idref="oc-d9"/>
            <object_component_ref idref="oc-36"/>
            <object_component_ref idref="oc-f7"/>
            <object_component_ref idref="oc-125"/>
            <object_component_ref idref="oc-e3"/>
            <object_component_ref idref="oc-12b"/>
            <object_component_ref idref="oc-12c"/>
            <object_component_ref idref="oc-de"/>
            <object_component_ref idref="oc-122"/>
            <object_component_ref idref="oc-e8"/>
            <object_component_ref idref="oc-127"/>
            <object_component_ref idref="oc-f2"/>
            <object_component_ref idref="oc-124"/>
            <object_component_ref idref="oc-ed"/>
            <object_component_ref idref="oc-12f"/>
            <object_component_ref idref="oc-6c"/>
            <object_component_ref idref="oc-88"/>
            <object_component_ref idref="oc-7d"/>
            <object_component_ref idref="oc-121"/>
            <object_component_ref idref="oc-123"/>
         </contents>
      </logical_group>
      <logical_group id="lg-5" display="no" color="cyan">
         <name>codestart</name>
         <load_address>0x3f7ff6</load_address>
         <run_address>0x3f7ff6</run_address>
         <size>0x2</size>
         <contents>
            <object_component_ref idref="oc-6d"/>
         </contents>
      </logical_group>
      <logical_group id="lg-6" display="no" color="cyan">
         <name>ramfuncs</name>
         <load_address>0x3f68fd</load_address>
         <run_address>0x8000</run_address>
         <size>0x4</size>
         <contents>
            <object_component_ref idref="oc-c9"/>
         </contents>
      </logical_group>
      <logical_group id="lg-7" display="no" color="cyan">
         <name>csmpasswds</name>
         <run_address>0x0</run_address>
         <size>0x0</size>
         <contents>
         </contents>
      </logical_group>
      <logical_group id="lg-8" display="no" color="cyan">
         <name>csm_rsvd</name>
         <run_address>0x0</run_address>
         <size>0x0</size>
         <contents>
         </contents>
      </logical_group>
      <logical_group id="lg-9" display="no" color="cyan">
         <name>.stack</name>
         <run_address>0x50</run_address>
         <size>0x300</size>
         <contents>
            <object_component_ref idref="oc-ce"/>
            <object_component_ref idref="oc-171"/>
         </contents>
      </logical_group>
      <logical_group id="lg-a" display="no" color="cyan">
         <name>.ebss</name>
         <run_address>0x8800</run_address>
         <size>0x30</size>
         <contents>
            <object_component_ref idref="oc-61"/>
            <object_component_ref idref="oc-78"/>
            <object_component_ref idref="oc-112"/>
            <object_component_ref idref="oc-133"/>
            <object_component_ref idref="oc-128"/>
         </contents>
      </logical_group>
      <logical_group id="lg-b" display="no" color="cyan">
         <name>.esysmem</name>
         <run_address>0x0</run_address>
         <size>0x0</size>
         <contents>
         </contents>
      </logical_group>
      <logical_group id="lg-c" display="no" color="cyan">
         <name>.econst</name>
         <load_address>0x3f6902</load_address>
         <run_address>0x3f6902</run_address>
         <size>0x10b</size>
         <contents>
            <object_component_ref idref="oc-131"/>
            <object_component_ref idref="oc-132"/>
         </contents>
      </logical_group>
      <logical_group id="lg-d" display="no" color="cyan">
         <name>.switch</name>
         <run_address>0x0</run_address>
         <size>0x0</size>
         <contents>
         </contents>
      </logical_group>
      <logical_group id="lg-e" display="no" color="cyan">
         <name>IQmath</name>
         <run_address>0x0</run_address>
         <size>0x0</size>
         <contents>
         </contents>
      </logical_group>
      <logical_group id="lg-f" display="no" color="cyan">
         <name>IQmathTables</name>
         <run_address>0x0</run_address>
         <size>0x0</size>
         <contents>
         </contents>
      </logical_group>
      <logical_group id="lg-10" display="no" color="cyan">
         <name>.reset</name>
         <load_address>0x3fffc0</load_address>
         <run_address>0x3fffc0</run_address>
         <size>0x2</size>
         <contents>
            <object_component_ref idref="oc-cf"/>
         </contents>
      </logical_group>
      <logical_group id="lg-11" display="no" color="cyan">
         <name>vectors</name>
         <run_address>0x3fffc2</run_address>
         <size>0x0</size>
         <contents>
         </contents>
      </logical_group>
      <logical_group id="lg-13" display="no" color="cyan">
         <name>PieVectTableFile</name>
         <run_address>0xd00</run_address>
         <size>0x100</size>
         <contents>
            <object_component_ref idref="oc-58"/>
         </contents>
      </logical_group>
      <logical_group id="lg-15" display="no" color="cyan">
         <name>EmuKeyVar</name>
[...]
         <value>0x3f6561</value>
         <object_component_ref idref="oc-12e"/>
      </symbol>
      <symbol id="sm-ff">
         <name>_InitLEDGpio</name>
         <value>0x3f650d</value>
         <object_component_ref idref="oc-12e"/>
      </symbol>
      <symbol id="sm-100">
         <name>_TM1638_WriteLED</name>
         <value>0x3f656f</value>
         <object_component_ref idref="oc-12e"/>
      </symbol>
      <symbol id="sm-101">
         <name>_TM1638_Write_Byte</name>
         <value>0x3f6543</value>
         <object_component_ref idref="oc-12e"/>
      </symbol>
      <symbol id="sm-102">
         <name>_LED_Show</name>
         <value>0x3f6587</value>
         <object_component_ref idref="oc-12e"/>
      </symbol>
      <symbol id="sm-120">
         <name>_PWMTimes</name>
         <value>0x8819</value>
         <object_component_ref idref="oc-61"/>
      </symbol>
      <symbol id="sm-121">
         <name>_main</name>
         <value>0x3f618e</value>
         <object_component_ref idref="oc-126"/>
      </symbol>
      <symbol id="sm-122">
         <name>_InitADC</name>
         <value>0x3f60bf</value>
         <object_component_ref idref="oc-126"/>
      </symbol>
      <symbol id="sm-123">
         <name>_ADCB3</name>
         <value>0x881c</value>
         <object_component_ref idref="oc-61"/>
      </symbol>
      <symbol id="sm-124">
         <name>_ADCB7</name>
         <value>0x881a</value>
         <object_component_ref idref="oc-61"/>
      </symbol>
      <symbol id="sm-125">
         <name>_ADCA7</name>
         <value>0x881e</value>
         <object_component_ref idref="oc-61"/>
      </symbol>
      <symbol id="sm-126">
         <name>_EPWM4Int_isr</name>
         <value>0x3f6455</value>
         <object_component_ref idref="oc-62"/>
      </symbol>
      <symbol id="sm-127">
         <name>_v_pwm</name>
         <value>0x8822</value>
         <object_component_ref idref="oc-61"/>
      </symbol>
      <symbol id="sm-128">
         <name>_init_epwm4</name>
         <value>0x3f6026</value>
         <object_component_ref idref="oc-126"/>
      </symbol>
      <symbol id="sm-129">
         <name>_DelaymS</name>
         <value>0x3f6000</value>
         <object_component_ref idref="oc-126"/>
      </symbol>
      <symbol id="sm-12a">
         <name>_v_Rp</name>
         <value>0x8824</value>
         <object_component_ref idref="oc-61"/>
      </symbol>
      <symbol id="sm-12b">
         <name>_ADC_usDELAY</name>
         <value>0x8820</value>
         <object_component_ref idref="oc-61"/>
      </symbol>
      <symbol id="sm-12c">
         <name>_init_epwm4GPIO</name>
         <value>0x3f6012</value>
         <object_component_ref idref="oc-126"/>
      </symbol>
      <symbol id="sm-12d">
         <name>_LedShow</name>
         <value>0x3f61d2</value>
         <object_component_ref idref="oc-126"/>
      </symbol>
      <symbol id="sm-12e">
         <name>_SampleDeltaT</name>
         <value>0x8818</value>
         <object_component_ref idref="oc-61"/>
      </symbol>
      <symbol id="sm-12f">
         <name>_MyAdcInt1_isr</name>
         <value>0x3f6467</value>
         <object_component_ref idref="oc-62"/>
      </symbol>
      <symbol id="sm-148">
         <name>code_start</name>
         <value>0x3f7ff6</value>
         <object_component_ref idref="oc-6d"/>
      </symbol>
      <symbol id="sm-15f">
         <name>_CpuTimer2</name>
         <value>0x8808</value>
         <object_component_ref idref="oc-78"/>
      </symbol>
      <symbol id="sm-160">
         <name>_CpuTimer0</name>
         <value>0x8810</value>
         <object_component_ref idref="oc-78"/>
      </symbol>
      <symbol id="sm-161">
         <name>_CpuTimer1</name>
         <value>0x8800</value>
         <object_component_ref idref="oc-78"/>
      </symbol>
      <symbol id="sm-162">
         <name>_InitCpuTimers</name>
         <value>0x3f6629</value>
         <object_component_ref idref="oc-12d"/>
      </symbol>
      <symbol id="sm-163">
         <name>_ConfigCpuTimer</name>
         <value>0x3f666a</value>
         <object_component_ref idref="oc-12d"/>
      </symbol>
      <symbol id="sm-16f">
         <name>_SetDBGIER</name>
         <value>0x3f68f7</value>
         <object_component_ref idref="oc-7d"/>
      </symbol>
      <symbol id="sm-1ad">
         <name>_ILLEGAL_ISR</name>
         <value>0x3f6374</value>
         <object_component_ref idref="oc-83"/>
      </symbol>
      <symbol id="sm-1ae">
         <name>_ADCINT4_ISR</name>
         <value>0x3f6428</value>
         <object_component_ref idref="oc-83"/>
      </symbol>
      <symbol id="sm-1af">
         <name>_DATALOG_ISR</name>
         <value>0x3f6360</value>
         <object_component_ref idref="oc-83"/>
      </symbol>
      <symbol id="sm-1b0">
         <name>_SPITXINTA_ISR</name>
         <value>0x3f640a</value>
         <object_component_ref idref="oc-83"/>
      </symbol>
      <symbol id="sm-1b1">
         <name>_SPIRXINTA_ISR</name>
         <value>0x3f6405</value>
         <object_component_ref idref="oc-83"/>
      </symbol>
      <symbol id="sm-1b2">
         <name>_INT13_ISR</name>
         <value>0x3f6356</value>
         <object_component_ref idref="oc-83"/>
      </symbol>
      <symbol id="sm-1b3">
         <name>_ADCINT5_ISR</name>
         <value>0x3f642d</value>
         <object_component_ref idref="oc-83"/>
      </symbol>
      <symbol id="sm-1b4">
         <name>_EPWM4_INT_ISR</name>
         <value>0x3f63fb</value>
         <object_component_ref idref="oc-83"/>
      </symbol>
      <symbol id="sm-1b5">
         <name>_USER5_ISR</name>
         <value>0x3f638d</value>
         <object_component_ref idref="oc-83"/>
      </symbol>
      <symbol id="sm-1b6">
         <name>_EMPTY_ISR</name>
         <value>0x3f6446</value>
         <object_component_ref idref="oc-83"/>
      </symbol>
      <symbol id="sm-1b7">
         <name>_EPWM4_TZINT_ISR</name>
         <value>0x3f63e7</value>
         <object_component_ref idref="oc-83"/>
      </symbol>
      <symbol id="sm-1b8">
         <name>_EMUINT_ISR</name>
         <value>0x3f636a</value>
         <object_component_ref idref="oc-83"/>
      </symbol>
      <symbol id="sm-1b9">
         <name>_ECAP1_INT_ISR</name>
         <value>0x3f6400</value>
         <object_component_ref idref="oc-83"/>
      </symbol>
      <symbol id="sm-1ba">
         <name>_EPWM1_TZINT_ISR</name>
         <value>0x3f63d8</value>
         <object_component_ref idref="oc-83"/>
      </symbol>
      <symbol id="sm-1bb">
         <name>_ADCINT6_ISR</name>
         <value>0x3f6432</value>
         <object_component_ref idref="oc-83"/>
      </symbol>
      <symbol id="sm-1bc">
         <name>_ADCINT8_ISR</name>
         <value>0x3f643c</value>
         <object_component_ref idref="oc-83"/>
      </symbol>
      <symbol id="sm-1bd">
         <name>_USER11_ISR</name>
         <value>0x3f63ab</value>
         <object_component_ref idref="oc-83"/>
      </symbol>
      <symbol id="sm-1be">
         <name>_EPWM3_TZINT_ISR</name>
         <value>0x3f63e2</value>
         <object_component_ref idref="oc-83"/>
      </symbol>
      <symbol id="sm-1bf">
         <name>_USER4_ISR</name>
         <value>0x3f6388</value>
         <object_component_ref idref="oc-83"/>
      </symbol>
      <symbol id="sm-1c0">
         <name>_EPWM2_TZINT_ISR</name>
         <value>0x3f63dd</value>
         <object_component_ref idref="oc-83"/>
      </symbol>
      <symbol id="sm-1c1">
         <name>_EPWM2_INT_ISR</name>
         <value>0x3f63f1</value>
         <object_component_ref idref="oc-83"/>
      </symbol>
      <symbol id="sm-1c2">
         <name>_TINT0_ISR</name>
         <value>0x3f63ce</value>
         <object_component_ref idref="oc-83"/>
      </symbol>
      <symbol id="sm-1c3">
         <name>_WAKEINT_ISR</name>
         <value>0x3f63d3</value>
         <object_component_ref idref="oc-83"/>
      </symbol>
      <symbol id="sm-1c4">
         <name>_ADCINT7_ISR</name>
         <value>0x3f6437</value>
         <object_component_ref idref="oc-83"/>
      </symbol>
      <symbol id="sm-1c5">
         <name>_ADCINT9_ISR</name>
         <value>0x3f63c9</value>
         <object_component_ref idref="oc-83"/>
      </symbol>
      <symbol id="sm-1c6">
         <name>_USER10_ISR</name>
         <value>0x3f63a6</value>
         <object_component_ref idref="oc-83"/>
      </symbol>
      <symbol id="sm-1c7">
         <name>_USER7_ISR</name>
         <value>0x3f6397</value>
         <object_component_ref idref="oc-83"/>
      </symbol>
      <symbol id="sm-1c8">
         <name>_XINT1_ISR</name>
         <value>0x3f63bf</value>
         <object_component_ref idref="oc-83"/>
      </symbol>
      <symbol id="sm-1c9">
         <name>_INT14_ISR</name>
         <value>0x3f635b</value>
         <object_component_ref idref="oc-83"/>
      </symbol>
      <symbol id="sm-1ca">
         <name>_USER6_ISR</name>
         <value>0x3f6392</value>
         <object_component_ref idref="oc-83"/>
      </symbol>
      <symbol id="sm-1cb">
         <name>_ADCINT1_ISR</name>
         <value>0x3f63b5</value>
         <object_component_ref idref="oc-83"/>
      </symbol>
      <symbol id="sm-1cc">
         <name>_USER12_ISR</name>
         <value>0x3f63b0</value>
         <object_component_ref idref="oc-83"/>
      </symbol>
      <symbol id="sm-1cd">
         <name>_USER1_ISR</name>
         <value>0x3f6379</value>
         <object_component_ref idref="oc-83"/>
      </symbol>
      <symbol id="sm-1ce">
         <name>_XINT3_ISR</name>
         <value>0x3f6441</value>
         <object_component_ref idref="oc-83"/>
      </symbol>
      <symbol id="sm-1cf">
         <name>_NMI_ISR</name>
         <value>0x3f636f</value>
         <object_component_ref idref="oc-83"/>
      </symbol>
      <symbol id="sm-1d0">
         <name>_ADCINT2_ISR</name>
         <value>0x3f63ba</value>
         <object_component_ref idref="oc-83"/>
      </symbol>
      <symbol id="sm-1d1">
         <name>_PIE_RESERVED</name>
         <value>0x3f644b</value>
         <object_component_ref idref="oc-83"/>
      </symbol>
      <symbol id="sm-1d2">
         <name>_I2CINT1A_ISR</name>
         <value>0x3f640f</value>
         <object_component_ref idref="oc-83"/>
      </symbol>
      <symbol id="sm-1d3">
         <name>_XINT2_ISR</name>
         <value>0x3f63c4</value>
         <object_component_ref idref="oc-83"/>
      </symbol>
      <symbol id="sm-1d4">
         <name>_I2CINT2A_ISR</name>
         <value>0x3f6414</value>
         <object_component_ref idref="oc-83"/>
      </symbol>
      <symbol id="sm-1d5">
         <name>_RTOSINT_ISR</name>
         <value>0x3f6365</value>
         <object_component_ref idref="oc-83"/>
      </symbol>
      <symbol id="sm-1d6">
         <name>_EPWM3_INT_ISR</name>
         <value>0x3f63f6</value>
         <object_component_ref idref="oc-83"/>
      </symbol>
      <symbol id="sm-1d7">
         <name>_ADCINT3_ISR</name>
         <value>0x3f6423</value>
         <object_component_ref idref="oc-83"/>
      </symbol>
      <symbol id="sm-1d8">
         <name>_USER9_ISR</name>
         <value>0x3f63a1</value>
         <object_component_ref idref="oc-83"/>
      </symbol>
      <symbol id="sm-1d9">
         <name>_USER3_ISR</name>
         <value>0x3f6383</value>
         <object_component_ref idref="oc-83"/>
      </symbol>
      <symbol id="sm-1da">
         <name>_USER8_ISR</name>
         <value>0x3f639c</value>
         <object_component_ref idref="oc-83"/>
      </symbol>
      <symbol id="sm-1db">
         <name>_EPWM1_INT_ISR</name>
         <value>0x3f63ec</value>
         <object_component_ref idref="oc-83"/>
      </symbol>
      <symbol id="sm-1dc">
         <name>_USER2_ISR</name>
         <value>0x3f637e</value>
         <object_component_ref idref="oc-83"/>
      </symbol>
      <symbol id="sm-1dd">
         <name>_SCITXINTA_ISR</name>
         <value>0x3f641e</value>
         <object_component_ref idref="oc-83"/>
      </symbol>
      <symbol id="sm-1de">
         <name>_SCIRXINTA_ISR</name>
         <value>0x3f6419</value>
         <object_component_ref idref="oc-83"/>
      </symbol>
      <symbol id="sm-1df">
         <name>_rsvd_ISR</name>
         <value>0x3f6450</value>
         <object_component_ref idref="oc-83"/>
      </symbol>
      <symbol id="sm-1eb">
         <name>_DSP28x_DisableInt</name>
         <value>0x3f68f0</value>
         <object_component_ref idref="oc-88"/>
      </symbol>
      <symbol id="sm-1ec">
         <name>_DSP28x_RestoreInt</name>
         <value>0x3f68f4</value>
         <object_component_ref idref="oc-88"/>
      </symbol>
      <symbol id="sm-22e">
         <name>_InitPieCtrl</name>
         <value>0x3f67c6</value>
         <object_component_ref idref="oc-12b"/>
      </symbol>
      <symbol id="sm-22f">
         <name>_EnableInterrupts</name>
         <value>0x3f67e5</value>
         <object_component_ref idref="oc-12b"/>
      </symbol>
      <symbol id="sm-23f">
         <name>_PieVectTableInit</name>
         <value>0x3f6902</value>
         <object_component_ref idref="oc-131"/>
      </symbol>
      <symbol id="sm-240">
         <name>_InitPieVectTable</name>
         <value>0x3f67ee</value>
         <object_component_ref idref="oc-12c"/>
      </symbol>
      <symbol id="sm-267">
         <name>_InitPll</name>
         <value>0x3f6254</value>
         <object_component_ref idref="oc-12a"/>
      </symbol>
      <symbol id="sm-268">
         <name>_IntOsc1Sel</name>
         <value>0x3f630a</value>
         <object_component_ref idref="oc-12a"/>
      </symbol>
      <symbol id="sm-269">
         <name>_ExtOscSel</name>
         <value>0x3f6340</value>
         <object_component_ref idref="oc-12a"/>
      </symbol>
      <symbol id="sm-26a">
         <name>_DisableDog</name>
         <value>0x3f624c</value>
         <object_component_ref idref="oc-12a"/>
      </symbol>
      <symbol id="sm-26b">
         <name>_InitPeripheralClocks</name>
         <value>0x3f62a9</value>
         <object_component_ref idref="oc-12a"/>
      </symbol>
      <symbol id="sm-26c">
         <name>_IntOsc2Sel</name>
         <value>0x3f631a</value>
         <object_component_ref idref="oc-12a"/>
      </symbol>
      <symbol id="sm-26d">
         <name>_InitFlash</name>
         <value>0x3f6227</value>
         <object_component_ref idref="oc-12a"/>
      </symbol>
      <symbol id="sm-26e">
         <name>_CsmUnlock</name>
         <value>0x3f62d9</value>
         <object_component_ref idref="oc-12a"/>
      </symbol>
      <symbol id="sm-26f">
         <name>_ServiceDog</name>
         <value>0x3f6242</value>
         <object_component_ref idref="oc-12a"/>
      </symbol>
      <symbol id="sm-270">
         <name>_XtalOscSel</name>
         <value>0x3f632c</value>
         <object_component_ref idref="oc-12a"/>
      </symbol>
      <symbol id="sm-271">
         <name>_InitSysCtrl</name>
         <value>0x3f620d</value>
         <object_component_ref idref="oc-12a"/>
      </symbol>
      <symbol id="sm-286">
         <name>_DSP28x_usDelay</name>
         <value>0x8000</value>
         <object_component_ref idref="oc-c9"/>
      </symbol>
      <symbol id="sm-2a1">
         <name>_c_int00</name>
         <value>0x3f66f6</value>
         <object_component_ref idref="oc-36"/>
      </symbol>
      <symbol id="sm-2a2">
         <name>__stack</name>
         <value>0x50</value>
         <object_component_ref idref="oc-ce"/>
      </symbol>
      <symbol id="sm-2b3">
         <name>FS$$DIV</name>
         <value>0x3f65a6</value>
         <object_component_ref idref="oc-d4"/>
      </symbol>
      <symbol id="sm-2c4">
         <name>FS$$MPY</name>
         <value>0x3f669c</value>
         <object_component_ref idref="oc-d9"/>
      </symbol>
      <symbol id="sm-2d5">
         <name>FS$$TOI</name>
         <value>0x3f6814</value>
         <object_component_ref idref="oc-de"/>
      </symbol>
      <symbol id="sm-2e8">
         <name>FS$$TOL</name>
         <value>0x3f679d</value>
         <object_component_ref idref="oc-e3"/>
      </symbol>
      <symbol id="sm-2f6">
         <name>I$$MOD</name>
         <value>0x3f686e</value>
         <object_component_ref idref="oc-e8"/>
      </symbol>
      <symbol id="sm-2f7">
         <name>I$$DIV</name>
         <value>0x3f685d</value>
         <object_component_ref idref="oc-e8"/>
      </symbol>
      <symbol id="sm-305">
         <name>U$$TOFS</name>
         <value>0x3f68cf</value>
         <object_component_ref idref="oc-ed"/>
      </symbol>
      <symbol id="sm-314">
         <name>L$$TOFS</name>
         <value>0x3f689c</value>
         <object_component_ref idref="oc-f2"/>
      </symbol>
      <symbol id="sm-320">
         <name>UL$$MOD</name>
         <value>0x3f676e</value>
         <object_component_ref idref="oc-f7"/>
      </symbol>
      <symbol id="sm-321">
         <name>L$$MOD</name>
         <value>0x3f6759</value>
         <object_component_ref idref="oc-f7"/>
      </symbol>
      <symbol id="sm-322">
         <name>L$$DIV</name>
         <value>0x3f674a</value>
         <object_component_ref idref="oc-f7"/>
      </symbol>
      <symbol id="sm-323">
         <name>UL$$DIV</name>
         <value>0x3f6767</value>
         <object_component_ref idref="oc-f7"/>
      </symbol>
      <symbol id="sm-332">
         <name>_copy_in</name>
         <value>0x3f6839</value>
         <object_component_ref idref="oc-122"/>
      </symbol>
      <symbol id="sm-343">
         <name>_memcpy</name>
         <value>0x3f687f</value>
         <object_component_ref idref="oc-127"/>
      </symbol>
      <symbol id="sm-34f">
         <name>__system_pre_init</name>
         <value>0x3f68fa</value>
         <object_component_ref idref="oc-121"/>
      </symbol>
      <symbol id="sm-35c">
         <name>__system_post_cinit</name>
         <value>0x3f68fc</value>
         <object_component_ref idref="oc-123"/>
      </symbol>
      <symbol id="sm-370">
         <name>C$$EXIT</name>
         <value>0x3f6774</value>
         <object_component_ref idref="oc-125"/>
      </symbol>
      <symbol id="sm-371">
         <name>_exit</name>
         <value>0x3f6776</value>
         <object_component_ref idref="oc-125"/>
      </symbol>
      <symbol id="sm-372">
         <name>___TI_cleanup_ptr</name>
         <value>0x8828</value>
         <object_component_ref idref="oc-112"/>
      </symbol>
      <symbol id="sm-373">
         <name>___TI_enable_exit_profile_output</name>
         <value>0x8826</value>
         <object_component_ref idref="oc-112"/>
      </symbol>
      <symbol id="sm-374">
         <name>_abort</name>
         <value>0x3f6774</value>
         <object_component_ref idref="oc-125"/>
      </symbol>
      <symbol id="sm-375">
         <name>___TI_dtors_ptr</name>
         <value>0x882a</value>
         <object_component_ref idref="oc-112"/>
      </symbol>
      <symbol id="sm-389">
         <name>__unlock</name>
         <value>0x882e</value>
         <object_component_ref idref="oc-133"/>
      </symbol>
      <symbol id="sm-38a">
         <name>__lock</name>
         <value>0x882c</value>
         <object_component_ref idref="oc-128"/>
      </symbol>
      <symbol id="sm-38b">
         <name>__register_lock</name>
         <value>0x3f68e3</value>
         <object_component_ref idref="oc-12f"/>
      </symbol>
      <symbol id="sm-38c">
         <name>__nop</name>
         <value>0x3f68e7</value>
         <object_component_ref idref="oc-12f"/>
      </symbol>
      <symbol id="sm-38d">
         <name>__register_unlock</name>
         <value>0x3f68df</value>
         <object_component_ref idref="oc-12f"/>
      </symbol>
      <symbol id="sm-39c">
         <name>__args_main</name>
         <value>0x3f68b6</value>
         <object_component_ref idref="oc-124"/>
      </symbol>
   </symbol_table>
   <title>Link successful</title>
</link_info>
