******************************************************************************
             TMS320C2000 Linker PC v16.9.1                     
******************************************************************************
>> Linked Mon May 01 10:00:24 2017

OUTPUT FILE NAME:   <Example_2802xCpuTimer.out>
ENTRY POINT SYMBOL: "code_start"  address: 003f7ff6


MEMORY CONFIGURATION

         name            origin    length      used     unused   attr    fill
----------------------  --------  ---------  --------  --------  ----  --------
PAGE 0:
  PRAML0                00008000   00000800  00000004  000007fc  RWIX
  OTP                   003d7800   00000400  00000000  00000400  RWIX
  FLASHD                003f0000   00002000  00000000  00002000  RWIX
  FLASHC                003f2000   00002000  00000000  00002000  RWIX
  FLASHA                003f6000   00001f80  000005f8  00001988  RWIX
  CSM_RSVD              003f7f80   00000076  00000000  00000076  RWIX
  BEGIN                 003f7ff6   00000002  00000002  00000000  RWIX
  CSM_PWL_P0            003f7ff8   00000008  00000000  00000008  RWIX
  IQTABLES              003fe000   00000b50  00000000  00000b50  RWIX
  IQTABLES2             003feb50   0000008c  00000000  0000008c  RWIX
  IQTABLES3             003febdc   000000aa  00000000  000000aa  RWIX
  ROM                   003ff27c   00000d44  00000000  00000d44  RWIX
  RESET                 003fffc0   00000002  00000000  00000002  RWIX
  VECTORS               003fffc2   0000003e  00000000  0000003e  RWIX

PAGE 1:
  BOOT_RSVD             00000000   00000050  00000000  00000050  RWIX
  RAMM0                 00000050   000003b0  00000200  000001b0  RWIX
  RAMM1                 00000400   00000400  00000000  00000400  RWIX
  DEV_EMU               00000880   00000105  00000004  00000101  RWIX
  SYS_PWR_CTL           00000985   00000003  00000003  00000000  RWIX
  FLASH_REGS            00000a80   00000060  00000008  00000058  RWIX
  CSM                   00000ae0   00000010  00000010  00000000  RWIX
  ADC_RESULT            00000b00   00000020  00000020  00000000  RWIX
  CPU_TIMER0            00000c00   00000008  00000008  00000000  RWIX
  CPU_TIMER1            00000c08   00000008  00000008  00000000  RWIX
  CPU_TIMER2            00000c10   00000008  00000008  00000000  RWIX
  PIE_CTRL              00000ce0   00000020  0000001a  00000006  RWIX
  PIE_VECT              00000d00   00000100  00000100  00000000  RWIX
  COMP1                 00006400   00000020  00000011  0000000f  RWIX
  COMP2                 00006420   00000020  00000011  0000000f  RWIX
  EPWM1                 00006800   00000040  0000003a  00000006  RWIX
  EPWM2                 00006840   00000040  0000003a  00000006  RWIX
  EPWM3                 00006880   00000040  0000003a  00000006  RWIX
  EPWM4                 000068c0   00000040  0000003a  00000006  RWIX
  ECAP1                 00006a00   00000020  00000020  00000000  RWIX
  GPIOCTRL              00006f80   00000040  00000040  00000000  RWIX
  GPIODAT               00006fc0   00000020  00000020  00000000  RWIX
  GPIOINT               00006fe0   00000020  0000000a  00000016  RWIX
  SYSTEM                00007010   00000020  0000001f  00000001  RWIX
  SPIA                  00007040   00000010  00000010  00000000  RWIX
  SCIA                  00007050   00000010  00000010  00000000  RWIX
  NMIINTRUPT            00007060   00000010  00000010  00000000  RWIX
  XINTRUPT              00007070   00000010  00000010  00000000  RWIX
  ADC                   00007100   00000080  00000050  00000030  RWIX
  I2CA                  00007900   00000040  00000022  0000001e  RWIX
  DRAML0                00008800   00000800  00000022  000007de  RWIX
  PARTID                003d7fff   00000001  00000001  00000000  RWIX
  FLASHB                003f4000   00002000  00000000  00002000  RWIX
  CSM_PWL               003f7ff8   00000008  00000008  00000000  RWIX


SECTION ALLOCATION MAP

 output                                  attributes/
section   page    origin      length       input sections
--------  ----  ----------  ----------   ----------------
.TI.ramfunc 
*          0    00008000    00000000     UNINITIALIZED

ramfuncs   0    00008000    00000004     
                  00008000    00000004     DSP2802x_usDelay.obj (ramfuncs)

.text      0    003f6000    000004de     
                  003f6000    00000130     DSP2802x_SysCtrl.obj (.text)
                  003f6130    000000ff     DSP2802x_DefaultIsr.obj (.text:retain)
                  003f622f    00000072     DSP2802x_CpuTimers.obj (.text)
                  003f62a1    0000005c     Example_2802xCpuTimer.obj (.text)
                  003f62fd    0000005a     rts2800_ml.lib : fs_mpy28.obj (.text)
                  003f6357    00000054                    : boot28.obj (.text)
                  003f63ab    00000029                    : exit.obj (.text)
                  003f63d4    00000029                    : fs_tol28.obj (.text)
                  003f63fd    00000028     DSP2802x_PieCtrl.obj (.text)
                  003f6425    00000026     DSP2802x_PieVect.obj (.text)
                  003f644b    00000025     Example_2802xCpuTimer.obj (.text:retain)
                  003f6470    00000024     rts2800_ml.lib : cpy_tbl.obj (.text)
                  003f6494    0000001d                    : memcpy.obj (.text)
                  003f64b1    00000019                    : args_main.obj (.text)
                  003f64ca    00000009                    : _lock.obj (.text)
                  003f64d3    00000008     DSP2802x_CodeStartBranch.obj (.text)
                  003f64db    00000002     rts2800_ml.lib : pre_init.obj (.text)
                  003f64dd    00000001                    : startup.obj (.text)

.econst    0    003f64de    00000100     
                  003f64de    00000100     DSP2802x_PieVect.obj (.econst:_PieVectTableInit)

.cinit     0    003f65de    0000001a     
                  003f65de    0000000e     rts2800_ml.lib : exit.obj (.cinit)
                  003f65ec    00000005                    : _lock.obj (.cinit:__lock)
                  003f65f1    00000005                    : _lock.obj (.cinit:__unlock)
                  003f65f6    00000002     --HOLE-- [fill = 0]

codestart 
*          0    003f7ff6    00000002     
                  003f7ff6    00000002     DSP2802x_CodeStartBranch.obj (codestart)

.stack     1    00000050    00000200     UNINITIALIZED
                  00000050    00000200     --HOLE--

DevEmuRegsFile 
*          1    00000880    00000004     UNINITIALIZED
                  00000880    00000004     DSP2802x_GlobalVariableDefs.obj (DevEmuRegsFile)

SysPwrCtrlRegsFile 
*          1    00000985    00000003     UNINITIALIZED
                  00000985    00000003     DSP2802x_GlobalVariableDefs.obj (SysPwrCtrlRegsFile)

FlashRegsFile 
*          1    00000a80    00000008     UNINITIALIZED
                  00000a80    00000008     DSP2802x_GlobalVariableDefs.obj (FlashRegsFile)

CsmRegsFile 
*          1    00000ae0    00000010     UNINITIALIZED
                  00000ae0    00000010     DSP2802x_GlobalVariableDefs.obj (CsmRegsFile)

AdcResultFile 
*          1    00000b00    00000020     UNINITIALIZED
                  00000b00    00000020     DSP2802x_GlobalVariableDefs.obj (AdcResultFile)

CpuTimer0RegsFile 
*          1    00000c00    00000008     UNINITIALIZED
                  00000c00    00000008     DSP2802x_GlobalVariableDefs.obj (CpuTimer0RegsFile)

CpuTimer1RegsFile 
*          1    00000c08    00000008     UNINITIALIZED
                  00000c08    00000008     DSP2802x_GlobalVariableDefs.obj (CpuTimer1RegsFile)

CpuTimer2RegsFile 
*          1    00000c10    00000008     UNINITIALIZED
                  00000c10    00000008     DSP2802x_GlobalVariableDefs.obj (CpuTimer2RegsFile)

PieCtrlRegsFile 
*          1    00000ce0    0000001a     UNINITIALIZED
                  00000ce0    0000001a     DSP2802x_GlobalVariableDefs.obj (PieCtrlRegsFile)

PieVectTableFile 
*          1    00000d00    00000100     UNINITIALIZED
                  00000d00    00000100     DSP2802x_GlobalVariableDefs.obj (PieVectTableFile)

EmuKeyVar 
*          1    00000d00    00000001     UNINITIALIZED
                  00000d00    00000001     DSP2802x_GlobalVariableDefs.obj (EmuKeyVar)

EmuBModeVar 
*          1    00000d01    00000001     UNINITIALIZED
                  00000d01    00000001     DSP2802x_GlobalVariableDefs.obj (EmuBModeVar)

FlashCallbackVar 
*          1    00000d02    00000002     UNINITIALIZED
                  00000d02    00000002     DSP2802x_GlobalVariableDefs.obj (FlashCallbackVar)

FlashScalingVar 
*          1    00000d04    00000002     UNINITIALIZED
                  00000d04    00000002     DSP2802x_GlobalVariableDefs.obj (FlashScalingVar)

Comp1RegsFile 
*          1    00006400    00000011     UNINITIALIZED
                  00006400    00000011     DSP2802x_GlobalVariableDefs.obj (Comp1RegsFile)

Comp2RegsFile 
*          1    00006420    00000011     UNINITIALIZED
                  00006420    00000011     DSP2802x_GlobalVariableDefs.obj (Comp2RegsFile)

EPwm1RegsFile 
*          1    00006800    0000003a     UNINITIALIZED
                  00006800    0000003a     DSP2802x_GlobalVariableDefs.obj (EPwm1RegsFile)

EPwm2RegsFile 
*          1    00006840    0000003a     UNINITIALIZED
                  00006840    0000003a     DSP2802x_GlobalVariableDefs.obj (EPwm2RegsFile)

EPwm3RegsFile 
*          1    00006880    0000003a     UNINITIALIZED
                  00006880    0000003a     DSP2802x_GlobalVariableDefs.obj (EPwm3RegsFile)

EPwm4RegsFile 
*          1    000068c0    0000003a     UNINITIALIZED
                  000068c0    0000003a     DSP2802x_GlobalVariableDefs.obj (EPwm4RegsFile)

ECap1RegsFile 
*          1    00006a00    00000020     UNINITIALIZED
                  00006a00    00000020     DSP2802x_GlobalVariableDefs.obj (ECap1RegsFile)

GpioCtrlRegsFile 
*          1    00006f80    00000040     UNINITIALIZED
                  00006f80    00000040     DSP2802x_GlobalVariableDefs.obj (GpioCtrlRegsFile)

GpioDataRegsFile 
*          1    00006fc0    00000020     UNINITIALIZED
                  00006fc0    00000020     DSP2802x_GlobalVariableDefs.obj (GpioDataRegsFile)

GpioIntRegsFile 
*          1    00006fe0    0000000a     UNINITIALIZED
                  00006fe0    0000000a     DSP2802x_GlobalVariableDefs.obj (GpioIntRegsFile)

SysCtrlRegsFile 
*          1    00007010    0000001f     UNINITIALIZED
                  00007010    0000001f     DSP2802x_GlobalVariableDefs.obj (SysCtrlRegsFile)

SpiaRegsFile 
*          1    00007040    00000010     UNINITIALIZED
                  00007040    00000010     DSP2802x_GlobalVariableDefs.obj (SpiaRegsFile)

SciaRegsFile 
*          1    00007050    00000010     UNINITIALIZED
                  00007050    00000010     DSP2802x_GlobalVariableDefs.obj (SciaRegsFile)

NmiIntruptRegsFile 
*          1    00007060    00000010     UNINITIALIZED
                  00007060    00000010     DSP2802x_GlobalVariableDefs.obj (NmiIntruptRegsFile)

XIntruptRegsFile 
*          1    00007070    00000010     UNINITIALIZED
                  00007070    00000010     DSP2802x_GlobalVariableDefs.obj (XIntruptRegsFile)

AdcRegsFile 
*          1    00007100    00000050     UNINITIALIZED
                  00007100    00000050     DSP2802x_GlobalVariableDefs.obj (AdcRegsFile)

I2caRegsFile 
*          1    00007900    00000022     UNINITIALIZED
                  00007900    00000022     DSP2802x_GlobalVariableDefs.obj (I2caRegsFile)

.ebss      1    00008800    00000022     UNINITIALIZED
                  00008800    00000018     DSP2802x_CpuTimers.obj (.ebss)
                  00008818    00000006     rts2800_ml.lib : exit.obj (.ebss)
                  0000881e    00000002                    : _lock.obj (.ebss:__lock)
                  00008820    00000002                    : _lock.obj (.ebss:__unlock)

PartIdRegsFile 
*          1    003d7fff    00000001     UNINITIALIZED
                  003d7fff    00000001     DSP2802x_GlobalVariableDefs.obj (PartIdRegsFile)

CsmPwlFile 
*          1    003f7ff8    00000008     UNINITIALIZED
                  003f7ff8    00000008     DSP2802x_GlobalVariableDefs.obj (CsmPwlFile)

.pinit     0    003f6000    00000000     UNINITIALIZED

.reset     0    003fffc0    00000002     DSECT
                  003fffc0    00000002     rts2800_ml.lib : boot28.obj (.reset)

vectors    0    003fffc2    00000000     DSECT

MODULE SUMMARY

       Module                            code   initialized data   uninitialized data
       ------                            ----   ----------------   ------------------
    .\
       DSP2802x_GlobalVariableDefs.obj   0      0                  997               
       DSP2802x_SysCtrl.obj              304    0                  0                 
       DSP2802x_PieVect.obj              38     256                0                 
       DSP2802x_DefaultIsr.obj           255    0                  0                 
       DSP2802x_CpuTimers.obj            114    0                  24                
       Example_2802xCpuTimer.obj         129    0                  0                 
       DSP2802x_PieCtrl.obj              40     0                  0                 
       DSP2802x_CodeStartBranch.obj      10     0                  0                 
       DSP2802x_usDelay.obj              4      0                  0                 
    +--+---------------------------------+------+------------------+--------------------+
       Total:                            894    256                1021              
                                                                                     
    C:/ti/ccsv7/tools/compiler/ti-cgt-c2000_16.9.1.LTS/lib/rts2800_ml.lib
       fs_mpy28.obj                      90     0                  0                 
       boot28.obj                        84     0                  0                 
       exit.obj                          41     14                 6                 
       fs_tol28.obj                      41     0                  0                 
       cpy_tbl.obj                       36     0                  0                 
       memcpy.obj                        29     0                  0                 
       args_main.obj                     25     0                  0                 
       _lock.obj                         9      10                 4                 
       pre_init.obj                      2      0                  0                 
       startup.obj                       1      0                  0                 
    +--+---------------------------------+------+------------------+--------------------+
       Total:                            358    24                 10                
                                                                                     
       Stack:                            0      0                  512               
    +--+---------------------------------+------+------------------+--------------------+
       Grand Total:                      1252   280                1543              


GLOBAL DATA SYMBOLS: SORTED BY DATA PAGE

address     data page           name
--------    ----------------    ----
00000050       1 (00000040)     __stack

00000880      22 (00000880)     _DevEmuRegs

00000985      26 (00000980)     _SysPwrCtrlRegs

00000a80      2a (00000a80)     _FlashRegs

00000ae0      2b (00000ac0)     _CsmRegs

00000b00      2c (00000b00)     _AdcResult

00000c00      30 (00000c00)     _CpuTimer0Regs
00000c08      30 (00000c00)     _CpuTimer1Regs
00000c10      30 (00000c00)     _CpuTimer2Regs

00000ce0      33 (00000cc0)     _PieCtrlRegs

00000d00      34 (00000d00)     _EmuKey
00000d00      34 (00000d00)     _PieVectTable
00000d01      34 (00000d00)     _EmuBMode
00000d02      34 (00000d00)     _Flash_CallbackPtr
00000d04      34 (00000d00)     _Flash_CPUScaleFactor

00006400     190 (00006400)     _Comp1Regs
00006420     190 (00006400)     _Comp2Regs

00006800     1a0 (00006800)     _EPwm1Regs

00006840     1a1 (00006840)     _EPwm2Regs

00006880     1a2 (00006880)     _EPwm3Regs

000068c0     1a3 (000068c0)     _EPwm4Regs

00006a00     1a8 (00006a00)     _ECap1Regs

00006f80     1be (00006f80)     _GpioCtrlRegs

00006fc0     1bf (00006fc0)     _GpioDataRegs
00006fe0     1bf (00006fc0)     _GpioIntRegs

00007010     1c0 (00007000)     _SysCtrlRegs

00007040     1c1 (00007040)     _SpiaRegs
00007050     1c1 (00007040)     _SciaRegs
00007060     1c1 (00007040)     _NmiIntruptRegs
00007070     1c1 (00007040)     _XIntruptRegs

00007100     1c4 (00007100)     _AdcRegs

00007900     1e4 (00007900)     _I2caRegs

00008800     220 (00008800)     _CpuTimer1
00008808     220 (00008800)     _CpuTimer2
00008810     220 (00008800)     _CpuTimer0
00008818     220 (00008800)     ___TI_enable_exit_profile_output
0000881a     220 (00008800)     ___TI_cleanup_ptr
0000881c     220 (00008800)     ___TI_dtors_ptr
0000881e     220 (00008800)     __lock
00008820     220 (00008800)     __unlock

003d7fff    f5ff (003d7fc0)     _PartIdRegs

003f64de    fd93 (003f64c0)     _PieVectTableInit

003f7ff8    fdff (003f7fc0)     _CsmPwl


GLOBAL SYMBOLS: SORTED ALPHABETICALLY BY Name 

page  address   name                            
----  -------   ----                            
0     003f6000  .text                           
0     003f63ab  C$$EXIT                         
0     003f62fd  FS$$MPY                         
0     003f63d4  FS$$TOL                         
0     003f618f  _ADCINT1_ISR                    
0     003f6194  _ADCINT2_ISR                    
0     003f61fd  _ADCINT3_ISR                    
0     003f6202  _ADCINT4_ISR                    
0     003f6207  _ADCINT5_ISR                    
0     003f620c  _ADCINT6_ISR                    
0     003f6211  _ADCINT7_ISR                    
0     003f6216  _ADCINT8_ISR                    
0     003f61a3  _ADCINT9_ISR                    
1     00007100  _AdcRegs                        
1     00000b00  _AdcResult                      
1     00006400  _Comp1Regs                      
1     00006420  _Comp2Regs                      
0     003f6270  _ConfigCpuTimer                 
1     00008810  _CpuTimer0                      
1     00000c00  _CpuTimer0Regs                  
1     00008800  _CpuTimer1                      
1     00000c08  _CpuTimer1Regs                  
1     00008808  _CpuTimer2                      
1     00000c10  _CpuTimer2Regs                  
1     003f7ff8  _CsmPwl                         
1     00000ae0  _CsmRegs                        
0     003f60b3  _CsmUnlock                      
0     003f613a  _DATALOG_ISR                    
0     00008000  _DSP28x_usDelay                 
1     00000880  _DevEmuRegs                     
0     003f6024  _DisableDog                     
0     003f61da  _ECAP1_INT_ISR                  
1     00006a00  _ECap1Regs                      
0     003f6220  _EMPTY_ISR                      
0     003f6144  _EMUINT_ISR                     
0     003f61c6  _EPWM1_INT_ISR                  
0     003f61b2  _EPWM1_TZINT_ISR                
0     003f61cb  _EPWM2_INT_ISR                  
0     003f61b7  _EPWM2_TZINT_ISR                
0     003f61d0  _EPWM3_INT_ISR                  
0     003f61bc  _EPWM3_TZINT_ISR                
0     003f61d5  _EPWM4_INT_ISR                  
0     003f61c1  _EPWM4_TZINT_ISR                
1     00006800  _EPwm1Regs                      
1     00006840  _EPwm2Regs                      
1     00006880  _EPwm3Regs                      
1     000068c0  _EPwm4Regs                      
1     00000d01  _EmuBMode                       
1     00000d00  _EmuKey                         
0     003f641c  _EnableInterrupts               
0     003f611a  _ExtOscSel                      
1     00000a80  _FlashRegs                      
1     00000d04  _Flash_CPUScaleFactor           
1     00000d02  _Flash_CallbackPtr              
1     00006f80  _GpioCtrlRegs                   
1     00006fc0  _GpioDataRegs                   
1     00006fe0  _GpioIntRegs                    
0     003f61e9  _I2CINT1A_ISR                   
0     003f61ee  _I2CINT2A_ISR                   
1     00007900  _I2caRegs                       
0     003f614e  _ILLEGAL_ISR                    
0     003f6130  _INT13_ISR                      
0     003f6135  _INT14_ISR                      
0     003f622f  _InitCpuTimers                  
0     003f6081  _InitPeripheralClocks           
0     003f63fd  _InitPieCtrl                    
0     003f6425  _InitPieVectTable               
0     003f602c  _InitPll                        
0     003f6000  _InitSysCtrl                    
0     003f60e4  _IntOsc1Sel                     
0     003f60f4  _IntOsc2Sel                     
0     003f6149  _NMI_ISR                        
1     00007060  _NmiIntruptRegs                 
0     003f6225  _PIE_RESERVED                   
1     003d7fff  _PartIdRegs                     
1     00000ce0  _PieCtrlRegs                    
1     00000d00  _PieVectTable                   
0     003f64de  _PieVectTableInit               
0     003f613f  _RTOSINT_ISR                    
0     00008000  _RamfuncsLoadEnd                
0     00008000  _RamfuncsLoadStart              
0     00008000  _RamfuncsRunStart               
0     003f61f3  _SCIRXINTA_ISR                  
0     003f61f8  _SCITXINTA_ISR                  
0     003f61df  _SPIRXINTA_ISR                  
0     003f61e4  _SPITXINTA_ISR                  
1     00007050  _SciaRegs                       
0     003f601a  _ServiceDog                     
1     00007040  _SpiaRegs                       
1     00007010  _SysCtrlRegs                    
1     00000985  _SysPwrCtrlRegs                 
0     003f61a8  _TINT0_ISR                      
0     003f6180  _USER10_ISR                     
0     003f6185  _USER11_ISR                     
0     003f618a  _USER12_ISR                     
0     003f6153  _USER1_ISR                      
0     003f6158  _USER2_ISR                      
0     003f615d  _USER3_ISR                      
0     003f6162  _USER4_ISR                      
0     003f6167  _USER5_ISR                      
0     003f616c  _USER6_ISR                      
0     003f6171  _USER7_ISR                      
0     003f6176  _USER8_ISR                      
0     003f617b  _USER9_ISR                      
0     003f61ad  _WAKEINT_ISR                    
0     003f6199  _XINT1_ISR                      
0     003f619e  _XINT2_ISR                      
0     003f621b  _XINT3_ISR                      
1     00007070  _XIntruptRegs                   
0     003f6106  _XtalOscSel                     
1     00000250  __STACK_END                     
abs   00000200  __STACK_SIZE                    
1     0000881a  ___TI_cleanup_ptr               
1     0000881c  ___TI_dtors_ptr                 
1     00008818  ___TI_enable_exit_profile_output
abs   ffffffff  ___TI_pprof_out_hndl            
abs   ffffffff  ___TI_prof_data_size            
abs   ffffffff  ___TI_prof_data_start           
abs   ffffffff  ___binit__                      
abs   ffffffff  ___c_args__                     
0     003f65de  ___cinit__                      
0     003f64de  ___etext__                      
abs   ffffffff  ___pinit__                      
0     003f6000  ___text__                       
0     003f64b1  __args_main                     
1     0000881e  __lock                          
0     003f64d2  __nop                           
0     003f64ce  __register_lock                 
0     003f64ca  __register_unlock               
1     00000050  __stack                         
0     003f64dd  __system_post_cinit             
0     003f64db  __system_pre_init               
1     00008820  __unlock                        
0     003f63ab  _abort                          
0     003f6357  _c_int00                        
0     003f6470  _copy_in                        
0     003f644b  _cpu_timer0_isr                 
0     003f6459  _cpu_timer1_isr                 
0     003f6464  _cpu_timer2_isr                 
0     003f63ad  _exit                           
0     003f62a1  _main                           
0     003f6494  _memcpy                         
0     003f622a  _rsvd_ISR                       
abs   ffffffff  binit                           
0     003f65de  cinit                           
0     003f7ff6  code_start                      
0     003f64de  etext                           
abs   ffffffff  pinit                           


GLOBAL SYMBOLS: SORTED BY Symbol Address 

page  address   name                            
----  -------   ----                            
0     00008000  _DSP28x_usDelay                 
0     00008000  _RamfuncsLoadEnd                
0     00008000  _RamfuncsLoadStart              
0     00008000  _RamfuncsRunStart               
0     003f6000  .text                           
0     003f6000  _InitSysCtrl                    
0     003f6000  ___text__                       
0     003f601a  _ServiceDog                     
0     003f6024  _DisableDog                     
0     003f602c  _InitPll                        
0     003f6081  _InitPeripheralClocks           
0     003f60b3  _CsmUnlock                      
0     003f60e4  _IntOsc1Sel                     
0     003f60f4  _IntOsc2Sel                     
0     003f6106  _XtalOscSel                     
0     003f611a  _ExtOscSel                      
0     003f6130  _INT13_ISR                      
0     003f6135  _INT14_ISR                      
0     003f613a  _DATALOG_ISR                    
0     003f613f  _RTOSINT_ISR                    
0     003f6144  _EMUINT_ISR                     
0     003f6149  _NMI_ISR                        
0     003f614e  _ILLEGAL_ISR                    
0     003f6153  _USER1_ISR                      
0     003f6158  _USER2_ISR                      
0     003f615d  _USER3_ISR                      
0     003f6162  _USER4_ISR                      
0     003f6167  _USER5_ISR                      
0     003f616c  _USER6_ISR                      
0     003f6171  _USER7_ISR                      
0     003f6176  _USER8_ISR                      
0     003f617b  _USER9_ISR                      
0     003f6180  _USER10_ISR                     
0     003f6185  _USER11_ISR                     
0     003f618a  _USER12_ISR                     
0     003f618f  _ADCINT1_ISR                    
0     003f6194  _ADCINT2_ISR                    
0     003f6199  _XINT1_ISR                      
0     003f619e  _XINT2_ISR                      
0     003f61a3  _ADCINT9_ISR                    
0     003f61a8  _TINT0_ISR                      
0     003f61ad  _WAKEINT_ISR                    
0     003f61b2  _EPWM1_TZINT_ISR                
0     003f61b7  _EPWM2_TZINT_ISR                
0     003f61bc  _EPWM3_TZINT_ISR                
0     003f61c1  _EPWM4_TZINT_ISR                
0     003f61c6  _EPWM1_INT_ISR                  
0     003f61cb  _EPWM2_INT_ISR                  
0     003f61d0  _EPWM3_INT_ISR                  
0     003f61d5  _EPWM4_INT_ISR                  
0     003f61da  _ECAP1_INT_ISR                  
0     003f61df  _SPIRXINTA_ISR                  
0     003f61e4  _SPITXINTA_ISR                  
0     003f61e9  _I2CINT1A_ISR                   
0     003f61ee  _I2CINT2A_ISR                   
0     003f61f3  _SCIRXINTA_ISR                  
0     003f61f8  _SCITXINTA_ISR                  
0     003f61fd  _ADCINT3_ISR                    
0     003f6202  _ADCINT4_ISR                    
0     003f6207  _ADCINT5_ISR                    
0     003f620c  _ADCINT6_ISR                    
0     003f6211  _ADCINT7_ISR                    
0     003f6216  _ADCINT8_ISR                    
0     003f621b  _XINT3_ISR                      
0     003f6220  _EMPTY_ISR                      
0     003f6225  _PIE_RESERVED                   
0     003f622a  _rsvd_ISR                       
0     003f622f  _InitCpuTimers                  
0     003f6270  _ConfigCpuTimer                 
0     003f62a1  _main                           
0     003f62fd  FS$$MPY                         
0     003f6357  _c_int00                        
0     003f63ab  C$$EXIT                         
0     003f63ab  _abort                          
0     003f63ad  _exit                           
0     003f63d4  FS$$TOL                         
0     003f63fd  _InitPieCtrl                    
0     003f641c  _EnableInterrupts               
0     003f6425  _InitPieVectTable               
0     003f644b  _cpu_timer0_isr                 
0     003f6459  _cpu_timer1_isr                 
0     003f6464  _cpu_timer2_isr                 
0     003f6470  _copy_in                        
0     003f6494  _memcpy                         
0     003f64b1  __args_main                     
0     003f64ca  __register_unlock               
0     003f64ce  __register_lock                 
0     003f64d2  __nop                           
0     003f64db  __system_pre_init               
0     003f64dd  __system_post_cinit             
0     003f64de  _PieVectTableInit               
0     003f64de  ___etext__                      
0     003f64de  etext                           
0     003f65de  ___cinit__                      
0     003f65de  cinit                           
0     003f7ff6  code_start                      
1     00000050  __stack                         
1     00000250  __STACK_END                     
1     00000880  _DevEmuRegs                     
1     00000985  _SysPwrCtrlRegs                 
1     00000a80  _FlashRegs                      
1     00000ae0  _CsmRegs                        
1     00000b00  _AdcResult                      
1     00000c00  _CpuTimer0Regs                  
1     00000c08  _CpuTimer1Regs                  
1     00000c10  _CpuTimer2Regs                  
1     00000ce0  _PieCtrlRegs                    
1     00000d00  _EmuKey                         
1     00000d00  _PieVectTable                   
1     00000d01  _EmuBMode                       
1     00000d02  _Flash_CallbackPtr              
1     00000d04  _Flash_CPUScaleFactor           
1     00006400  _Comp1Regs                      
1     00006420  _Comp2Regs                      
1     00006800  _EPwm1Regs                      
1     00006840  _EPwm2Regs                      
1     00006880  _EPwm3Regs                      
1     000068c0  _EPwm4Regs                      
1     00006a00  _ECap1Regs                      
1     00006f80  _GpioCtrlRegs                   
1     00006fc0  _GpioDataRegs                   
1     00006fe0  _GpioIntRegs                    
1     00007010  _SysCtrlRegs                    
1     00007040  _SpiaRegs                       
1     00007050  _SciaRegs                       
1     00007060  _NmiIntruptRegs                 
1     00007070  _XIntruptRegs                   
1     00007100  _AdcRegs                        
1     00007900  _I2caRegs                       
1     00008800  _CpuTimer1                      
1     00008808  _CpuTimer2                      
1     00008810  _CpuTimer0                      
1     00008818  ___TI_enable_exit_profile_output
1     0000881a  ___TI_cleanup_ptr               
1     0000881c  ___TI_dtors_ptr                 
1     0000881e  __lock                          
1     00008820  __unlock                        
1     003d7fff  _PartIdRegs                     
1     003f7ff8  _CsmPwl                         
abs   00000200  __STACK_SIZE                    
abs   ffffffff  ___TI_pprof_out_hndl            
abs   ffffffff  ___TI_prof_data_size            
abs   ffffffff  ___TI_prof_data_start           
abs   ffffffff  ___binit__                      
abs   ffffffff  ___c_args__                     
abs   ffffffff  ___pinit__                      
abs   ffffffff  binit                           
abs   ffffffff  pinit                           

[148 symbols]
